Archive member included to satisfy reference by file (symbol)

/usr/lib/gcc/arm-none-eabi/7.1.0/thumb/v7-m/libgcc.a(_arm_addsubdf3.o)
                              ./src/PanelDue.o (__aeabi_dsub)
/usr/lib/gcc/arm-none-eabi/7.1.0/thumb/v7-m/libgcc.a(_arm_muldivdf3.o)
                              ./src/PanelDue.o (__aeabi_dmul)
/usr/lib/gcc/arm-none-eabi/7.1.0/thumb/v7-m/libgcc.a(_arm_fixdfsi.o)
                              ./src/PanelDue.o (__aeabi_d2iz)
/usr/lib/gcc/arm-none-eabi/7.1.0/thumb/v7-m/libgcc.a(_arm_fixunsdfsi.o)
                              ./src/PanelDue.o (__aeabi_d2uiz)
/usr/lib/gcc/arm-none-eabi/7.1.0/thumb/v7-m/libgcc.a(_arm_truncdfsf2.o)
                              ./src/Print.o (__aeabi_d2f)
/usr/lib/gcc/arm-none-eabi/7.1.0/thumb/v7-m/libgcc.a(_arm_addsubsf3.o)
                              ./src/Print.o (__aeabi_fsub)
/usr/lib/gcc/arm-none-eabi/7.1.0/thumb/v7-m/libgcc.a(_arm_muldivsf3.o)
                              ./src/Print.o (__aeabi_fmul)
/usr/lib/gcc/arm-none-eabi/7.1.0/thumb/v7-m/libgcc.a(_arm_cmpsf2.o)
                              ./src/PanelDue.o (__aeabi_fcmplt)
/usr/lib/gcc/arm-none-eabi/7.1.0/thumb/v7-m/libgcc.a(_arm_unordsf2.o)
                              ./src/Print.o (__aeabi_fcmpun)
/usr/lib/gcc/arm-none-eabi/7.1.0/thumb/v7-m/libgcc.a(_arm_fixsfsi.o)
                              ./src/PanelDue.o (__aeabi_f2iz)
/usr/lib/gcc/arm-none-eabi/7.1.0/thumb/v7-m/libgcc.a(_arm_fixunssfsi.o)
                              ./src/Print.o (__aeabi_f2uiz)
/usr/lib/gcc/arm-none-eabi/7.1.0/../../../../arm-none-eabi/lib/thumb/v7-m/libc_nano.a(lib_a-atexit.o)
                              /usr/lib/gcc/arm-none-eabi/7.1.0/../../../../arm-none-eabi/lib/thumb/v7-m/crt0.o (atexit)
/usr/lib/gcc/arm-none-eabi/7.1.0/../../../../arm-none-eabi/lib/thumb/v7-m/libc_nano.a(lib_a-exit.o)
                              /usr/lib/gcc/arm-none-eabi/7.1.0/../../../../arm-none-eabi/lib/thumb/v7-m/crt0.o (exit)
/usr/lib/gcc/arm-none-eabi/7.1.0/../../../../arm-none-eabi/lib/thumb/v7-m/libc_nano.a(lib_a-fini.o)
                              /usr/lib/gcc/arm-none-eabi/7.1.0/../../../../arm-none-eabi/lib/thumb/v7-m/crt0.o (__libc_fini_array)
/usr/lib/gcc/arm-none-eabi/7.1.0/../../../../arm-none-eabi/lib/thumb/v7-m/libc_nano.a(lib_a-impure.o)
                              /usr/lib/gcc/arm-none-eabi/7.1.0/../../../../arm-none-eabi/lib/thumb/v7-m/libc_nano.a(lib_a-exit.o) (_global_impure_ptr)
/usr/lib/gcc/arm-none-eabi/7.1.0/../../../../arm-none-eabi/lib/thumb/v7-m/libc_nano.a(lib_a-init.o)
                              /usr/lib/gcc/arm-none-eabi/7.1.0/../../../../arm-none-eabi/lib/thumb/v7-m/crt0.o (__libc_init_array)
/usr/lib/gcc/arm-none-eabi/7.1.0/../../../../arm-none-eabi/lib/thumb/v7-m/libc_nano.a(lib_a-memcmp.o)
                              ./src/UserInterface.o (memcmp)
/usr/lib/gcc/arm-none-eabi/7.1.0/../../../../arm-none-eabi/lib/thumb/v7-m/libc_nano.a(lib_a-memcpy-stub.o)
                              ./src/Hardware/FlashStorage.o (memcpy)
/usr/lib/gcc/arm-none-eabi/7.1.0/../../../../arm-none-eabi/lib/thumb/v7-m/libc_nano.a(lib_a-memset.o)
                              /usr/lib/gcc/arm-none-eabi/7.1.0/../../../../arm-none-eabi/lib/thumb/v7-m/crt0.o (memset)
/usr/lib/gcc/arm-none-eabi/7.1.0/../../../../arm-none-eabi/lib/thumb/v7-m/libc_nano.a(lib_a-printf.o)
                              ./src/ASF/sam/utils/syscalls/gcc/syscalls.o (printf)
/usr/lib/gcc/arm-none-eabi/7.1.0/../../../../arm-none-eabi/lib/thumb/v7-m/libc_nano.a(lib_a-snprintf.o)
                              ./src/MessageLog.o (snprintf)
/usr/lib/gcc/arm-none-eabi/7.1.0/../../../../arm-none-eabi/lib/thumb/v7-m/libc_nano.a(lib_a-strcasecmp.o)
                              ./src/FileManager.o (strcasecmp)
/usr/lib/gcc/arm-none-eabi/7.1.0/../../../../arm-none-eabi/lib/thumb/v7-m/libc_nano.a(lib_a-strchr.o)
                              ./src/PanelDue.o (strchr)
/usr/lib/gcc/arm-none-eabi/7.1.0/../../../../arm-none-eabi/lib/thumb/v7-m/libc_nano.a(lib_a-strcmp.o)
                              ./src/PanelDue.o (strcmp)
/usr/lib/gcc/arm-none-eabi/7.1.0/../../../../arm-none-eabi/lib/thumb/v7-m/libc_nano.a(lib_a-strlen.o)
                              ./src/Display.o (strlen)
/usr/lib/gcc/arm-none-eabi/7.1.0/../../../../arm-none-eabi/lib/thumb/v7-m/libc_nano.a(lib_a-strncmp.o)
                              ./src/UserInterface.o (strncmp)
/usr/lib/gcc/arm-none-eabi/7.1.0/../../../../arm-none-eabi/lib/thumb/v7-m/libc_nano.a(lib_a-strtod.o)
                              ./src/PanelDue.o (strtof)
/usr/lib/gcc/arm-none-eabi/7.1.0/../../../../arm-none-eabi/lib/thumb/v7-m/libc_nano.a(lib_a-strtol.o)
                              ./src/PanelDue.o (strtol)
/usr/lib/gcc/arm-none-eabi/7.1.0/../../../../arm-none-eabi/lib/thumb/v7-m/libc_nano.a(lib_a-strtoul.o)
                              ./src/PanelDue.o (strtoul)
/usr/lib/gcc/arm-none-eabi/7.1.0/../../../../arm-none-eabi/lib/thumb/v7-m/libc_nano.a(lib_a-vsnprintf.o)
[...]
Memory Configuration

Name             Origin             Length             Attributes
rom              0x0000000000400000 0x0000000000020000 xr
ram              0x0000000020000000 0x0000000000008000 xrw
*default*        0x0000000000000000 0xffffffffffffffff

Linker script and memory map

LOAD /usr/lib/gcc/arm-none-eabi/7.1.0/thumb/v7-m/crti.o
LOAD /usr/lib/gcc/arm-none-eabi/7.1.0/thumb/v7-m/crtbegin.o
LOAD /usr/lib/gcc/arm-none-eabi/7.1.0/../../../../arm-none-eabi/lib/thumb/v7-m/crt0.o
                0x0000000000001000                __stack_size__ = 0x1000
LOAD ./src/Library/Misc.o
LOAD ./src/Icons/HomeIcons.o
LOAD ./src/Icons/KeyIcons.o
LOAD ./src/Icons/MiscIcons.o
LOAD ./src/Icons/NozzleIcons.o
LOAD ./src/Hardware/Buzzer.o
LOAD ./src/Hardware/FlashStorage.o
LOAD ./src/Hardware/Mem.o
LOAD ./src/Hardware/OneBitPort.o
LOAD ./src/Hardware/SerialIo.o
LOAD ./src/Hardware/SysTick.o
LOAD ./src/Hardware/UTFT.o
LOAD ./src/Hardware/UTouch.o
LOAD ./src/Fonts/glcd19x20.o
LOAD ./src/Fonts/glcd19x21.o
LOAD ./src/Fonts/glcd20x30.o
LOAD ./src/Fonts/glcd22x32.o
LOAD ./src/Fonts/glcd28x32.o
LOAD ./src/ASF/sam/utils/syscalls/gcc/syscalls.o
LOAD ./src/ASF/sam/utils/cmsis/sam3s/source/templates/gcc/startup_sam3s.o
LOAD ./src/ASF/sam/utils/cmsis/sam3s/source/templates/exceptions.o
LOAD ./src/ASF/sam/utils/cmsis/sam3s/source/templates/system_sam3s.o
LOAD ./src/ASF/sam/services/flash_efc/flash_efc.o
LOAD ./src/ASF/sam/drivers/wdt/wdt.o
LOAD ./src/ASF/sam/drivers/uart/uart.o
LOAD ./src/ASF/sam/drivers/rstc/rstc.o
LOAD ./src/ASF/sam/drivers/pwm/pwm.o
LOAD ./src/ASF/sam/drivers/pmc/pmc.o
LOAD ./src/ASF/sam/drivers/pio/pio.o
LOAD ./src/ASF/sam/drivers/pio/pio_handler.o
LOAD ./src/ASF/sam/drivers/matrix/matrix.o
LOAD ./src/ASF/sam/drivers/efc/efc.o
LOAD ./src/ASF/common/utils/interrupt/interrupt_sam_nvic.o
LOAD ./src/ASF/common/services/delay/sam/cycle_counter.o
LOAD ./src/ASF/common/services/clock/sam3s/sysclk.o
LOAD ./src/ASF/common/boards/user_board/init.o
LOAD ./src/ColourSchemes.o
LOAD ./src/Display.o
LOAD ./src/FileManager.o
LOAD ./src/MessageLog.o
LOAD ./src/PanelDue.o
LOAD ./src/Print.o
LOAD ./src/RequestTimer.o
LOAD ./src/UserInterface.o
LOAD /usr/lib/gcc/arm-none-eabi/7.1.0/../../../../arm-none-eabi/lib/thumb/v7-m/libstdc++_nano.a
LOAD /usr/lib/gcc/arm-none-eabi/7.1.0/../../../../arm-none-eabi/lib/thumb/v7-m/libm.a
START GROUP
LOAD /usr/lib/gcc/arm-none-eabi/7.1.0/thumb/v7-m/libgcc.a
LOAD /usr/lib/gcc/arm-none-eabi/7.1.0/../../../../arm-none-eabi/lib/thumb/v7-m/libc_nano.a
END GROUP
START GROUP
LOAD /usr/lib/gcc/arm-none-eabi/7.1.0/thumb/v7-m/libgcc.a
LOAD /usr/lib/gcc/arm-none-eabi/7.1.0/../../../../arm-none-eabi/lib/thumb/v7-m/libc_nano.a
END GROUP
LOAD /usr/lib/gcc/arm-none-eabi/7.1.0/thumb/v7-m/crtend.o
LOAD /usr/lib/gcc/arm-none-eabi/7.1.0/thumb/v7-m/crtn.o
                0x0000000000002000                __stack_size__ = DEFINED (__stack_size__)?__stack_size__:0x2000
                0x0000000020007ffc                __ram_end__ = ((ORIGIN (ram) + LENGTH (ram)) - 0x4)
                0x0000000000400000                __flash_start__ = ORIGIN (rom)
                0x0000000000420000                __flash_end__ = (ORIGIN (rom) + LENGTH (rom))

.text           0x0000000000400000    0x1cfc4
                0x0000000000400000                . = ALIGN (0x4)
                0x0000000000400000                _sfixed = .
 *(.vectors .vectors.*)
 .vectors       0x0000000000400000       0xd0 ./src/ASF/sam/utils/cmsis/sam3s/source/templates/gcc/startup_sam3s.o
                0x0000000000400000                exception_table
 *(.text .text.* .gnu.linkonce.t.*)
 .text          0x00000000004000d0       0x88 /usr/lib/gcc/arm-none-eabi/7.1.0/thumb/v7-m/crtbegin.o
 .text._Z11safeStrncpyPcPKcj
                0x0000000000400158       0x1e ./src/Library/Misc.o
                0x0000000000400158                safeStrncpy(char*, char const*, unsigned int)
 .text._Z16stringStartsWithPKcS0_
                0x0000000000400176       0x18 ./src/Library/Misc.o
                0x0000000000400176                stringStartsWith(char const*, char const*)
 .text._Z23SkipDigitsAndUnderscorePKc
                0x000000000040018e       0x24 ./src/Library/Misc.o
                0x000000000040018e                SkipDigitsAndUnderscore(char const*)
 *fill*         0x00000000004001b2        0x2 
 .text._ZN6Buzzer4InitEv
                0x00000000004001b4       0x74 ./src/Hardware/Buzzer.o
                0x00000000004001b4                Buzzer::Init()
 .text._ZN6Buzzer4BeepEmmm
                0x0000000000400228       0xc0 ./src/Hardware/Buzzer.o
                0x0000000000400228                Buzzer::Beep(unsigned long, unsigned long, unsigned long)
 .text._ZN6Buzzer4TickEv
                0x00000000004002e8       0x4c ./src/Hardware/Buzzer.o
                0x00000000004002e8                Buzzer::Tick()
 .text._ZN6Buzzer5NoisyEv
                0x0000000000400334       0x10 ./src/Hardware/Buzzer.o
                0x0000000000400334                Buzzer::Noisy()
 .text._ZN6Buzzer12SetBacklightEm
                0x0000000000400344       0x48 ./src/Hardware/Buzzer.o
                0x0000000000400344                Buzzer::SetBacklight(unsigned long)
 .text._ZN12FlashStorage4readEmPvm
                0x000000000040038c       0x14 ./src/Hardware/FlashStorage.o
                0x000000000040038c                FlashStorage::read(unsigned long, void*, unsigned long)
 .text._ZN12FlashStorage5writeEmPKvm
                0x00000000004003a0       0xe8 ./src/Hardware/FlashStorage.o
                0x00000000004003a0                FlashStorage::write(unsigned long, void const*, unsigned long)
 .text._Znwj    0x0000000000400488       0x1c ./src/Hardware/Mem.o
                0x0000000000400488                operator new(unsigned int)
 .text._Z13getFreeMemoryv
                0x00000000004004a4       0x20 ./src/Hardware/Mem.o
                0x00000000004004a4                getFreeMemory()
 .text._ZN10OneBitPortC2Ej
                0x00000000004004c4       0x24 ./src/Hardware/OneBitPort.o
                0x00000000004004c4                OneBitPort::OneBitPort(unsigned int)
                0x00000000004004c4                OneBitPort::OneBitPort(unsigned int)
 .text._ZN10OneBitPort7setModeENS_8PortModeE
                0x00000000004004e8       0x24 ./src/Hardware/OneBitPort.o
                0x00000000004004e8                OneBitPort::setMode(OneBitPort::PortMode)
 .text._ZN10OneBitPort5delayEh
                0x000000000040050c        0xc ./src/Hardware/OneBitPort.o
                0x000000000040050c                OneBitPort::delay(unsigned char)
 .text._ZN8SerialIoL7InArrayEv
                0x0000000000400518       0x1c ./src/Hardware/SerialIo.o
 .text._ZN8SerialIoL16RemoveLastIdCharEv
                0x0000000000400534       0x14 ./src/Hardware/SerialIo.o
 .text._ZN8SerialIoL12ProcessFieldEv
                0x0000000000400548       0x28 ./src/Hardware/SerialIo.o
 .text._ZN8SerialIoL8EndArrayEv
                0x0000000000400570       0x34 ./src/Hardware/SerialIo.o
 .text._ZN8SerialIoL12RemoveLastIdEv
                0x00000000004005a4       0x30 ./src/Hardware/SerialIo.o
 .text._ZN8SerialIo4InitEm
                0x00000000004005d4       0x70 ./src/Hardware/SerialIo.o
                0x00000000004005d4                SerialIo::Init(unsigned long)
 .text._ZN8SerialIo11RawSendCharEc
                0x0000000000400644       0x1c ./src/Hardware/SerialIo.o
                0x0000000000400644                SerialIo::RawSendChar(char)
 .text._ZN8SerialIo19SendCharAndChecksumEc
                0x0000000000400660       0x24 ./src/Hardware/SerialIo.o
                0x0000000000400660                SerialIo::SendCharAndChecksum(char)
 .text._ZN8SerialIo7SendIntEi
                0x0000000000400684       0x38 ./src/Hardware/SerialIo.o
                0x0000000000400684                SerialIo::SendInt(int)
 .text._ZN8SerialIo8SendCharEc
                0x00000000004006bc       0x94 ./src/Hardware/SerialIo.o
                0x00000000004006bc                SerialIo::SendChar(char)
 .text._ZN8SerialIo10SendStringEPKc
                0x0000000000400750       0x18 ./src/Hardware/SerialIo.o
                0x0000000000400750                SerialIo::SendString(char const*)
 .text._ZN8SerialIo12SendFilenameEPKcS1_
                0x0000000000400768       0x54 ./src/Hardware/SerialIo.o
                0x0000000000400768                SerialIo::SendFilename(char const*, char const*)
 .text._ZN8SerialIo11receiveCharEc
                0x00000000004007bc       0x44 ./src/Hardware/SerialIo.o
                0x00000000004007bc                SerialIo::receiveChar(char)
 .text.UART1_Handler
                0x0000000000400800       0x34 ./src/Hardware/SerialIo.o
                0x0000000000400800                UART1_Handler
 .text._ZN6StringILj50EE3addEc
                0x0000000000400834       0x26 ./src/Hardware/SerialIo.o
                0x0000000000400834                String<50u>::add(char)
 .text._ZN6StringILj160EE3addEc
                0x000000000040085a       0x30 ./src/Hardware/SerialIo.o
                0x000000000040085a                String<160u>::add(char)
 *fill*         0x000000000040088a        0x2 
 .text._ZN8SerialIo10CheckInputEv
                0x000000000040088c      0x4e4 ./src/Hardware/SerialIo.o
                0x000000000040088c                SerialIo::CheckInput()
 .text.startup._GLOBAL__sub_I__ZN8SerialIo4InitEm
                0x0000000000400d70       0x1c ./src/Hardware/SerialIo.o
 .text._ZN10SystemTick12GetTickCountEv
                0x0000000000400d8c        0xc ./src/Hardware/SysTick.o
                0x0000000000400d8c                SystemTick::GetTickCount()
 .text.SysTick_Handler
                0x0000000000400d98       0x28 ./src/Hardware/SysTick.o
                0x0000000000400d98                SysTick_Handler
 .text._ZNK10OneBitPort8pulseLowEv
                0x0000000000400dc0       0x1c ./src/Hardware/UTFT.o
                0x0000000000400dc0                OneBitPort::pulseLow() const
 .text._ZN4UTFT15LCD_Write_AgainEm
                0x0000000000400ddc       0x1c ./src/Hardware/UTFT.o
                0x0000000000400ddc                UTFT::LCD_Write_Again(unsigned long)
 .text._ZN4UTFTC2E11DisplayTypejjjjj
                0x0000000000400df8      0x114 ./src/Hardware/UTFT.o
                0x0000000000400df8                UTFT::UTFT(DisplayType, unsigned int, unsigned int, unsigned int, unsigned int, unsigned int)
                0x0000000000400df8                UTFT::UTFT(DisplayType, unsigned int, unsigned int, unsigned int, unsigned int, unsigned int)
 .text._ZN4UTFT13LCD_Write_COMEh
                0x0000000000400f0c       0x1c ./src/Hardware/UTFT.o
                0x0000000000400f0c                UTFT::LCD_Write_COM(unsigned char)
 .text._ZN4UTFT16LCD_Write_DATA16Et
                0x0000000000400f28       0x1c ./src/Hardware/UTFT.o
                0x0000000000400f28                UTFT::LCD_Write_DATA16(unsigned short)
 .text._ZN4UTFT25LCD_Write_Repeated_DATA16Etm
                0x0000000000400f44       0x30 ./src/Hardware/UTFT.o
                0x0000000000400f44                UTFT::LCD_Write_Repeated_DATA16(unsigned short, unsigned long)
 .text._ZN4UTFT15LCD_Write_DATA8Eh
                0x0000000000400f74       0x1c ./src/Hardware/UTFT.o
                0x0000000000400f74                UTFT::LCD_Write_DATA8(unsigned char)
 .text._ZN4UTFT20LCD_Write_COM_DATA16Eht
                0x0000000000400f90       0x1c ./src/Hardware/UTFT.o
                0x0000000000400f90                UTFT::LCD_Write_COM_DATA16(unsigned char, unsigned short)
 .text._ZN4UTFT5setXYEtttt
                0x0000000000400fac      0x108 ./src/Hardware/UTFT.o
                0x0000000000400fac                UTFT::setXY(unsigned short, unsigned short, unsigned short, unsigned short)
 .text._ZN4UTFT7InitLCDE18DisplayOrientationbb
                0x00000000004010b4      0x380 ./src/Hardware/UTFT.o
                0x00000000004010b4                UTFT::InitLCD(DisplayOrientation, bool, bool)
 .text._ZN4UTFT10fillCircleEiii
                0x0000000000401434      0x168 ./src/Hardware/UTFT.o
                0x0000000000401434                UTFT::fillCircle(int, int, int)
 .text._ZN4UTFT9drawPixelEii
                0x000000000040159c       0x30 ./src/Hardware/UTFT.o
                0x000000000040159c                UTFT::drawPixel(int, int)
 .text._ZN4UTFT9drawHLineEiii
                0x00000000004015cc       0x38 ./src/Hardware/UTFT.o
                0x00000000004015cc                UTFT::drawHLine(int, int, int)
 .text._ZN4UTFT13fillRoundRectEiiiith
                0x0000000000401604       0xec ./src/Hardware/UTFT.o
                0x0000000000401604                UTFT::fillRoundRect(int, int, int, int, unsigned short, unsigned char)
 .text._ZN4UTFT9drawVLineEiii
                0x00000000004016f0       0x38 ./src/Hardware/UTFT.o
                0x00000000004016f0                UTFT::drawVLine(int, int, int)
 .text._ZN4UTFT8drawRectEiiii
                0x0000000000401728       0x68 ./src/Hardware/UTFT.o
                0x0000000000401728                UTFT::drawRect(int, int, int, int)
 .text._ZN4UTFT13drawRoundRectEiiii
                0x0000000000401790       0xc8 ./src/Hardware/UTFT.o
                0x0000000000401790                UTFT::drawRoundRect(int, int, int, int)
 .text._ZN4UTFT8fillRectEiiiith
                0x0000000000401858       0xb4 ./src/Hardware/UTFT.o
                0x0000000000401858                UTFT::fillRect(int, int, int, int, unsigned short, unsigned char)
 .text._ZN4UTFT8drawLineEiiii
                0x000000000040190c       0xec ./src/Hardware/UTFT.o
                0x000000000040190c                UTFT::drawLine(int, int, int, int)
 .text._ZN4UTFT7setFontEPKh
                0x00000000004019f8       0x2c ./src/Hardware/UTFT.o
                0x00000000004019f8                UTFT::setFont(unsigned char const*)
 .text._ZN4UTFT11drawBitmap4EiiiiPKhPKtib
                0x0000000000401a24      0x130 ./src/Hardware/UTFT.o
                0x0000000000401a24                UTFT::drawBitmap4(int, int, int, int, unsigned char const*, unsigned short const*, int, bool)
 .text._ZN4UTFT31drawCompressedBitmapBottomToTopEiiiiPKt
                0x0000000000401b54       0x78 ./src/Hardware/UTFT.o
                0x0000000000401b54                UTFT::drawCompressedBitmapBottomToTop(int, int, int, int, unsigned short const*)
 .text._ZNK4UTFT15getDisplayXSizeEv
                0x0000000000401bcc       0x10 ./src/Hardware/UTFT.o
                0x0000000000401bcc                UTFT::getDisplayXSize() const
 .text._ZN4UTFT10setTextPosEttt
                0x0000000000401bdc       0x28 ./src/Hardware/UTFT.o
                0x0000000000401bdc                UTFT::setTextPos(unsigned short, unsigned short, unsigned short)
 .text._ZNK4UTFT15getDisplayYSizeEv
                0x0000000000401c04       0x10 ./src/Hardware/UTFT.o
                0x0000000000401c04                UTFT::getDisplayYSize() const
 .text._ZN4UTFT7fillScrEtt
                0x0000000000401c14       0x64 ./src/Hardware/UTFT.o
                0x0000000000401c14                UTFT::fillScr(unsigned short, unsigned short)
 .text._ZN4UTFT13clearToMarginEv
                0x0000000000401c78       0x6c ./src/Hardware/UTFT.o
                0x0000000000401c78                UTFT::clearToMargin()
 .text._ZN4UTFT11writeNativeEt
                0x0000000000401ce4      0x24c ./src/Hardware/UTFT.o
                0x0000000000401ce4                UTFT::writeNative(unsigned short)
 .text._ZN4UTFT5writeEh
                0x0000000000401f30       0xb0 ./src/Hardware/UTFT.o
                0x0000000000401f30                UTFT::write(unsigned char)
 .text._ZN6UTouchC2Ejjjjj
                0x0000000000401fe0       0x34 ./src/Hardware/UTouch.o
                0x0000000000401fe0                UTouch::UTouch(unsigned int, unsigned int, unsigned int, unsigned int, unsigned int)
                0x0000000000401fe0                UTouch::UTouch(unsigned int, unsigned int, unsigned int, unsigned int, unsigned int)
 .text._ZN6UTouch4initEtt18DisplayOrientation
                0x0000000000402014       0x68 ./src/Hardware/UTouch.o
                0x0000000000402014                UTouch::init(unsigned short, unsigned short, DisplayOrientation)
 .text._ZN6UTouch18touch_WriteCommandEh
                0x000000000040207c       0x3c ./src/Hardware/UTouch.o
                0x000000000040207c                UTouch::touch_WriteCommand(unsigned char)
 .text._ZN6UTouch14touch_ReadDataEh
                0x00000000004020b8       0x68 ./src/Hardware/UTouch.o
                0x00000000004020b8                UTouch::touch_ReadData(unsigned char)
 .text._ZN6UTouch12getTouchDataEbRt
                0x0000000000402120       0xb4 ./src/Hardware/UTouch.o
                0x0000000000402120                UTouch::getTouchData(bool, unsigned short&)
 .text._ZN6UTouch4readERtS0_PtS1_
                0x00000000004021d4      0x10c ./src/Hardware/UTouch.o
                0x00000000004021d4                UTouch::read(unsigned short&, unsigned short&, unsigned short*, unsigned short*)
 .text._ZN6UTouch9calibrateEttttt
                0x00000000004022e0       0x42 ./src/Hardware/UTouch.o
                0x00000000004022e0                UTouch::calibrate(unsigned short, unsigned short, unsigned short, unsigned short, unsigned short)
 *fill*         0x0000000000402322        0x2 
 .text._sbrk    0x0000000000402324       0x2c ./src/ASF/sam/utils/syscalls/gcc/syscalls.o
                0x0000000000402324                _sbrk
 .text.Reset_Handler
                0x0000000000402350       0x7c ./src/ASF/sam/utils/cmsis/sam3s/source/templates/gcc/startup_sam3s.o
                0x0000000000402350                Reset_Handler
 .text.Dummy_Handler
                0x00000000004023cc        0x2 ./src/ASF/sam/utils/cmsis/sam3s/source/templates/exceptions.o
                0x00000000004023cc                DACC_Handler
                0x00000000004023cc                DebugMon_Handler
                0x00000000004023cc                HardFault_Handler
                0x00000000004023cc                TC2_Handler
                0x00000000004023cc                SPI_Handler
                0x00000000004023cc                TWI1_Handler
                0x00000000004023cc                PendSV_Handler
                0x00000000004023cc                NMI_Handler
                0x00000000004023cc                ADC_Handler
                0x00000000004023cc                CRCCU_Handler
                0x00000000004023cc                USART0_Handler
                0x00000000004023cc                RTT_Handler
                0x00000000004023cc                RTC_Handler
                0x00000000004023cc                UsageFault_Handler
                0x00000000004023cc                WDT_Handler
                0x00000000004023cc                TC1_Handler
                0x00000000004023cc                HSMCI_Handler
                0x00000000004023cc                Dummy_Handler
                0x00000000004023cc                TWI0_Handler
                0x00000000004023cc                USART1_Handler
                0x00000000004023cc                SSC_Handler
                0x00000000004023cc                ACC_Handler
                0x00000000004023cc                PMC_Handler
                0x00000000004023cc                PWM_Handler
                0x00000000004023cc                MemManage_Handler
                0x00000000004023cc                SUPC_Handler
                0x00000000004023cc                SVC_Handler
                0x00000000004023cc                EFC_Handler
                0x00000000004023cc                UART0_Handler
                0x00000000004023cc                UDP_Handler
                0x00000000004023cc                BusFault_Handler
                0x00000000004023cc                RSTC_Handler
                0x00000000004023cc                TC0_Handler
 *fill*         0x00000000004023ce        0x2 
 .text.SystemInit
                0x00000000004023d0       0x78 ./src/ASF/sam/utils/cmsis/sam3s/source/templates/system_sam3s.o
                0x00000000004023d0                SystemInit
 .text.flash_write
                0x0000000000402448       0xcc ./src/ASF/sam/services/flash_efc/flash_efc.o
                0x0000000000402448                flash_write
 .text.flash_lock
                0x0000000000402514       0x54 ./src/ASF/sam/services/flash_efc/flash_efc.o
                0x0000000000402514                flash_lock
 .text.flash_unlock
                0x0000000000402568       0x54 ./src/ASF/sam/services/flash_efc/flash_efc.o
                0x0000000000402568                flash_unlock
 .text.wdt_init
                0x00000000004025bc       0x18 ./src/ASF/sam/drivers/wdt/wdt.o
                0x00000000004025bc                wdt_init
 .text.wdt_restart
                0x00000000004025d4       0x14 ./src/ASF/sam/drivers/wdt/wdt.o
                0x00000000004025d4                wdt_restart
 .text.uart_init
                0x00000000004025e8       0x34 ./src/ASF/sam/drivers/uart/uart.o
                0x00000000004025e8                uart_init
 .text.uart_enable_interrupt
                0x000000000040261c        0x4 ./src/ASF/sam/drivers/uart/uart.o
                0x000000000040261c                uart_enable_interrupt
 .text.uart_disable_interrupt
                0x0000000000402620        0x4 ./src/ASF/sam/drivers/uart/uart.o
                0x0000000000402620                uart_disable_interrupt
 .text.uart_write
                0x0000000000402624        0xe ./src/ASF/sam/drivers/uart/uart.o
                0x0000000000402624                uart_write
 *fill*         0x0000000000402632        0x2 
 .text.rstc_start_software_reset
                0x0000000000402634        0xc ./src/ASF/sam/drivers/rstc/rstc.o
                0x0000000000402634                rstc_start_software_reset
 .text.rstc_get_reset_cause
                0x0000000000402640        0x8 ./src/ASF/sam/drivers/rstc/rstc.o
                0x0000000000402640                rstc_get_reset_cause
 .text.pwm_clocks_generate
                0x0000000000402648       0x4c ./src/ASF/sam/drivers/pwm/pwm.o
 .text.pwm_init
                0x0000000000402694       0x44 ./src/ASF/sam/drivers/pwm/pwm.o
                0x0000000000402694                pwm_init
 .text.pwm_channel_init
                0x00000000004026d8       0xd8 ./src/ASF/sam/drivers/pwm/pwm.o
                0x00000000004026d8                pwm_channel_init
 .text.pwm_channel_enable
                0x00000000004027b0        0xa ./src/ASF/sam/drivers/pwm/pwm.o
                0x00000000004027b0                pwm_channel_enable
 .text.pwm_channel_disable
                0x00000000004027ba        0xa ./src/ASF/sam/drivers/pwm/pwm.o
                0x00000000004027ba                pwm_channel_disable
 .text.pmc_enable_periph_clk
                0x00000000004027c4       0x40 ./src/ASF/sam/drivers/pmc/pmc.o
                0x00000000004027c4                pmc_enable_periph_clk
 .text.pio_set_peripheral
                0x0000000000402804       0x80 ./src/ASF/sam/drivers/pio/pio.o
                0x0000000000402804                pio_set_peripheral
 .text.pio_set_input
                0x0000000000402884       0x2c ./src/ASF/sam/drivers/pio/pio.o
                0x0000000000402884                pio_set_input
 .text.pio_set_output
                0x00000000004028b0       0x24 ./src/ASF/sam/drivers/pio/pio.o
                0x00000000004028b0                pio_set_output
 .text.pio_configure
                0x00000000004028d4       0x80 ./src/ASF/sam/drivers/pio/pio.o
                0x00000000004028d4                pio_configure
 .text.pio_enable_output_write
                0x0000000000402954        0x6 ./src/ASF/sam/drivers/pio/pio.o
                0x0000000000402954                pio_enable_output_write
 .text.pio_get_interrupt_status
                0x000000000040295a        0x4 ./src/ASF/sam/drivers/pio/pio.o
                0x000000000040295a                pio_get_interrupt_status
 .text.pio_get_interrupt_mask
                0x000000000040295e        0x4 ./src/ASF/sam/drivers/pio/pio.o
                0x000000000040295e                pio_get_interrupt_mask
 *fill*         0x0000000000402962        0x2 
 .text.pio_handler_process
                0x0000000000402964       0x7c ./src/ASF/sam/drivers/pio/pio_handler.o
                0x0000000000402964                pio_handler_process
 .text.PIOA_Handler
                0x00000000004029e0       0x10 ./src/ASF/sam/drivers/pio/pio_handler.o
                0x00000000004029e0                PIOA_Handler
 .text.PIOB_Handler
                0x00000000004029f0       0x10 ./src/ASF/sam/drivers/pio/pio_handler.o
                0x00000000004029f0                PIOB_Handler
 .text.matrix_set_system_io
                0x0000000000402a00        0xc ./src/ASF/sam/drivers/matrix/matrix.o
                0x0000000000402a00                matrix_set_system_io
 .text.efc_get_wait_state
                0x0000000000402a0c        0x8 ./src/ASF/sam/drivers/efc/efc.o
                0x0000000000402a0c                efc_get_wait_state
 .text.efc_disable_frdy_interrupt
                0x0000000000402a14       0x10 ./src/ASF/sam/drivers/efc/efc.o
                0x0000000000402a14                efc_disable_frdy_interrupt
 .text.efc_set_wait_state
                0x0000000000402a24       0x18 ./src/ASF/sam/drivers/efc/efc.o
                0x0000000000402a24                efc_set_wait_state
 .text.efc_perform_command
                0x0000000000402a3c       0x28 ./src/ASF/sam/drivers/efc/efc.o
                0x0000000000402a3c                efc_perform_command
 .text._ZN12DisplayField10CheckEventEttRiR11ButtonPress
                0x0000000000402a64        0x2 ./src/Display.o
                0x0000000000402a64                DisplayField::CheckEvent(unsigned short, unsigned short, int&, ButtonPress&)
 .text._ZNK12DisplayField8IsButtonEv
                0x0000000000402a66        0x4 ./src/Display.o
                0x0000000000402a66                DisplayField::IsButton() const
 .text._ZNK12DisplayField9IsVisibleEv
                0x0000000000402a6a        0x8 ./src/Display.o
                0x0000000000402a6a                DisplayField::IsVisible() const
 .text._ZNK12DisplayField8GetEventEv
                0x0000000000402a72        0x4 ./src/Display.o
                0x0000000000402a72                DisplayField::GetEvent() const
 .text._ZNK6Window4XposEv
                0x0000000000402a76        0x4 ./src/Display.o
                0x0000000000402a76                Window::Xpos() const
 .text._ZNK6Window4YposEv
                0x0000000000402a7a        0x4 ./src/Display.o
                0x0000000000402a7a                Window::Ypos() const
 .text._ZNK11PopupWindow4XposEv
                0x0000000000402a7e        0x4 ./src/Display.o
                0x0000000000402a7e                PopupWindow::Xpos() const
 .text._ZNK11PopupWindow4YposEv
                0x0000000000402a82        0x4 ./src/Display.o
                0x0000000000402a82                PopupWindow::Ypos() const
 .text._ZNK10ButtonBase8GetEventEv
                0x0000000000402a86        0x4 ./src/Display.o
                0x0000000000402a86                ButtonBase::GetEvent() const
 .text._ZNK10ButtonBase9GetSParamEj
                0x0000000000402a8a        0x4 ./src/Display.o
                0x0000000000402a8a                ButtonBase::GetSParam(unsigned int) const
 .text._ZNK10ButtonBase9GetIParamEj
                0x0000000000402a8e        0x4 ./src/Display.o
                0x0000000000402a8e                ButtonBase::GetIParam(unsigned int) const
 .text._ZN10ButtonBase5PressEbi
                0x0000000000402a92        0x2 ./src/Display.o
                0x0000000000402a92                ButtonBase::Press(bool, int)
 .text._ZNK12SingleButton8IsButtonEv
                0x0000000000402a94        0x4 ./src/Display.o
                0x0000000000402a94                SingleButton::IsButton() const
 .text._ZNK12SingleButton9GetSParamEj
                0x0000000000402a98        0x4 ./src/Display.o
                0x0000000000402a98                SingleButton::GetSParam(unsigned int) const
 .text._ZNK12SingleButton9GetIParamEj
                0x0000000000402a9c        0x4 ./src/Display.o
                0x0000000000402a9c                SingleButton::GetIParam(unsigned int) const
 .text._ZNK13CharButtonRow9GetIParamEj
                0x0000000000402aa0        0x6 ./src/Display.o
                0x0000000000402aa0                CharButtonRow::GetIParam(unsigned int) const
 .text._ZNK10TextButton9IsVisibleEv
                0x0000000000402aa6       0x10 ./src/Display.o
                0x0000000000402aa6                TextButton::IsVisible() const
 *fill*         0x0000000000402ab6        0x2 
 .text._ZNK10IconButton9GetHeightEv
                0x0000000000402ab8       0x18 ./src/Display.o
                0x0000000000402ab8                IconButton::GetHeight() const
 .text._ZNK11ProgressBar9GetHeightEv
                0x0000000000402ad0        0x4 ./src/Display.o
                0x0000000000402ad0                ProgressBar::GetHeight() const
 .text._ZNK10MainWindow8ContainsEtttt
                0x0000000000402ad4        0x4 ./src/Display.o
                0x0000000000402ad4                MainWindow::Contains(unsigned short, unsigned short, unsigned short, unsigned short) const
 .text._ZNK11PopupWindow8ContainsEtttt
                0x0000000000402ad8       0x34 ./src/Display.o
                0x0000000000402ad8                PopupWindow::Contains(unsigned short, unsigned short, unsigned short, unsigned short) const
 .text._ZNK13FieldWithText9GetHeightEv
                0x0000000000402b0c       0x26 ./src/Display.o
                0x0000000000402b0c                FieldWithText::GetHeight() const
 .text._ZN12SingleButton5PressEbi
                0x0000000000402b32       0x12 ./src/Display.o
                0x0000000000402b32                SingleButton::Press(bool, int)
 .text._ZNK14ButtonWithText9GetHeightEv
                0x0000000000402b44       0x24 ./src/Display.o
                0x0000000000402b44                ButtonWithText::GetHeight() const
 .text._ZNK17ButtonRowWithText9GetHeightEv
                0x0000000000402b68       0x24 ./src/Display.o
                0x0000000000402b68                ButtonRowWithText::GetHeight() const
 .text._ZN13CharButtonRow5PressEbi
                0x0000000000402b8c        0xc ./src/Display.o
                0x0000000000402b8c                CharButtonRow::Press(bool, int)
 .text._ZNK9TextField9PrintTextEv
                0x0000000000402b98       0x28 ./src/Display.o
                0x0000000000402b98                TextField::PrintText() const
 .text._ZNK15StaticTextField9PrintTextEv
                0x0000000000402bc0       0x14 ./src/Display.o
                0x0000000000402bc0                StaticTextField::PrintText() const
 .text._ZNK10TextButton9PrintTextEj
                0x0000000000402bd4       0x18 ./src/Display.o
                0x0000000000402bd4                TextButton::PrintText(unsigned int) const
 .text._ZN11ProgressBar7RefreshEbtt
                0x0000000000402bec      0x15c ./src/Display.o
                0x0000000000402bec                ProgressBar::Refresh(bool, unsigned short, unsigned short)
 .text._ZN13FieldWithText7RefreshEbtt
                0x0000000000402d48      0x19c ./src/Display.o
                0x0000000000402d48                FieldWithText::Refresh(bool, unsigned short, unsigned short)
 .text._ZNK10FloatField9PrintTextEv
                0x0000000000402ee4       0x38 ./src/Display.o
                0x0000000000402ee4                FloatField::PrintText() const
 .text._ZNK12IntegerField9PrintTextEv
                0x0000000000402f1c       0x34 ./src/Display.o
                0x0000000000402f1c                IntegerField::PrintText() const
 .text._ZNK13IntegerButton9PrintTextEj
                0x0000000000402f50       0x3c ./src/Display.o
                0x0000000000402f50                IntegerButton::PrintText(unsigned int) const
 .text._ZNK12DisplayField7GetMaxYEv
                0x0000000000402f8c       0x12 ./src/Display.o
                0x0000000000402f8c                DisplayField::GetMaxY() const
 *fill*         0x0000000000402f9e        0x2 
 .text._ZN10ButtonBase10CheckEventEttRiR11ButtonPress
                0x0000000000402fa0       0x84 ./src/Display.o
                0x0000000000402fa0                ButtonBase::CheckEvent(unsigned short, unsigned short, int&, ButtonPress&)
 .text._ZN13CharButtonRow10CheckEventEttRiR11ButtonPress
                0x0000000000403024       0x9c ./src/Display.o
                0x0000000000403024                CharButtonRow::CheckEvent(unsigned short, unsigned short, int&, ButtonPress&)
 .text._ZN12DisplayFieldC2Ettt
                0x00000000004030c0       0x3c ./src/Display.o
                0x00000000004030c0                DisplayField::DisplayField(unsigned short, unsigned short, unsigned short)
                0x00000000004030c0                DisplayField::DisplayField(unsigned short, unsigned short, unsigned short)
 .text._ZN12DisplayField11SetTextRowsEPKc
                0x00000000004030fc       0x20 ./src/Display.o
                0x00000000004030fc                DisplayField::SetTextRows(char const*)
 .text._ZN12DisplayField19SetPositionAndWidthEtt
                0x000000000040311c        0xe ./src/Display.o
                0x000000000040311c                DisplayField::SetPositionAndWidth(unsigned short, unsigned short)
 *fill*         0x000000000040312a        0x2 
 .text._ZN12DisplayField17SetDefaultColoursEttttttPKt
                0x000000000040312c       0x48 ./src/Display.o
                0x000000000040312c                DisplayField::SetDefaultColours(unsigned short, unsigned short, unsigned short, unsigned short, unsigned short, unsigned short, unsigned short const*)
 .text._ZN12DisplayField12GetTextWidthEPKct
                0x0000000000403174       0x30 ./src/Display.o
                0x0000000000403174                DisplayField::GetTextWidth(char const*, unsigned short)
 .text._ZN12DisplayField12GetTextWidthEPKctj
                0x00000000004031a4       0x34 ./src/Display.o
                0x00000000004031a4                DisplayField::GetTextWidth(char const*, unsigned short, unsigned int)
 .text._ZN12DisplayField4ShowEb
                0x00000000004031d8       0x16 ./src/Display.o
                0x00000000004031d8                DisplayField::Show(bool)
 .text._ZN12DisplayField9FindEventEttPS_
                0x00000000004031ee       0x3a ./src/Display.o
                0x00000000004031ee                DisplayField::FindEvent(unsigned short, unsigned short, DisplayField*)
 .text._ZN12DisplayField10SetColoursEtt
                0x0000000000403228       0x1a ./src/Display.o
                0x0000000000403228                DisplayField::SetColours(unsigned short, unsigned short)
 .text._ZN11ButtonPressC2Ev
                0x0000000000403242        0x8 ./src/Display.o
                0x0000000000403242                ButtonPress::ButtonPress()
                0x0000000000403242                ButtonPress::ButtonPress()
 .text._ZN11ButtonPressC2EP10ButtonBasej
                0x000000000040324a        0x6 ./src/Display.o
                0x000000000040324a                ButtonPress::ButtonPress(ButtonBase*, unsigned int)
                0x000000000040324a                ButtonPress::ButtonPress(ButtonBase*, unsigned int)
 .text._ZN11ButtonPress5ClearEv
                0x0000000000403250        0x8 ./src/Display.o
                0x0000000000403250                ButtonPress::Clear()
 .text._ZNK11ButtonPress8GetEventEv
                0x0000000000403258        0x8 ./src/Display.o
                0x0000000000403258                ButtonPress::GetEvent() const
 .text._ZNK11ButtonPress9GetIParamEv
                0x0000000000403260        0xc ./src/Display.o
                0x0000000000403260                ButtonPress::GetIParam() const
 .text._ZNK11ButtonPress9GetSParamEv
                0x000000000040326c        0xc ./src/Display.o
                0x000000000040326c                ButtonPress::GetSParam() const
 .text._ZNK11ButtonPresseqERKS_
                0x0000000000403278       0x18 ./src/Display.o
                0x0000000000403278                ButtonPress::operator==(ButtonPress const&) const
 .text._ZN6Window8AddFieldEP12DisplayField
                0x0000000000403290        0x8 ./src/Display.o
                0x0000000000403290                Window::AddField(DisplayField*)
 .text._ZNK6Window15ObscuredByPopupEPK12DisplayField
                0x0000000000403298       0x6c ./src/Display.o
                0x0000000000403298                Window::ObscuredByPopup(DisplayField const*) const
 .text._ZN11PopupWindow7RefreshEb
                0x0000000000403304       0xc8 ./src/Display.o
                0x0000000000403304                PopupWindow::Refresh(bool)
 .text._ZNK6Window7VisibleEPK12DisplayField
                0x00000000004033cc       0x24 ./src/Display.o
                0x00000000004033cc                Window::Visible(DisplayField const*) const
 .text._ZN10MainWindow7RefreshEb
                0x00000000004033f0       0x58 ./src/Display.o
                0x00000000004033f0                MainWindow::Refresh(bool)
 .text._ZN6Window9FindEventEtt
                0x0000000000403448       0x5c ./src/Display.o
                0x0000000000403448                Window::FindEvent(unsigned short, unsigned short)
 .text._ZN6Window21FindEventOutsidePopupEtt
                0x00000000004034a4       0x48 ./src/Display.o
                0x00000000004034a4                Window::FindEventOutsidePopup(unsigned short, unsigned short)
 .text._ZN6Window8SetPopupEP11PopupWindowttb
                0x00000000004034ec       0x62 ./src/Display.o
                0x00000000004034ec                Window::SetPopup(PopupWindow*, unsigned short, unsigned short, bool)
 *fill*         0x000000000040354e        0x2 
 .text._ZN6Window10ClearPopupEbP11PopupWindow
                0x0000000000403550       0xd8 ./src/Display.o
                0x0000000000403550                Window::ClearPopup(bool, PopupWindow*)
 .text._ZN6Window6RedrawEP12DisplayField
                0x0000000000403628       0xd0 ./src/Display.o
                0x0000000000403628                Window::Redraw(DisplayField*)
 .text._ZN6Window4ShowEP12DisplayFieldb
                0x00000000004036f8       0xd0 ./src/Display.o
                0x00000000004036f8                Window::Show(DisplayField*, bool)
 .text._ZN6Window5PressE11ButtonPressb
                0x00000000004037c8       0x3c ./src/Display.o
                0x00000000004037c8                Window::Press(ButtonPress, bool)
 .text._ZN10MainWindowC2Ev
                0x0000000000403804       0x14 ./src/Display.o
                0x0000000000403804                MainWindow::MainWindow()
                0x0000000000403804                MainWindow::MainWindow()
 .text._ZN10MainWindow4InitEt
                0x0000000000403818        0x4 ./src/Display.o
                0x0000000000403818                MainWindow::Init(unsigned short)
 .text._ZN10MainWindow14ClearAllPopupsEv
                0x000000000040381c       0x1c ./src/Display.o
                0x000000000040381c                MainWindow::ClearAllPopups()
 .text._ZN11PopupWindowC2Etttt
                0x0000000000403838       0x20 ./src/Display.o
                0x0000000000403838                PopupWindow::PopupWindow(unsigned short, unsigned short, unsigned short, unsigned short)
                0x0000000000403838                PopupWindow::PopupWindow(unsigned short, unsigned short, unsigned short, unsigned short)
 .text._ZN10ButtonBaseC2Ettt
                0x0000000000403858       0x48 ./src/Display.o
                0x0000000000403858                ButtonBase::ButtonBase(unsigned short, unsigned short, unsigned short)
                0x0000000000403858                ButtonBase::ButtonBase(unsigned short, unsigned short, unsigned short)
 .text._ZNK10ButtonBase11DrawOutlineEttb
                0x00000000004038a0       0xa0 ./src/Display.o
                0x00000000004038a0                ButtonBase::DrawOutline(unsigned short, unsigned short, bool) const
 .text._ZN17ButtonRowWithText7RefreshEbtt
                0x0000000000403940       0xd4 ./src/Display.o
                0x0000000000403940                ButtonRowWithText::Refresh(bool, unsigned short, unsigned short)
 .text._ZN12SingleButtonC2Ettt
                0x0000000000403a14       0x1c ./src/Display.o
                0x0000000000403a14                SingleButton::SingleButton(unsigned short, unsigned short, unsigned short)
                0x0000000000403a14                SingleButton::SingleButton(unsigned short, unsigned short, unsigned short)
 .text._ZNK12SingleButton11DrawOutlineEtt
                0x0000000000403a30       0x10 ./src/Display.o
                0x0000000000403a30                SingleButton::DrawOutline(unsigned short, unsigned short) const
 .text._ZN14ButtonWithText7RefreshEbtt
                0x0000000000403a40       0xe4 ./src/Display.o
                0x0000000000403a40                ButtonWithText::Refresh(bool, unsigned short, unsigned short)
 .text._ZN10IconButton7RefreshEbtt
                0x0000000000403b24       0x8c ./src/Display.o
                0x0000000000403b24                IconButton::Refresh(bool, unsigned short, unsigned short)
 .text._ZN10TextButtonC2EtttPKchi
                0x0000000000403bb0       0x30 ./src/Display.o
                0x0000000000403bb0                TextButton::TextButton(unsigned short, unsigned short, unsigned short, char const*, unsigned char, int)
                0x0000000000403bb0                TextButton::TextButton(unsigned short, unsigned short, unsigned short, char const*, unsigned char, int)
 .text._ZN10TextButtonC2EtttPKchS1_
                0x0000000000403be0       0x28 ./src/Display.o
                0x0000000000403be0                TextButton::TextButton(unsigned short, unsigned short, unsigned short, char const*, unsigned char, char const*)
                0x0000000000403be0                TextButton::TextButton(unsigned short, unsigned short, unsigned short, char const*, unsigned char, char const*)
 .text._ZN10IconButtonC2EtttPKhhi
                0x0000000000403c08       0x28 ./src/Display.o
                0x0000000000403c08                IconButton::IconButton(unsigned short, unsigned short, unsigned short, unsigned char const*, unsigned char, int)
                0x0000000000403c08                IconButton::IconButton(unsigned short, unsigned short, unsigned short, unsigned char const*, unsigned char, int)
 .text._ZN10IconButtonC2EtttPKhhPKc
                0x0000000000403c30       0x28 ./src/Display.o
                0x0000000000403c30                IconButton::IconButton(unsigned short, unsigned short, unsigned short, unsigned char const*, unsigned char, char const*)
                0x0000000000403c30                IconButton::IconButton(unsigned short, unsigned short, unsigned short, unsigned char const*, unsigned char, char const*)
 .text._ZN13CharButtonRowC2EttttPKch
                0x0000000000403c58       0x50 ./src/Display.o
                0x0000000000403c58                CharButtonRow::CharButtonRow(unsigned short, unsigned short, unsigned short, unsigned short, char const*, unsigned char)
                0x0000000000403c58                CharButtonRow::CharButtonRow(unsigned short, unsigned short, unsigned short, unsigned short, char const*, unsigned char)
 .text._ZN13CharButtonRow10ChangeTextEPKc
                0x0000000000403ca8        0xc ./src/Display.o
                0x0000000000403ca8                CharButtonRow::ChangeText(char const*)
 .text._ZNK13CharButtonRow9PrintTextEj
                0x0000000000403cb4       0x14 ./src/Display.o
                0x0000000000403cb4                CharButtonRow::PrintText(unsigned int) const
 .text._ZN11FileManager7FileSet20ReloadMacroShortListEi
                0x0000000000403cc8       0x60 ./src/FileManager.o
                0x0000000000403cc8                FileManager::FileSet::ReloadMacroShortList(int)
 .text._ZNK11FileManager7FileSet10IsInSubdirEv
                0x0000000000403d28       0x62 ./src/FileManager.o
                0x0000000000403d28                FileManager::FileSet::IsInSubdir() const
 *fill*         0x0000000000403d8a        0x2 
 .text._ZN11FileManager7FileSet15FileListUpdatedEv
                0x0000000000403d8c      0x10c ./src/FileManager.o
                0x0000000000403d8c                FileManager::FileSet::FileListUpdated()
 .text._ZN11FileManager7FileSet6ScrollEi
                0x0000000000403e98       0x14 ./src/FileManager.o
                0x0000000000403e98                FileManager::FileSet::Scroll(int)
 .text._ZN11FileManager7FileSet10SetPendingEv
                0x0000000000403eac       0x3c ./src/FileManager.o
                0x0000000000403eac                FileManager::FileSet::SetPending()
 .text._ZN11FileManager7FileSet7DisplayEv
                0x0000000000403ee8       0x34 ./src/FileManager.o
                0x0000000000403ee8                FileManager::FileSet::Display()
 .text._ZN11FileManager15BeginNewMessageEv
                0x0000000000403f1c       0x24 ./src/FileManager.o
                0x0000000000403f1c                FileManager::BeginNewMessage()
 .text._ZN11FileManager19BeginReceivingFilesEv
                0x0000000000403f40       0x5c ./src/FileManager.o
                0x0000000000403f40                FileManager::BeginReceivingFiles()
 .text._ZN11FileManager11ReceiveFileEPKc
                0x0000000000403f9c       0x8c ./src/FileManager.o
                0x0000000000403f9c                FileManager::ReceiveFile(char const*)
 .text._ZN11FileManager16ReceiveErrorCodeEi
                0x0000000000404028       0x18 ./src/FileManager.o
                0x0000000000404028                FileManager::ReceiveErrorCode(int)
 .text._ZN11FileManager16DisplayFilesListEv
                0x0000000000404040       0x10 ./src/FileManager.o
                0x0000000000404040                FileManager::DisplayFilesList()
 .text._ZN11FileManager17DisplayMacrosListEv
                0x0000000000404050       0x10 ./src/FileManager.o
                0x0000000000404050                FileManager::DisplayMacrosList()
 .text._ZN11FileManager11ScrollFilesEi
                0x0000000000404060       0x10 ./src/FileManager.o
                0x0000000000404060                FileManager::ScrollFiles(int)
 .text._ZN11FileManager12ScrollMacrosEi
                0x0000000000404070       0x10 ./src/FileManager.o
                0x0000000000404070                FileManager::ScrollMacros(int)
 .text._ZN11FileManager11GetFilesDirEv
                0x0000000000404080        0x8 ./src/FileManager.o
                0x0000000000404080                FileManager::GetFilesDir()
 .text._ZN11FileManager12GetMacrosDirEv
                0x0000000000404088        0x8 ./src/FileManager.o
                0x0000000000404088                FileManager::GetMacrosDir()
 .text._ZN11FileManager16GetMacrosRootDirEv
                0x0000000000404090        0xc ./src/FileManager.o
                0x0000000000404090                FileManager::GetMacrosRootDir()
 .text._ZN11FileManager16RefreshFilesListEv
                0x000000000040409c       0x10 ./src/FileManager.o
                0x000000000040409c                FileManager::RefreshFilesList()
 .text._ZN11FileManager17RefreshMacrosListEv
                0x00000000004040ac       0x10 ./src/FileManager.o
                0x00000000004040ac                FileManager::RefreshMacrosList()
 .text._ZN11FileManager13ProcessTimersEv
                0x00000000004040bc       0x24 ./src/FileManager.o
                0x00000000004040bc                FileManager::ProcessTimers()
 .text._ZN11FileManager13SetNumVolumesEj
                0x00000000004040e0       0x10 ./src/FileManager.o
                0x00000000004040e0                FileManager::SetNumVolumes(unsigned int)
 .text._ZN6StringILj100EE3addEc
                0x00000000004040f0       0x26 ./src/FileManager.o
                0x00000000004040f0                String<100u>::add(char)
 *fill*         0x0000000000404116        0x2 
 .text._ZN11FileManager7FileSet16RequestParentDirEv
                0x0000000000404118       0x6c ./src/FileManager.o
                0x0000000000404118                FileManager::FileSet::RequestParentDir()
 .text._ZN11FileManager21RequestFilesParentDirEv
                0x0000000000404184       0x10 ./src/FileManager.o
                0x0000000000404184                FileManager::RequestFilesParentDir()
 .text._ZN11FileManager22RequestMacrosParentDirEv
                0x0000000000404194       0x10 ./src/FileManager.o
                0x0000000000404194                FileManager::RequestMacrosParentDir()
 .text._ZN6StringILj100EE3catEPKc
                0x00000000004041a4       0x1e ./src/FileManager.o
                0x00000000004041a4                String<100u>::cat(char const*)
 *fill*         0x00000000004041c2        0x2 
 .text._ZN11FileManager7FileSet6ReloadEiRK6StringILj100EEi
                0x00000000004041c4       0x50 ./src/FileManager.o
                0x00000000004041c4                FileManager::FileSet::Reload(int, String<100u> const&, int)
 .text._ZN11FileManager18EndReceivedMessageEv
                0x0000000000404214      0x170 ./src/FileManager.o
                0x0000000000404214                FileManager::EndReceivedMessage()
 .text._ZN11FileManager20ReceiveDirectoryNameEPKc
                0x0000000000404384       0x1c ./src/FileManager.o
                0x0000000000404384                FileManager::ReceiveDirectoryName(char const*)
 .text._ZN11FileManager7FileSetC2EPKcjb
                0x00000000004043a0       0x50 ./src/FileManager.o
                0x00000000004043a0                FileManager::FileSet::FileSet(char const*, unsigned int, bool)
                0x00000000004043a0                FileManager::FileSet::FileSet(char const*, unsigned int, bool)
 .text._ZN11FileManager7FileSet13SetupRootPathEv
                0x00000000004043f0       0x3c ./src/FileManager.o
                0x00000000004043f0                FileManager::FileSet::SetupRootPath()
 .text._ZN11FileManager23FirmwareFeaturesChangedEv
                0x000000000040442c       0x10 ./src/FileManager.o
                0x000000000040442c                FileManager::FirmwareFeaturesChanged()
 .text._ZN11FileManager7FileSet13RequestSubdirEPKc
                0x000000000040443c       0x68 ./src/FileManager.o
                0x000000000040443c                FileManager::FileSet::RequestSubdir(char const*)
 .text._ZN11FileManager18RequestFilesSubdirEPKc
                0x00000000004044a4       0x10 ./src/FileManager.o
                0x00000000004044a4                FileManager::RequestFilesSubdir(char const*)
 .text._ZN11FileManager19RequestMacrosSubdirEPKc
                0x00000000004044b4       0x10 ./src/FileManager.o
                0x00000000004044b4                FileManager::RequestMacrosSubdir(char const*)
 .text._ZN6StringILj100EE6printfEPKcz
                0x00000000004044c4       0x38 ./src/FileManager.o
                0x00000000004044c4                String<100u>::printf(char const*, ...)
 .text._ZN11FileManager7FileSet10SelectCardEj
                0x00000000004044fc       0x94 ./src/FileManager.o
                0x00000000004044fc                FileManager::FileSet::SelectCard(unsigned int)
 .text._ZN11FileManager7FileSet8NextCardEv
                0x0000000000404590       0x2c ./src/FileManager.o
                0x0000000000404590                FileManager::FileSet::NextCard()
 .text._ZN11FileManager8NextCardEv
                0x00000000004045bc       0x10 ./src/FileManager.o
                0x00000000004045bc                FileManager::NextCard()
 .text.startup._GLOBAL__sub_I__ZN11FileManager9filesRootE
                0x00000000004045cc       0x6c ./src/FileManager.o
 .text._ZN10MessageLog14UpdateMessagesEb
                0x0000000000404638      0x14c ./src/MessageLog.o
                0x0000000000404638                MessageLog::UpdateMessages(bool)
 .text._ZN10MessageLog4InitEv
                0x0000000000404784       0x24 ./src/MessageLog.o
                0x0000000000404784                MessageLog::Init()
 .text._ZN10MessageLog11SaveMessageEPKc
                0x00000000004047a8       0x30 ./src/MessageLog.o
                0x00000000004047a8                MessageLog::SaveMessage(char const*)
 .text._ZN10MessageLog15BeginNewMessageEv
                0x00000000004047d8       0x10 ./src/MessageLog.o
                0x00000000004047d8                MessageLog::BeginNewMessage()
 .text._ZN10MessageLog14FindSplitPointEPKcjt
                0x00000000004047e8       0x94 ./src/MessageLog.o
                0x00000000004047e8                MessageLog::FindSplitPoint(char const*, unsigned int, unsigned short)
 .text._ZN10MessageLog13AppendMessageEPKc
                0x000000000040487c       0xfc ./src/MessageLog.o
                0x000000000040487c                MessageLog::AppendMessage(char const*)
 .text._ZN10MessageLog17DisplayNewMessageEv
                0x0000000000404978       0x24 ./src/MessageLog.o
                0x0000000000404978                MessageLog::DisplayNewMessage()
 .text.startup._GLOBAL__sub_I__ZN10MessageLog4InitEv
                0x000000000040499c       0x10 ./src/MessageLog.o
 .text._ZNK9FlashData7IsValidEv
                0x00000000004049ac       0x44 ./src/PanelDue.o
                0x00000000004049ac                FlashData::IsValid() const
 .text._ZN9FlashDataeqERKS_
                0x00000000004049f0       0x5c ./src/PanelDue.o
                0x00000000004049f0                FlashData::operator==(FlashData const&)
 .text._ZN9FlashData11SetDefaultsEv
                0x0000000000404a4c       0x3c ./src/PanelDue.o
                0x0000000000404a4c                FlashData::SetDefaults()
 .text._ZN9FlashData4LoadEv
                0x0000000000404a88       0x14 ./src/PanelDue.o
                0x0000000000404a88                FlashData::Load()
 .text._ZNK9FlashData4SaveEv
                0x0000000000404a9c       0x10 ./src/PanelDue.o
                0x0000000000404a9c                FlashData::Save() const
 .text._Z19GetFirmwareFeaturesv
                0x0000000000404aac        0xc ./src/PanelDue.o
                0x0000000000404aac                GetFirmwareFeatures()
 .text._Z14CondStripDrivePKc
                0x0000000000404ab8       0x20 ./src/PanelDue.o
                0x0000000000404ab8                CondStripDrive(char const*)
 .text._Z5Delaym
                0x0000000000404ad8       0x18 ./src/PanelDue.o
                0x0000000000404ad8                Delay(unsigned long)
 .text._Z15PrintInProgressv
                0x0000000000404af0       0x24 ./src/PanelDue.o
                0x0000000000404af0                PrintInProgress()
 .text._Z7bsearchPK21ReceiveDataTableEntryjPKc
                0x0000000000404b14       0x60 ./src/PanelDue.o
                0x0000000000404b14                bsearch(ReceiveDataTableEntry const*, unsigned int, char const*)
 .text._Z8OkToSendv
                0x0000000000404b74       0x1c ./src/PanelDue.o
                0x0000000000404b74                OkToSend()
 .text._Z9GetStatusv
                0x0000000000404b90        0xc ./src/PanelDue.o
                0x0000000000404b90                GetStatus()
 .text._Z14DelayTouchLongv
                0x0000000000404b9c       0x20 ./src/PanelDue.o
                0x0000000000404b9c                DelayTouchLong()
 .text._Z17ShortenTouchDelayv
                0x0000000000404bbc        0xc ./src/PanelDue.o
                0x0000000000404bbc                ShortenTouchDelay()
 .text._Z9TouchBeepv
                0x0000000000404bc8       0x18 ./src/PanelDue.o
                0x0000000000404bc8                TouchBeep()
 .text._Z9ErrorBeepv
                0x0000000000404be0       0x28 ./src/PanelDue.o
                0x0000000000404be0                ErrorBeep()
 .text._Z12DoTouchCalibttttbRt
                0x0000000000404c08       0xbc ./src/PanelDue.o
                0x0000000000404c08                DoTouchCalib(unsigned short, unsigned short, unsigned short, unsigned short, bool, unsigned short&)
 .text._Z12IsSaveNeededv
                0x0000000000404cc4       0x20 ./src/PanelDue.o
                0x0000000000404cc4                IsSaveNeeded()
 .text._Z13MirrorDisplayv
                0x0000000000404ce4       0x28 ./src/PanelDue.o
                0x0000000000404ce4                MirrorDisplay()
 .text._Z13InvertDisplayv
                0x0000000000404d0c       0x28 ./src/PanelDue.o
                0x0000000000404d0c                InvertDisplay()
 .text._Z11SetBaudRatem
                0x0000000000404d34       0x10 ./src/PanelDue.o
                0x0000000000404d34                SetBaudRate(unsigned long)
 .text._Z17RestoreBrightnessv
                0x0000000000404d44       0x30 ./src/PanelDue.o
                0x0000000000404d44                RestoreBrightness()
 .text._Z7InitLcd18DisplayOrientationmm
                0x0000000000404d74       0x60 ./src/PanelDue.o
                0x0000000000404d74                InitLcd(DisplayOrientation, unsigned long, unsigned long)
 .text._Z13SetBrightnessi
                0x0000000000404dd4       0x1c ./src/PanelDue.o
                0x0000000000404dd4                SetBrightness(int)
 .text._Z13DimBrightnessv
                0x0000000000404df0       0x38 ./src/PanelDue.o
                0x0000000000404df0                DimBrightness()
 .text._Z20GetDisplayDimmerTypev
                0x0000000000404e28        0xc ./src/PanelDue.o
                0x0000000000404e28                GetDisplayDimmerType()
 .text._Z20SetDisplayDimmerType17DisplayDimmerType
                0x0000000000404e34        0xc ./src/PanelDue.o
                0x0000000000404e34                SetDisplayDimmerType(DisplayDimmerType)
 .text._Z9SetVolumem
                0x0000000000404e40        0xc ./src/PanelDue.o
                0x0000000000404e40                SetVolume(unsigned long)
 .text._Z15SetColourSchemem
                0x0000000000404e4c       0x14 ./src/PanelDue.o
                0x0000000000404e4c                SetColourScheme(unsigned long)
 .text._Z11SetLanguagem
                0x0000000000404e60       0x14 ./src/PanelDue.o
                0x0000000000404e60                SetLanguage(unsigned long)
 .text._Z11GetBaudRatev
                0x0000000000404e74        0xc ./src/PanelDue.o
                0x0000000000404e74                GetBaudRate()
 .text._Z9GetVolumev
                0x0000000000404e80        0xc ./src/PanelDue.o
                0x0000000000404e80                GetVolume()
 .text._Z13GetBrightnessv
                0x0000000000404e8c        0xc ./src/PanelDue.o
                0x0000000000404e8c                GetBrightness()
 .text._Z12FactoryResetv
                0x0000000000404e98       0x68 ./src/PanelDue.o
                0x0000000000404e98                FactoryReset()
 .text._Z12SaveSettingsv
                0x0000000000404f00       0x30 ./src/PanelDue.o
                0x0000000000404f00                SaveSettings()
 .text._Z9SetStatusc
                0x0000000000404f30       0x68 ./src/PanelDue.o
                0x0000000000404f30                SetStatus(char)
 .text._Z9Reconnectv
                0x0000000000404f98       0x24 ./src/PanelDue.o
                0x0000000000404f98                Reconnect()
 .text._Z10GetIntegerPKcRl
                0x0000000000404fbc       0x98 ./src/PanelDue.o
                0x0000000000404fbc                GetInteger(char const*, long&)
 .text._Z18GetUnsignedIntegerPKcRm
                0x0000000000405054       0x28 ./src/PanelDue.o
                0x0000000000405054                GetUnsignedInteger(char const*, unsigned long&)
 .text._Z8GetFloatPKcRf
                0x000000000040507c       0x38 ./src/PanelDue.o
                0x000000000040507c                GetFloat(char const*, float&)
 .text._Z20StartReceivedMessagev
                0x00000000004050b4       0x30 ./src/PanelDue.o
                0x00000000004050b4                StartReceivedMessage()
 .text._Z18EndReceivedMessagev
                0x00000000004050e4       0x80 ./src/PanelDue.o
                0x00000000004050e4                EndReceivedMessage()
 .text._Z20ProcessReceivedValuePKcS0_PKj
                0x0000000000405164      0x618 ./src/PanelDue.o
                0x0000000000405164                ProcessReceivedValue(char const*, char const*, unsigned int const*)
 .text._Z15ProcessArrayEndPKcPKj
                0x000000000040577c       0x40 ./src/PanelDue.o
                0x000000000040577c                ProcessArrayEnd(char const*, unsigned int const*)
 .text._Z15UpdateDebugInfov
                0x00000000004057bc       0x20 ./src/PanelDue.o
                0x00000000004057bc                UpdateDebugInfo()
 .text._Z14PrintDebugTextPKc
                0x00000000004057dc       0x14 ./src/PanelDue.o
                0x00000000004057dc                PrintDebugText(char const*)
 .text.__cxa_pure_virtual
                0x00000000004057f0        0x2 ./src/PanelDue.o
                0x00000000004057f0                __cxa_pure_virtual
 *fill*         0x00000000004057f2        0x2 
 .text.startup._GLOBAL__sub_I_lcd
                0x00000000004057f4       0x9c ./src/PanelDue.o
 .text._Z14CalibrateTouchv
                0x0000000000405890      0x11c ./src/PanelDue.o
                0x0000000000405890                CalibrateTouch()
 .text.startup.main
                0x00000000004059ac      0x424 ./src/PanelDue.o
                0x00000000004059ac                main
 .text._ZN5Print5printEPKc.part.0
                0x0000000000405dd0       0x22 ./src/Print.o
 *fill*         0x0000000000405df2        0x2 
 .text._ZN5Print5printEPKc
                0x0000000000405df4       0x10 ./src/Print.o
                0x0000000000405df4                Print::print(char const*)
 .text._ZN5Print5printEPKcj
                0x0000000000405e04       0x2c ./src/Print.o
                0x0000000000405e04                Print::print(char const*, unsigned int)
 .text._ZN5Print11printNumberEmj
                0x0000000000405e30       0x40 ./src/Print.o
                0x0000000000405e30                Print::printNumber(unsigned long, unsigned int)
 .text._ZN5Print5printElj
                0x0000000000405e70       0x48 ./src/Print.o
                0x0000000000405e70                Print::print(long, unsigned int)
 .text._ZN5Print10printFloatEfj
                0x0000000000405eb8      0x188 ./src/Print.o
                0x0000000000405eb8                Print::printFloat(float, unsigned int)
 .text._ZN12RequestTimerC2EmPKcS1_
                0x0000000000406040        0xe ./src/RequestTimer.o
                0x0000000000406040                RequestTimer::RequestTimer(unsigned long, char const*, char const*)
                0x0000000000406040                RequestTimer::RequestTimer(unsigned long, char const*, char const*)
 *fill*         0x000000000040604e        0x2 
 .text._ZN12RequestTimer7ProcessEv
                0x0000000000406050       0x60 ./src/RequestTimer.o
                0x0000000000406050                RequestTimer::Process()
 .text._ZN2UIL9AdjustingE11ButtonPress
                0x00000000004060b0       0x38 ./src/UserInterface.o
 .text._ZN2UIL13StopAdjustingEv
                0x00000000004060e8       0x30 ./src/UserInterface.o
 .text._ZN2UIL21CurrentButtonReleasedEv
                0x0000000000406118       0x30 ./src/UserInterface.o
 .text._ZN9TextFieldC2Ettt13TextAlignmentPKcS2_b
                0x0000000000406148       0x48 ./src/UserInterface.o
                0x0000000000406148                TextField::TextField(unsigned short, unsigned short, unsigned short, TextAlignment, char const*, char const*, bool)
                0x0000000000406148                TextField::TextField(unsigned short, unsigned short, unsigned short, TextAlignment, char const*, char const*, bool)
 .text._ZN15StaticTextFieldC2Ettt13TextAlignmentPKcb
                0x0000000000406190       0x50 ./src/UserInterface.o
                0x0000000000406190                StaticTextField::StaticTextField(unsigned short, unsigned short, unsigned short, TextAlignment, char const*, bool)
                0x0000000000406190                StaticTextField::StaticTextField(unsigned short, unsigned short, unsigned short, TextAlignment, char const*, bool)
 .text._ZN15StaticTextField8SetValueEPKc
                0x00000000004061e0       0x18 ./src/UserInterface.o
                0x00000000004061e0                StaticTextField::SetValue(char const*)
 .text._ZN19StandardPopupWindowC2EttttttPKct
                0x00000000004061f8       0xd0 ./src/UserInterface.o
                0x00000000004061f8                StandardPopupWindow::StandardPopupWindow(unsigned short, unsigned short, unsigned short, unsigned short, unsigned short, unsigned short, char const*, unsigned short)
                0x00000000004061f8                StandardPopupWindow::StandardPopupWindow(unsigned short, unsigned short, unsigned short, unsigned short, unsigned short, unsigned short, char const*, unsigned short)
 .text._ZN10AlertPopupC2ERK12ColourScheme
                0x00000000004062c8      0x26c ./src/UserInterface.o
                0x00000000004062c8                AlertPopup::AlertPopup(ColourScheme const&)
                0x00000000004062c8                AlertPopup::AlertPopup(ColourScheme const&)
 .text._Z13AddTextButtontjjPKc5EventS0_
                0x0000000000406534       0x60 ./src/UserInterface.o
                0x0000000000406534                AddTextButton(unsigned short, unsigned int, unsigned int, char const*, Event, char const*)
 .text._Z16AddIntegerButtontjjPKcS0_5Event
                0x0000000000406594       0x6c ./src/UserInterface.o
                0x0000000000406594                AddIntegerButton(unsigned short, unsigned int, unsigned int, char const*, char const*, Event)
 .text._Z13AddIconButtontjjPKh5EventPKc
                0x0000000000406600       0x60 ./src/UserInterface.o
                0x0000000000406600                AddIconButton(unsigned short, unsigned int, unsigned int, unsigned char const*, Event, char const*)
 .text._Z21CreateStringButtonRowP6WindowttttjPKPKcS4_5Eventi
                0x0000000000406660       0xb4 ./src/UserInterface.o
                0x0000000000406660                CreateStringButtonRow(Window*, unsigned short, unsigned short, unsigned short, unsigned short, unsigned int, char const* const*, char const* const*, Event, int)
 .text._Z17CreateIntPopupBarRK12ColourSchemetjPKPKcPKi5EventS8_
                0x0000000000406714       0xc4 ./src/UserInterface.o
                0x0000000000406714                CreateIntPopupBar(ColourScheme const&, unsigned short, unsigned int, char const* const*, int const*, Event, Event)
 .text._Z11StripPrefixPKc
                0x00000000004067d8       0x74 ./src/UserInterface.o
                0x00000000004067d8                StripPrefix(char const*)
 .text._Z16ChangeBrightnessb
                0x000000000040684c       0x2c ./src/UserInterface.o
                0x000000000040684c                ChangeBrightness(bool)
 .text._Z23ChangeDisplayDimmerTypev
                0x0000000000406878       0x20 ./src/UserInterface.o
                0x0000000000406878                ChangeDisplayDimmerType()
 .text._Z11UpdateFieldP13IntegerButtoni
                0x0000000000406898       0x20 ./src/UserInterface.o
                0x0000000000406898                UpdateField(IntegerButton*, int)
 .text._Z15PopupAreYouSure5EventPKcS1_
                0x00000000004068b8       0x4c ./src/UserInterface.o
                0x00000000004068b8                PopupAreYouSure(Event, char const*, char const*)
 .text._Z24CreateIntegerAdjustPopupRK12ColourScheme
                0x0000000000406904       0x50 ./src/UserInterface.o
                0x0000000000406904                CreateIntegerAdjustPopup(ColourScheme const&)
 .text._Z18CreateExtrudePopupRK12ColourScheme
                0x0000000000406954      0x1a4 ./src/UserInterface.o
                0x0000000000406954                CreateExtrudePopup(ColourScheme const&)
 .text._Z19CreateFileListPopupR15FileListButtonsPP10TextButtonjjRK12ColourSchemeb
                0x0000000000406af8      0x2f4 ./src/UserInterface.o
                0x0000000000406af8                CreateFileListPopup(FileListButtons&, TextButton**, unsigned int, unsigned int, ColourScheme const&, bool)
 .text._Z21CreateFileActionPopupRK12ColourScheme
                0x0000000000406dec      0x394 ./src/UserInterface.o
                0x0000000000406dec                CreateFileActionPopup(ColourScheme const&)
 .text._Z21CreateAreYouSurePopupRK12ColourScheme
                0x0000000000407180      0x124 ./src/UserInterface.o
                0x0000000000407180                CreateAreYouSurePopup(ColourScheme const&)
 .text._Z19CreateBaudRatePopupRK12ColourScheme
                0x00000000004072a4       0x30 ./src/UserInterface.o
                0x00000000004072a4                CreateBaudRatePopup(ColourScheme const&)
 .text._Z17CreateVolumePopupRK12ColourScheme
                0x00000000004072d4       0x2c ./src/UserInterface.o
                0x00000000004072d4                CreateVolumePopup(ColourScheme const&)
 .text._Z18CreateColoursPopupRK12ColourScheme
                0x0000000000407300       0x40 ./src/UserInterface.o
                0x0000000000407300                CreateColoursPopup(ColourScheme const&)
 .text._Z19CreateLanguagePopupRK12ColourScheme
                0x0000000000407340       0x9c ./src/UserInterface.o
                0x0000000000407340                CreateLanguagePopup(ColourScheme const&)
 .text._Z19CreateKeyboardPopupm12ColourScheme
                0x00000000004073dc      0x2b4 ./src/UserInterface.o
                0x00000000004073dc                CreateKeyboardPopup(unsigned long, ColourScheme)
 .text._Z19CreateBabystepPopupRK12ColourScheme
                0x0000000000407690      0x128 ./src/UserInterface.o
                0x0000000000407690                CreateBabystepPopup(ColourScheme const&)
 .text._Z21CreateTemperatureGridRK12ColourScheme
                0x00000000004077b8      0x290 ./src/UserInterface.o
                0x00000000004077b8                CreateTemperatureGrid(ColourScheme const&)
 .text._Z22CreateControlTabFieldsRK12ColourScheme
                0x0000000000407a48      0x328 ./src/UserInterface.o
                0x0000000000407a48                CreateControlTabFields(ColourScheme const&)
 .text._Z23CreatePrintingTabFieldsRK12ColourScheme
                0x0000000000407d70      0x388 ./src/UserInterface.o
                0x0000000000407d70                CreatePrintingTabFields(ColourScheme const&)
 .text._Z22CreateMessageTabFieldsRK12ColourScheme
                0x00000000004080f8      0x128 ./src/UserInterface.o
                0x00000000004080f8                CreateMessageTabFields(ColourScheme const&)
 .text._Z20CreateSetupTabFieldsmRK12ColourScheme
                0x0000000000408220      0x234 ./src/UserInterface.o
                0x0000000000408220                CreateSetupTabFields(unsigned long, ColourScheme const&)
 .text._Z21DisplayColourGradientv
                0x0000000000408454       0xc4 ./src/UserInterface.o
                0x0000000000408454                DisplayColourGradient()
 .text._Z18CreateCommonFieldsRK12ColourScheme
                0x0000000000408518       0xb0 ./src/UserInterface.o
                0x0000000000408518                CreateCommonFields(ColourScheme const&)
 .text._Z15CreateMainPagesmRK12ColourScheme
                0x00000000004085c8      0x108 ./src/UserInterface.o
                0x00000000004085c8                CreateMainPages(unsigned long, ColourScheme const&)
 .text._ZN2UI15GetNumLanguagesEv
                0x00000000004086d0        0x4 ./src/UserInterface.o
                0x00000000004086d0                UI::GetNumLanguages()
 .text._ZN2UI15ShowFilesButtonEv
                0x00000000004086d4       0x5c ./src/UserInterface.o
                0x00000000004086d4                UI::ShowFilesButton()
 .text._ZN2UI15ShowPauseButtonEv
                0x0000000000408730       0x5c ./src/UserInterface.o
                0x0000000000408730                UI::ShowPauseButton()
 .text._ZN2UI26ShowResumeAndCancelButtonsEv
                0x000000000040878c       0x5c ./src/UserInterface.o
                0x000000000040878c                UI::ShowResumeAndCancelButtons()
 .text._ZN2UI8ShowAxisEjb
                0x00000000004087e8       0x3c ./src/UserInterface.o
                0x00000000004087e8                UI::ShowAxis(unsigned int, bool)
 .text._Z15CreateMovePopupRK12ColourScheme
                0x0000000000408824      0x130 ./src/UserInterface.o
                0x0000000000408824                CreateMovePopup(ColourScheme const&)
 .text._ZN2UI12CreateFieldsEmRK12ColourScheme
                0x0000000000408954      0x198 ./src/UserInterface.o
                0x0000000000408954                UI::CreateFields(unsigned long, ColourScheme const&)
 .text._ZN2UI18UpdateAxisPositionEjf
                0x0000000000408aec       0x1c ./src/UserInterface.o
                0x0000000000408aec                UI::UpdateAxisPosition(unsigned int, float)
 .text._ZN2UI24UpdateCurrentTemperatureEjf
                0x0000000000408b08       0xc0 ./src/UserInterface.o
                0x0000000000408b08                UI::UpdateCurrentTemperature(unsigned int, float)
 .text._ZN2UI18UpdateHeaterStatusEj12HeaterStatus
                0x0000000000408bc8       0x84 ./src/UserInterface.o
                0x0000000000408bc8                UI::UpdateHeaterStatus(unsigned int, HeaterStatus)
 .text._ZN2UI12ShowKeyboardEv
                0x0000000000408c4c       0x30 ./src/UserInterface.o
                0x0000000000408c4c                UI::ShowKeyboard()
 .text._ZN2UI14PopupCancelledEv
                0x0000000000408c7c       0x20 ./src/UserInterface.o
                0x0000000000408c7c                UI::PopupCancelled()
 .text._ZN2UI9DoPollingEv
                0x0000000000408c9c       0x18 ./src/UserInterface.o
                0x0000000000408c9c                UI::DoPolling()
 .text._ZN2UI20UpdatePrintingFieldsEv
                0x0000000000408cb4       0x8c ./src/UserInterface.o
                0x0000000000408cb4                UI::UpdatePrintingFields()
 .text._ZN2UI23SetPrintProgressPercentEj
                0x0000000000408d40       0x14 ./src/UserInterface.o
                0x0000000000408d40                UI::SetPrintProgressPercent(unsigned int)
 .text._ZN2UI14UpdateGeometryEjb
                0x0000000000408d54       0x78 ./src/UserInterface.o
                0x0000000000408d54                UI::UpdateGeometry(unsigned int, bool)
 .text._ZN2UI17UpdateHomedStatusEib
                0x0000000000408dcc       0x40 ./src/UserInterface.o
                0x0000000000408dcc                UI::UpdateHomedStatus(int, bool)
 .text._ZN2UI12UpdateZProbeEPKc
                0x0000000000408e0c       0x3c ./src/UserInterface.o
                0x0000000000408e0c                UI::UpdateZProbe(char const*)
 .text._ZN2UI17UpdateMachineNameEPKc
                0x0000000000408e48       0x3c ./src/UserInterface.o
                0x0000000000408e48                UI::UpdateMachineName(char const*)
 .text._ZN2UI16UpdateFanPercentEi
                0x0000000000408e84       0x14 ./src/UserInterface.o
                0x0000000000408e84                UI::UpdateFanPercent(int)
 .text._ZN2UI23UpdateActiveTemperatureEji
                0x0000000000408e98       0x18 ./src/UserInterface.o
                0x0000000000408e98                UI::UpdateActiveTemperature(unsigned int, int)
 .text._ZN2UI24UpdateStandbyTemperatureEji
                0x0000000000408eb0       0x18 ./src/UserInterface.o
                0x0000000000408eb0                UI::UpdateStandbyTemperature(unsigned int, int)
 .text._ZN2UI21UpdateExtrusionFactorEji
                0x0000000000408ec8       0x18 ./src/UserInterface.o
                0x0000000000408ec8                UI::UpdateExtrusionFactor(unsigned int, int)
 .text._ZN2UI18UpdateSpeedPercentEi
                0x0000000000408ee0       0x14 ./src/UserInterface.o
                0x0000000000408ee0                UI::UpdateSpeedPercent(int)
 .text._ZN2UI10ClearAlertEv
                0x0000000000408ef4       0x38 ./src/UserInterface.o
                0x0000000000408ef4                UI::ClearAlert()
 .text._ZN2UI4SpinEv
                0x0000000000408f2c       0x50 ./src/UserInterface.o
                0x0000000000408f2c                UI::Spin()
 .text._ZN2UI13CanDimDisplayEv
                0x0000000000408f7c       0x14 ./src/UserInterface.o
                0x0000000000408f7c                UI::CanDimDisplay()
 .text._ZN2UI12FileSelectedEPKc
                0x0000000000408f90       0xb0 ./src/UserInterface.o
                0x0000000000408f90                UI::FileSelected(char const*)
 .text._ZN2UI22UpdateFileObjectHeightEf
                0x0000000000409040       0x14 ./src/UserInterface.o
                0x0000000000409040                UI::UpdateFileObjectHeight(float)
 .text._ZN2UI21UpdateFileLayerHeightEf
                0x0000000000409054       0x14 ./src/UserInterface.o
                0x0000000000409054                UI::UpdateFileLayerHeight(float)
 .text._ZN2UI14UpdateFileSizeEi
                0x0000000000409068       0x14 ./src/UserInterface.o
                0x0000000000409068                UI::UpdateFileSize(int)
 .text._ZN2UI18UpdateFileFilamentEi
                0x000000000040907c       0x14 ./src/UserInterface.o
                0x000000000040907c                UI::UpdateFileFilament(int)
 .text._ZN2UI20IsDisplayingFileInfoEv
                0x0000000000409090       0x10 ./src/UserInterface.o
                0x0000000000409090                UI::IsDisplayingFileInfo()
 .text._ZN2UI23FirmwareFeaturesChangedEm
                0x00000000004090a0       0x30 ./src/UserInterface.o
                0x00000000004090a0                UI::FirmwareFeaturesChanged(unsigned long)
 .text._ZN2UI20OnButtonPressTimeoutEv
                0x00000000004090d0       0x14 ./src/UserInterface.o
                0x00000000004090d0                UI::OnButtonPressTimeout()
 .text._ZN2UI24DisplayFilesOrMacrosListEbij
                0x00000000004090e4       0x5c ./src/UserInterface.o
                0x00000000004090e4                UI::DisplayFilesOrMacrosList(bool, int, unsigned int)
 .text._ZN2UI14FileListLoadedEbi
                0x0000000000409140       0x40 ./src/UserInterface.o
                0x0000000000409140                UI::FileListLoaded(bool, int)
 .text._ZN2UI20EnableFileNavButtonsEbbbb
                0x0000000000409180       0x44 ./src/UserInterface.o
                0x0000000000409180                UI::EnableFileNavButtons(bool, bool, bool, bool)
 .text._ZN2UI16UpdateFileButtonEbjPKcS1_
                0x00000000004091c4       0x48 ./src/UserInterface.o
                0x00000000004091c4                UI::UpdateFileButton(bool, unsigned int, char const*, char const*)
 .text._ZN2UI19GetNumScrolledFilesEb
                0x000000000040920c        0x4 ./src/UserInterface.o
                0x000000000040920c                UI::GetNumScrolledFiles(bool)
 .text._ZN2UI17SetBabystepOffsetEf
                0x0000000000409210       0x14 ./src/UserInterface.o
                0x0000000000409210                UI::SetBabystepOffset(float)
 .text._ZN6StringILj50EE3catEPKc
                0x0000000000409224       0x1e ./src/UserInterface.o
                0x0000000000409224                String<50u>::cat(char const*)
 *fill*         0x0000000000409242        0x2 
 .text._ZN2UI25UpdateFileGeneratedByTextEPKc
                0x0000000000409244       0x2c ./src/UserInterface.o
                0x0000000000409244                UI::UpdateFileGeneratedByText(char const*)
 .text._ZN6StringILj50EE4catfEPKcz
                0x0000000000409270       0x40 ./src/UserInterface.o
                0x0000000000409270                String<50u>::catf(char const*, ...)
 .text._ZN2UIL14AppendTimeLeftEi
                0x00000000004092b0       0x6c ./src/UserInterface.o
 .text._ZN2UI15UpdateTimesLeftEjj
                0x000000000040931c       0x88 ./src/UserInterface.o
                0x000000000040931c                UI::UpdateTimesLeft(unsigned int, unsigned int)
 .text._ZN6StringILj12EE6printfEPKcz
                0x00000000004093a4       0x38 ./src/UserInterface.o
                0x00000000004093a4                String<12u>::printf(char const*, ...)
 .text._ZN2UI19UpdatePrintTimeTextEmb
                0x00000000004093dc       0x78 ./src/UserInterface.o
                0x00000000004093dc                UI::UpdatePrintTimeText(unsigned long, bool)
 .text._ZN6StringILj55EE3catEPKc
                0x0000000000409454       0x1e ./src/UserInterface.o
                0x0000000000409454                String<55u>::cat(char const*)
 *fill*         0x0000000000409472        0x2 
 .text._ZN10AlertPopup3SetEPKcS1_lm
                0x0000000000409474       0xc0 ./src/UserInterface.o
                0x0000000000409474                AlertPopup::Set(char const*, char const*, long, unsigned long)
 .text._ZN2UI12ProcessAlertERK5Alert
                0x0000000000409534       0x98 ./src/UserInterface.o
                0x0000000000409534                UI::ProcessAlert(Alert const&)
 .text._ZN2UI18ProcessSimpleAlertEPKc
                0x00000000004095cc       0x7c ./src/UserInterface.o
                0x00000000004095cc                UI::ProcessSimpleAlert(char const*)
 .text._ZN6StringILj40EE3catEPKc
                0x0000000000409648       0x1e ./src/UserInterface.o
                0x0000000000409648                String<40u>::cat(char const*)
 *fill*         0x0000000000409666        0x2 
 .text._ZN2UI23PrintingFilenameChangedEPKc
                0x0000000000409668       0x5c ./src/UserInterface.o
                0x0000000000409668                UI::PrintingFilenameChanged(char const*)
 .text._ZN6StringILj20EE3catEPKc
                0x00000000004096c4       0x1e ./src/UserInterface.o
                0x00000000004096c4                String<20u>::cat(char const*)
 *fill*         0x00000000004096e2        0x2 
 .text._ZN2UI20UpdateMacroShortListEjPKc
                0x00000000004096e4       0x90 ./src/UserInterface.o
                0x00000000004096e4                UI::UpdateMacroShortList(unsigned int, char const*)
 .text._ZN2UI26UpdateFileLastModifiedTextEPKc
                0x0000000000409774       0x44 ./src/UserInterface.o
                0x0000000000409774                UI::UpdateFileLastModifiedText(char const*)
 .text.startup._GLOBAL__sub_I_fwVersionField
                0x00000000004097b8       0xbc ./src/UserInterface.o
 .text._ZN2UI10ChangePageEP10ButtonBase
                0x0000000000409874      0x118 ./src/UserInterface.o
                0x0000000000409874                UI::ChangePage(ButtonBase*)
 .text._ZN2UI12ChangeStatusE13PrinterStatusS0_
                0x000000000040998c       0xa4 ./src/UserInterface.o
                0x000000000040998c                UI::ChangeStatus(PrinterStatus, PrinterStatus)
 .text._ZN2UI12PrintStartedEv
                0x0000000000409a30       0x10 ./src/UserInterface.o
                0x0000000000409a30                UI::PrintStarted()
 .text._ZN2UI15ShowDefaultPageEv
                0x0000000000409a40       0x10 ./src/UserInterface.o
                0x0000000000409a40                UI::ShowDefaultPage()
 .text._ZN2UI12ProcessTouchE11ButtonPress
                0x0000000000409a50      0xa80 ./src/UserInterface.o
                0x0000000000409a50                UI::ProcessTouch(ButtonPress)
 .text._ZN2UI24ProcessTouchOutsidePopupE11ButtonPress
                0x000000000040a4d0      0x104 ./src/UserInterface.o
                0x000000000040a4d0                UI::ProcessTouchOutsidePopup(ButtonPress)
 .text._ZN2UI29AdjustControlPageMacroButtonsEv
                0x000000000040a5d4       0xd0 ./src/UserInterface.o
                0x000000000040a5d4                UI::AdjustControlPageMacroButtons()
 .text._ZN2UI13SetNumHeatersEj
                0x000000000040a6a4       0xcc ./src/UserInterface.o
                0x000000000040a6a4                UI::SetNumHeaters(unsigned int)
 .text._ZN2UI11SetNumToolsEj
                0x000000000040a770       0x48 ./src/UserInterface.o
                0x000000000040a770                UI::SetNumTools(unsigned int)
 .text          0x000000000040a7b8      0x378 /usr/lib/gcc/arm-none-eabi/7.1.0/thumb/v7-m/libgcc.a(_arm_addsubdf3.o)
                0x000000000040a7b8                __aeabi_drsub
                0x000000000040a7c0                __aeabi_dsub
                0x000000000040a7c0                __subdf3
                0x000000000040a7c4                __adddf3
                0x000000000040a7c4                __aeabi_dadd
                0x000000000040aa3c                __aeabi_ui2d
                0x000000000040aa3c                __floatunsidf
                0x000000000040aa5c                __floatsidf
                0x000000000040aa5c                __aeabi_i2d
                0x000000000040aa80                __extendsfdf2
                0x000000000040aa80                __aeabi_f2d
                0x000000000040aac4                __aeabi_ul2d
                0x000000000040aac4                __floatundidf
                0x000000000040aad4                __floatdidf
                0x000000000040aad4                __aeabi_l2d
 .text          0x000000000040ab30      0x424 /usr/lib/gcc/arm-none-eabi/7.1.0/thumb/v7-m/libgcc.a(_arm_muldivdf3.o)
                0x000000000040ab30                __aeabi_dmul
                0x000000000040ab30                __muldf3
                0x000000000040ad84                __aeabi_ddiv
                0x000000000040ad84                __divdf3
 .text          0x000000000040af54       0x50 /usr/lib/gcc/arm-none-eabi/7.1.0/thumb/v7-m/libgcc.a(_arm_fixdfsi.o)
                0x000000000040af54                __fixdfsi
                0x000000000040af54                __aeabi_d2iz
 .text          0x000000000040afa4       0x40 /usr/lib/gcc/arm-none-eabi/7.1.0/thumb/v7-m/libgcc.a(_arm_fixunsdfsi.o)
                0x000000000040afa4                __fixunsdfsi
                0x000000000040afa4                __aeabi_d2uiz
 .text          0x000000000040afe4       0xa0 /usr/lib/gcc/arm-none-eabi/7.1.0/thumb/v7-m/libgcc.a(_arm_truncdfsf2.o)
                0x000000000040afe4                __aeabi_d2f
                0x000000000040afe4                __truncdfsf2
 .text          0x000000000040b084      0x21c /usr/lib/gcc/arm-none-eabi/7.1.0/thumb/v7-m/libgcc.a(_arm_addsubsf3.o)
                0x000000000040b084                __aeabi_frsub
                0x000000000040b08c                __subsf3
                0x000000000040b08c                __aeabi_fsub
                0x000000000040b090                __aeabi_fadd
                0x000000000040b090                __addsf3
                0x000000000040b1f0                __aeabi_ui2f
                0x000000000040b1f0                __floatunsisf
                0x000000000040b1f8                __aeabi_i2f
                0x000000000040b1f8                __floatsisf
                0x000000000040b214                __floatundisf
                0x000000000040b214                __aeabi_ul2f
                0x000000000040b224                __floatdisf
                0x000000000040b224                __aeabi_l2f
 .text          0x000000000040b2a0      0x2a0 /usr/lib/gcc/arm-none-eabi/7.1.0/thumb/v7-m/libgcc.a(_arm_muldivsf3.o)
                0x000000000040b2a0                __mulsf3
                0x000000000040b2a0                __aeabi_fmul
                0x000000000040b408                __divsf3
                0x000000000040b408                __aeabi_fdiv
 .text          0x000000000040b540       0xec /usr/lib/gcc/arm-none-eabi/7.1.0/thumb/v7-m/libgcc.a(_arm_cmpsf2.o)
                0x000000000040b540                __gtsf2
                0x000000000040b540                __gesf2
                0x000000000040b548                __lesf2
                0x000000000040b548                __ltsf2
                0x000000000040b550                __nesf2
                0x000000000040b550                __eqsf2
                0x000000000040b550                __cmpsf2
                0x000000000040b5b0                __aeabi_cfrcmple
                0x000000000040b5b8                __aeabi_cfcmple
                0x000000000040b5b8                __aeabi_cfcmpeq
                0x000000000040b5c8                __aeabi_fcmpeq
                0x000000000040b5dc                __aeabi_fcmplt
                0x000000000040b5f0                __aeabi_fcmple
                0x000000000040b604                __aeabi_fcmpge
                0x000000000040b618                __aeabi_fcmpgt
 .text          0x000000000040b62c       0x2c /usr/lib/gcc/arm-none-eabi/7.1.0/thumb/v7-m/libgcc.a(_arm_unordsf2.o)
                0x000000000040b62c                __aeabi_fcmpun
                0x000000000040b62c                __unordsf2
 .text          0x000000000040b658       0x4c /usr/lib/gcc/arm-none-eabi/7.1.0/thumb/v7-m/libgcc.a(_arm_fixsfsi.o)
                0x000000000040b658                __fixsfsi
                0x000000000040b658                __aeabi_f2iz
 .text          0x000000000040b6a4       0x40 /usr/lib/gcc/arm-none-eabi/7.1.0/thumb/v7-m/libgcc.a(_arm_fixunssfsi.o)
                0x000000000040b6a4                __aeabi_f2uiz
                0x000000000040b6a4                __fixunssfsi
 .text.__libc_init_array
                0x000000000040b6e4       0x48 /usr/lib/gcc/arm-none-eabi/7.1.0/../../../../arm-none-eabi/lib/thumb/v7-m/libc_nano.a(lib_a-init.o)
                0x000000000040b6e4                __libc_init_array
 .text.memcmp   0x000000000040b72c       0x1e /usr/lib/gcc/arm-none-eabi/7.1.0/../../../../arm-none-eabi/lib/thumb/v7-m/libc_nano.a(lib_a-memcmp.o)
                0x000000000040b72c                memcmp
 .text.memcpy   0x000000000040b74a       0x16 /usr/lib/gcc/arm-none-eabi/7.1.0/../../../../arm-none-eabi/lib/thumb/v7-m/libc_nano.a(lib_a-memcpy-stub.o)
                0x000000000040b74a                memcpy
 .text.memset   0x000000000040b760       0x10 /usr/lib/gcc/arm-none-eabi/7.1.0/../../../../arm-none-eabi/lib/thumb/v7-m/libc_nano.a(lib_a-memset.o)
                0x000000000040b760                memset
 .text.snprintf
                0x000000000040b770       0x68 /usr/lib/gcc/arm-none-eabi/7.1.0/../../../../arm-none-eabi/lib/thumb/v7-m/libc_nano.a(lib_a-snprintf.o)
                0x000000000040b770                snprintf
                0x000000000040b770                sniprintf
 .text.strcasecmp
                0x000000000040b7d8       0x3c /usr/lib/gcc/arm-none-eabi/7.1.0/../../../../arm-none-eabi/lib/thumb/v7-m/libc_nano.a(lib_a-strcasecmp.o)
                0x000000000040b7d8                strcasecmp
 .text.strchr   0x000000000040b814       0x1a /usr/lib/gcc/arm-none-eabi/7.1.0/../../../../arm-none-eabi/lib/thumb/v7-m/libc_nano.a(lib_a-strchr.o)
                0x000000000040b814                strchr
 .text          0x000000000040b82e       0x14 /usr/lib/gcc/arm-none-eabi/7.1.0/../../../../arm-none-eabi/lib/thumb/v7-m/libc_nano.a(lib_a-strcmp.o)
                0x000000000040b82e                strcmp
 .text          0x000000000040b842       0x10 /usr/lib/gcc/arm-none-eabi/7.1.0/../../../../arm-none-eabi/lib/thumb/v7-m/libc_nano.a(lib_a-strlen.o)
                0x000000000040b842                strlen
 .text.strncmp  0x000000000040b852       0x24 /usr/lib/gcc/arm-none-eabi/7.1.0/../../../../arm-none-eabi/lib/thumb/v7-m/libc_nano.a(lib_a-strncmp.o)
                0x000000000040b852                strncmp
 .text.unlikely.sulp
                0x000000000040b876       0x42 /usr/lib/gcc/arm-none-eabi/7.1.0/../../../../arm-none-eabi/lib/thumb/v7-m/libc_nano.a(lib_a-strtod.o)
 .text._strtod_l
                0x000000000040b8b8      0xc00 /usr/lib/gcc/arm-none-eabi/7.1.0/../../../../arm-none-eabi/lib/thumb/v7-m/libc_nano.a(lib_a-strtod.o)
                0x000000000040b8b8                _strtod_l
 .text.strtof   0x000000000040c4b8       0x9c /usr/lib/gcc/arm-none-eabi/7.1.0/../../../../arm-none-eabi/lib/thumb/v7-m/libc_nano.a(lib_a-strtod.o)
                0x000000000040c4b8                strtof
 .text._strtol_l.isra.0
                0x000000000040c554      0x104 /usr/lib/gcc/arm-none-eabi/7.1.0/../../../../arm-none-eabi/lib/thumb/v7-m/libc_nano.a(lib_a-strtol.o)
 .text.strtol   0x000000000040c658       0x2c /usr/lib/gcc/arm-none-eabi/7.1.0/../../../../arm-none-eabi/lib/thumb/v7-m/libc_nano.a(lib_a-strtol.o)
                0x000000000040c658                strtol
 .text._strtoul_l.isra.0
                0x000000000040c684       0xf6 /usr/lib/gcc/arm-none-eabi/7.1.0/../../../../arm-none-eabi/lib/thumb/v7-m/libc_nano.a(lib_a-strtoul.o)
 *fill*         0x000000000040c77a        0x2 
 .text.strtoul  0x000000000040c77c       0x2c /usr/lib/gcc/arm-none-eabi/7.1.0/../../../../arm-none-eabi/lib/thumb/v7-m/libc_nano.a(lib_a-strtoul.o)
                0x000000000040c77c                strtoul
 .text._vsnprintf_r
                0x000000000040c7a8       0x58 /usr/lib/gcc/arm-none-eabi/7.1.0/../../../../arm-none-eabi/lib/thumb/v7-m/libc_nano.a(lib_a-vsnprintf.o)
                0x000000000040c7a8                _vsnprintf_r
                0x000000000040c7a8                _vsniprintf_r
 .text.vsnprintf
                0x000000000040c800       0x1c /usr/lib/gcc/arm-none-eabi/7.1.0/../../../../arm-none-eabi/lib/thumb/v7-m/libc_nano.a(lib_a-vsnprintf.o)
                0x000000000040c800                vsnprintf
                0x000000000040c800                vsniprintf
 .text.rshift   0x000000000040c81c       0x76 /usr/lib/gcc/arm-none-eabi/7.1.0/../../../../arm-none-eabi/lib/thumb/v7-m/libc_nano.a(lib_a-gdtoa-gethex.o)
 .text.__hexdig_fun
                0x000000000040c892       0x2a /usr/lib/gcc/arm-none-eabi/7.1.0/../../../../arm-none-eabi/lib/thumb/v7-m/libc_nano.a(lib_a-gdtoa-gethex.o)
                0x000000000040c892                __hexdig_fun
 .text.__gethex