Archive member included to satisfy reference by file (symbol)

/opt/x-tools/gcc-arm-none-eabi-7-2018-q2-update/bin/../lib/gcc/arm-none-eabi/7.3.1/thumb/v7-m/libgcc.a(_arm_addsubdf3.o)
                              ./src/PanelDue.o (__aeabi_dsub)
/opt/x-tools/gcc-arm-none-eabi-7-2018-q2-update/bin/../lib/gcc/arm-none-eabi/7.3.1/thumb/v7-m/libgcc.a(_arm_muldivdf3.o)
                              ./src/PanelDue.o (__aeabi_dmul)
/opt/x-tools/gcc-arm-none-eabi-7-2018-q2-update/bin/../lib/gcc/arm-none-eabi/7.3.1/thumb/v7-m/libgcc.a(_arm_fixdfsi.o)
                              ./src/PanelDue.o (__aeabi_d2iz)
/opt/x-tools/gcc-arm-none-eabi-7-2018-q2-update/bin/../lib/gcc/arm-none-eabi/7.3.1/thumb/v7-m/libgcc.a(_arm_fixunsdfsi.o)
                              ./src/PanelDue.o (__aeabi_d2uiz)
/opt/x-tools/gcc-arm-none-eabi-7-2018-q2-update/bin/../lib/gcc/arm-none-eabi/7.3.1/thumb/v7-m/libgcc.a(_arm_truncdfsf2.o)
                              ./src/Print.o (__aeabi_d2f)
/opt/x-tools/gcc-arm-none-eabi-7-2018-q2-update/bin/../lib/gcc/arm-none-eabi/7.3.1/thumb/v7-m/libgcc.a(_arm_addsubsf3.o)
                              ./src/Print.o (__aeabi_fsub)
/opt/x-tools/gcc-arm-none-eabi-7-2018-q2-update/bin/../lib/gcc/arm-none-eabi/7.3.1/thumb/v7-m/libgcc.a(_arm_muldivsf3.o)
                              ./src/Print.o (__aeabi_fmul)
/opt/x-tools/gcc-arm-none-eabi-7-2018-q2-update/bin/../lib/gcc/arm-none-eabi/7.3.1/thumb/v7-m/libgcc.a(_arm_cmpsf2.o)
                              ./src/PanelDue.o (__aeabi_fcmplt)
/opt/x-tools/gcc-arm-none-eabi-7-2018-q2-update/bin/../lib/gcc/arm-none-eabi/7.3.1/thumb/v7-m/libgcc.a(_arm_unordsf2.o)
                              ./src/Print.o (__aeabi_fcmpun)
/opt/x-tools/gcc-arm-none-eabi-7-2018-q2-update/bin/../lib/gcc/arm-none-eabi/7.3.1/thumb/v7-m/libgcc.a(_arm_fixsfsi.o)
                              ./src/PanelDue.o (__aeabi_f2iz)
/opt/x-tools/gcc-arm-none-eabi-7-2018-q2-update/bin/../lib/gcc/arm-none-eabi/7.3.1/thumb/v7-m/libgcc.a(_arm_fixunssfsi.o)
                              ./src/Print.o (__aeabi_f2uiz)
/opt/x-tools/gcc-arm-none-eabi-7-2018-q2-update/bin/../lib/gcc/arm-none-eabi/7.3.1/../../../../arm-none-eabi/lib/thumb/v7-m/libc_nano.a(lib_a-exit.o)
                              /opt/x-tools/gcc-arm-none-eabi-7-2018-q2-update/bin/../lib/gcc/arm-none-eabi/7.3.1/../../../../arm-none-eabi/lib/thumb/v7-m/crt0.o (exit)
/opt/x-tools/gcc-arm-none-eabi-7-2018-q2-update/bin/../lib/gcc/arm-none-eabi/7.3.1/../../../../arm-none-eabi/lib/thumb/v7-m/libc_nano.a(lib_a-impure.o)
                              /opt/x-tools/gcc-arm-none-eabi-7-2018-q2-update/bin/../lib/gcc/arm-none-eabi/7.3.1/../../../../arm-none-eabi/lib/thumb/v7-m/libc_nano.a(lib_a-exit.o) (_global_impure_ptr)
/opt/x-tools/gcc-arm-none-eabi-7-2018-q2-update/bin/../lib/gcc/arm-none-eabi/7.3.1/../../../../arm-none-eabi/lib/thumb/v7-m/libc_nano.a(lib_a-init.o)
                              /opt/x-tools/gcc-arm-none-eabi-7-2018-q2-update/bin/../lib/gcc/arm-none-eabi/7.3.1/../../../../arm-none-eabi/lib/thumb/v7-m/crt0.o (__libc_init_array)
/opt/x-tools/gcc-arm-none-eabi-7-2018-q2-update/bin/../lib/gcc/arm-none-eabi/7.3.1/../../../../arm-none-eabi/lib/thumb/v7-m/libc_nano.a(lib_a-memcmp.o)
                              ./src/UserInterface.o (memcmp)
/opt/x-tools/gcc-arm-none-eabi-7-2018-q2-update/bin/../lib/gcc/arm-none-eabi/7.3.1/../../../../arm-none-eabi/lib/thumb/v7-m/libc_nano.a(lib_a-memcpy-stub.o)
                              ./src/Hardware/FlashStorage.o (memcpy)
/opt/x-tools/gcc-arm-none-eabi-7-2018-q2-update/bin/../lib/gcc/arm-none-eabi/7.3.1/../../../../arm-none-eabi/lib/thumb/v7-m/libc_nano.a(lib_a-memset.o)
                              /opt/x-tools/gcc-arm-none-eabi-7-2018-q2-update/bin/../lib/gcc/arm-none-eabi/7.3.1/../../../../arm-none-eabi/lib/thumb/v7-m/crt0.o (memset)
/opt/x-tools/gcc-arm-none-eabi-7-2018-q2-update/bin/../lib/gcc/arm-none-eabi/7.3.1/../../../../arm-none-eabi/lib/thumb/v7-m/libc_nano.a(lib_a-printf.o)
                              ./src/ASF/sam/utils/syscalls/gcc/syscalls.o (printf)
/opt/x-tools/gcc-arm-none-eabi-7-2018-q2-update/bin/../lib/gcc/arm-none-eabi/7.3.1/../../../../arm-none-eabi/lib/thumb/v7-m/libc_nano.a(lib_a-snprintf.o)
                              ./src/MessageLog.o (snprintf)
/opt/x-tools/gcc-arm-none-eabi-7-2018-q2-update/bin/../lib/gcc/arm-none-eabi/7.3.1/../../../../arm-none-eabi/lib/thumb/v7-m/libc_nano.a(lib_a-strcasecmp.o)
                              ./src/FileManager.o (strcasecmp)
/opt/x-tools/gcc-arm-none-eabi-7-2018-q2-update/bin/../lib/gcc/arm-none-eabi/7.3.1/../../../../arm-none-eabi/lib/thumb/v7-m/libc_nano.a(lib_a-strchr.o)
                              ./src/PanelDue.o (strchr)
/opt/x-tools/gcc-arm-none-eabi-7-2018-q2-update/bin/../lib/gcc/arm-none-eabi/7.3.1/../../../../arm-none-eabi/lib/thumb/v7-m/libc_nano.a(lib_a-strcmp.o)
                              ./src/PanelDue.o (strcmp)
[...]
Memory Configuration

Name             Origin             Length             Attributes
rom              0x0000000000400000 0x0000000000020000 xr
ram              0x0000000020000000 0x0000000000008000 xrw
*default*        0x0000000000000000 0xffffffffffffffff

Linker script and memory map

LOAD /opt/x-tools/gcc-arm-none-eabi-7-2018-q2-update/bin/../lib/gcc/arm-none-eabi/7.3.1/thumb/v7-m/crti.o
LOAD /opt/x-tools/gcc-arm-none-eabi-7-2018-q2-update/bin/../lib/gcc/arm-none-eabi/7.3.1/thumb/v7-m/crtbegin.o
LOAD /opt/x-tools/gcc-arm-none-eabi-7-2018-q2-update/bin/../lib/gcc/arm-none-eabi/7.3.1/../../../../arm-none-eabi/lib/thumb/v7-m/crt0.o
                0x0000000000001000                __stack_size__ = 0x1000
LOAD ./src/Library/Misc.o
LOAD ./src/Icons/HomeIcons.o
LOAD ./src/Icons/KeyIcons.o
LOAD ./src/Icons/MiscIcons.o
LOAD ./src/Icons/NozzleIcons.o
LOAD ./src/Hardware/Buzzer.o
LOAD ./src/Hardware/FlashStorage.o
LOAD ./src/Hardware/Mem.o
LOAD ./src/Hardware/OneBitPort.o
LOAD ./src/Hardware/SerialIo.o
LOAD ./src/Hardware/SysTick.o
LOAD ./src/Hardware/UTFT.o
LOAD ./src/Hardware/UTouch.o
LOAD ./src/Fonts/glcd19x20.o
LOAD ./src/Fonts/glcd19x21.o
LOAD ./src/Fonts/glcd20x30.o
LOAD ./src/Fonts/glcd22x32.o
LOAD ./src/Fonts/glcd28x32.o
LOAD ./src/ASF/sam/utils/syscalls/gcc/syscalls.o
LOAD ./src/ASF/sam/utils/cmsis/sam3s/source/templates/gcc/startup_sam3s.o
LOAD ./src/ASF/sam/utils/cmsis/sam3s/source/templates/exceptions.o
LOAD ./src/ASF/sam/utils/cmsis/sam3s/source/templates/system_sam3s.o
LOAD ./src/ASF/sam/services/flash_efc/flash_efc.o
LOAD ./src/ASF/sam/drivers/wdt/wdt.o
LOAD ./src/ASF/sam/drivers/uart/uart.o
LOAD ./src/ASF/sam/drivers/rstc/rstc.o
LOAD ./src/ASF/sam/drivers/pwm/pwm.o
LOAD ./src/ASF/sam/drivers/pmc/pmc.o
LOAD ./src/ASF/sam/drivers/pio/pio.o
LOAD ./src/ASF/sam/drivers/pio/pio_handler.o
LOAD ./src/ASF/sam/drivers/matrix/matrix.o
LOAD ./src/ASF/sam/drivers/efc/efc.o
LOAD ./src/ASF/common/utils/interrupt/interrupt_sam_nvic.o
LOAD ./src/ASF/common/services/delay/sam/cycle_counter.o
LOAD ./src/ASF/common/services/clock/sam3s/sysclk.o
LOAD ./src/ASF/common/boards/user_board/init.o
LOAD ./src/ColourSchemes.o
LOAD ./src/Display.o
LOAD ./src/FileManager.o
LOAD ./src/MessageLog.o
LOAD ./src/PanelDue.o
LOAD ./src/Print.o
LOAD ./src/RequestTimer.o
LOAD ./src/UserInterface.o
LOAD /opt/x-tools/gcc-arm-none-eabi-7-2018-q2-update/bin/../lib/gcc/arm-none-eabi/7.3.1/../../../../arm-none-eabi/lib/thumb/v7-m/libstdc++_nano.a
LOAD /opt/x-tools/gcc-arm-none-eabi-7-2018-q2-update/bin/../lib/gcc/arm-none-eabi/7.3.1/../../../../arm-none-eabi/lib/thumb/v7-m/libm.a
START GROUP
LOAD /opt/x-tools/gcc-arm-none-eabi-7-2018-q2-update/bin/../lib/gcc/arm-none-eabi/7.3.1/thumb/v7-m/libgcc.a
LOAD /opt/x-tools/gcc-arm-none-eabi-7-2018-q2-update/bin/../lib/gcc/arm-none-eabi/7.3.1/../../../../arm-none-eabi/lib/thumb/v7-m/libc_nano.a
END GROUP
START GROUP
LOAD /opt/x-tools/gcc-arm-none-eabi-7-2018-q2-update/bin/../lib/gcc/arm-none-eabi/7.3.1/thumb/v7-m/libgcc.a
LOAD /opt/x-tools/gcc-arm-none-eabi-7-2018-q2-update/bin/../lib/gcc/arm-none-eabi/7.3.1/../../../../arm-none-eabi/lib/thumb/v7-m/libc_nano.a
END GROUP
LOAD /opt/x-tools/gcc-arm-none-eabi-7-2018-q2-update/bin/../lib/gcc/arm-none-eabi/7.3.1/thumb/v7-m/crtend.o
LOAD /opt/x-tools/gcc-arm-none-eabi-7-2018-q2-update/bin/../lib/gcc/arm-none-eabi/7.3.1/thumb/v7-m/crtn.o
                0x0000000000002000                __stack_size__ = DEFINED (__stack_size__)?__stack_size__:0x2000
                0x0000000020007ffc                __ram_end__ = ((ORIGIN (ram) + LENGTH (ram)) - 0x4)
                0x0000000000400000                __flash_start__ = ORIGIN (rom)
                0x0000000000420000                __flash_end__ = (ORIGIN (rom) + LENGTH (rom))

.text           0x0000000000400000    0x16524
                0x0000000000400000                . = ALIGN (0x4)
                0x0000000000400000                _sfixed = .
 *(.vectors .vectors.*)
 .vectors       0x0000000000400000       0xd0 ./src/ASF/sam/utils/cmsis/sam3s/source/templates/gcc/startup_sam3s.o
                0x0000000000400000                exception_table
 *(.text .text.* .gnu.linkonce.t.*)
 .text          0x00000000004000d0       0x40 /opt/x-tools/gcc-arm-none-eabi-7-2018-q2-update/bin/../lib/gcc/arm-none-eabi/7.3.1/thumb/v7-m/crtbegin.o
 .text._Z11safeStrncpyPcPKcj
                0x0000000000400110       0x1e ./src/Library/Misc.o
                0x0000000000400110                safeStrncpy(char*, char const*, unsigned int)
 .text._Z16stringStartsWithPKcS0_
                0x000000000040012e       0x18 ./src/Library/Misc.o
                0x000000000040012e                stringStartsWith(char const*, char const*)
 .text._Z23SkipDigitsAndUnderscorePKc
                0x0000000000400146       0x24 ./src/Library/Misc.o
                0x0000000000400146                SkipDigitsAndUnderscore(char const*)
 *fill*         0x000000000040016a        0x2 
 .text._ZN6Buzzer4InitEv
                0x000000000040016c       0x74 ./src/Hardware/Buzzer.o
                0x000000000040016c                Buzzer::Init()
 .text._ZN6Buzzer4BeepEmmm
                0x00000000004001e0       0xc0 ./src/Hardware/Buzzer.o
                0x00000000004001e0                Buzzer::Beep(unsigned long, unsigned long, unsigned long)
 .text._ZN6Buzzer4TickEv
                0x00000000004002a0       0x4c ./src/Hardware/Buzzer.o
                0x00000000004002a0                Buzzer::Tick()
 .text._ZN6Buzzer5NoisyEv
                0x00000000004002ec       0x10 ./src/Hardware/Buzzer.o
                0x00000000004002ec                Buzzer::Noisy()
 .text._ZN6Buzzer12SetBacklightEm
                0x00000000004002fc       0x48 ./src/Hardware/Buzzer.o
                0x00000000004002fc                Buzzer::SetBacklight(unsigned long)
 .text._ZN12FlashStorage4readEmPvm
                0x0000000000400344       0x14 ./src/Hardware/FlashStorage.o
                0x0000000000400344                FlashStorage::read(unsigned long, void*, unsigned long)
 .text._ZN12FlashStorage5writeEmPKvm
                0x0000000000400358       0xe8 ./src/Hardware/FlashStorage.o
                0x0000000000400358                FlashStorage::write(unsigned long, void const*, unsigned long)
 .text._Znwj    0x0000000000400440       0x1c ./src/Hardware/Mem.o
                0x0000000000400440                operator new(unsigned int)
 .text._Z13getFreeMemoryv
                0x000000000040045c       0x20 ./src/Hardware/Mem.o
                0x000000000040045c                getFreeMemory()
 .text._ZN10OneBitPortC2Ej
                0x000000000040047c       0x24 ./src/Hardware/OneBitPort.o
                0x000000000040047c                OneBitPort::OneBitPort(unsigned int)
                0x000000000040047c                OneBitPort::OneBitPort(unsigned int)
 .text._ZN10OneBitPort7setModeENS_8PortModeE
                0x00000000004004a0       0x24 ./src/Hardware/OneBitPort.o
                0x00000000004004a0                OneBitPort::setMode(OneBitPort::PortMode)
 .text._ZN10OneBitPort5delayEh
                0x00000000004004c4        0xc ./src/Hardware/OneBitPort.o
                0x00000000004004c4                OneBitPort::delay(unsigned char)
 .text._ZN8SerialIoL7InArrayEv
                0x00000000004004d0       0x1c ./src/Hardware/SerialIo.o
 .text._ZN8SerialIoL16RemoveLastIdCharEv
                0x00000000004004ec       0x14 ./src/Hardware/SerialIo.o
 .text._ZN8SerialIoL12ProcessFieldEv
                0x0000000000400500       0x28 ./src/Hardware/SerialIo.o
 .text._ZN8SerialIoL8EndArrayEv
                0x0000000000400528       0x34 ./src/Hardware/SerialIo.o
 .text._ZN8SerialIoL12RemoveLastIdEv
                0x000000000040055c       0x30 ./src/Hardware/SerialIo.o
 .text._ZN8SerialIo4InitEm
                0x000000000040058c       0x70 ./src/Hardware/SerialIo.o
                0x000000000040058c                SerialIo::Init(unsigned long)
 .text._ZN8SerialIo11RawSendCharEc
                0x00000000004005fc       0x1c ./src/Hardware/SerialIo.o
                0x00000000004005fc                SerialIo::RawSendChar(char)
 .text._ZN8SerialIo19SendCharAndChecksumEc
                0x0000000000400618       0x24 ./src/Hardware/SerialIo.o
                0x0000000000400618                SerialIo::SendCharAndChecksum(char)
 .text._ZN8SerialIo7SendIntEi
                0x000000000040063c       0x38 ./src/Hardware/SerialIo.o
                0x000000000040063c                SerialIo::SendInt(int)
 .text._ZN8SerialIo8SendCharEc
                0x0000000000400674       0x94 ./src/Hardware/SerialIo.o
                0x0000000000400674                SerialIo::SendChar(char)
 .text._ZN8SerialIo10SendStringEPKc
                0x0000000000400708       0x18 ./src/Hardware/SerialIo.o
                0x0000000000400708                SerialIo::SendString(char const*)
 .text._ZN8SerialIo12SendFilenameEPKcS1_
                0x0000000000400720       0x54 ./src/Hardware/SerialIo.o
                0x0000000000400720                SerialIo::SendFilename(char const*, char const*)
 .text._ZN8SerialIo11receiveCharEc
                0x0000000000400774       0x44 ./src/Hardware/SerialIo.o
                0x0000000000400774                SerialIo::receiveChar(char)
 .text.UART1_Handler
                0x00000000004007b8       0x34 ./src/Hardware/SerialIo.o
                0x00000000004007b8                UART1_Handler
 .text._ZN6StringILj50EE3addEc
                0x00000000004007ec       0x26 ./src/Hardware/SerialIo.o
                0x00000000004007ec                String<50u>::add(char)
 .text._ZN6StringILj160EE3addEc
                0x0000000000400812       0x30 ./src/Hardware/SerialIo.o
                0x0000000000400812                String<160u>::add(char)
 *fill*         0x0000000000400842        0x2 
 .text._ZN8SerialIo10CheckInputEv
                0x0000000000400844      0x4e4 ./src/Hardware/SerialIo.o
                0x0000000000400844                SerialIo::CheckInput()
 .text.startup._GLOBAL__sub_I__ZN8SerialIo4InitEm
                0x0000000000400d28       0x1c ./src/Hardware/SerialIo.o
 .text._ZN10SystemTick12GetTickCountEv
                0x0000000000400d44        0xc ./src/Hardware/SysTick.o
                0x0000000000400d44                SystemTick::GetTickCount()
 .text.SysTick_Handler
                0x0000000000400d50       0x28 ./src/Hardware/SysTick.o
                0x0000000000400d50                SysTick_Handler
 .text._ZNK10OneBitPort8pulseLowEv
                0x0000000000400d78       0x1c ./src/Hardware/UTFT.o
                0x0000000000400d78                OneBitPort::pulseLow() const
 .text._ZN4UTFT15LCD_Write_AgainEm
                0x0000000000400d94       0x1c ./src/Hardware/UTFT.o
                0x0000000000400d94                UTFT::LCD_Write_Again(unsigned long)
 .text._ZN4UTFTC2E11DisplayTypejjjjj
                0x0000000000400db0      0x114 ./src/Hardware/UTFT.o
                0x0000000000400db0                UTFT::UTFT(DisplayType, unsigned int, unsigned int, unsigned int, unsigned int, unsigned int)
                0x0000000000400db0                UTFT::UTFT(DisplayType, unsigned int, unsigned int, unsigned int, unsigned int, unsigned int)
 .text._ZN4UTFT13LCD_Write_COMEh
                0x0000000000400ec4       0x1c ./src/Hardware/UTFT.o
                0x0000000000400ec4                UTFT::LCD_Write_COM(unsigned char)
 .text._ZN4UTFT16LCD_Write_DATA16Et
                0x0000000000400ee0       0x1c ./src/Hardware/UTFT.o
                0x0000000000400ee0                UTFT::LCD_Write_DATA16(unsigned short)
 .text._ZN4UTFT25LCD_Write_Repeated_DATA16Etm
                0x0000000000400efc       0x30 ./src/Hardware/UTFT.o
                0x0000000000400efc                UTFT::LCD_Write_Repeated_DATA16(unsigned short, unsigned long)
 .text._ZN4UTFT15LCD_Write_DATA8Eh
                0x0000000000400f2c       0x1c ./src/Hardware/UTFT.o
                0x0000000000400f2c                UTFT::LCD_Write_DATA8(unsigned char)
 .text._ZN4UTFT20LCD_Write_COM_DATA16Eht
                0x0000000000400f48       0x1c ./src/Hardware/UTFT.o
                0x0000000000400f48                UTFT::LCD_Write_COM_DATA16(unsigned char, unsigned short)
 .text._ZN4UTFT5setXYEtttt
                0x0000000000400f64      0x108 ./src/Hardware/UTFT.o
                0x0000000000400f64                UTFT::setXY(unsigned short, unsigned short, unsigned short, unsigned short)
 .text._ZN4UTFT7InitLCDE18DisplayOrientationbb
                0x000000000040106c      0x380 ./src/Hardware/UTFT.o
                0x000000000040106c                UTFT::InitLCD(DisplayOrientation, bool, bool)
 .text._ZN4UTFT10fillCircleEiii
                0x00000000004013ec      0x168 ./src/Hardware/UTFT.o
                0x00000000004013ec                UTFT::fillCircle(int, int, int)
 .text._ZN4UTFT9drawPixelEii
                0x0000000000401554       0x30 ./src/Hardware/UTFT.o
                0x0000000000401554                UTFT::drawPixel(int, int)
 .text._ZN4UTFT9drawHLineEiii
                0x0000000000401584       0x38 ./src/Hardware/UTFT.o
                0x0000000000401584                UTFT::drawHLine(int, int, int)
 .text._ZN4UTFT13fillRoundRectEiiiith
                0x00000000004015bc       0xe8 ./src/Hardware/UTFT.o
                0x00000000004015bc                UTFT::fillRoundRect(int, int, int, int, unsigned short, unsigned char)
 .text._ZN4UTFT9drawVLineEiii
                0x00000000004016a4       0x38 ./src/Hardware/UTFT.o
                0x00000000004016a4                UTFT::drawVLine(int, int, int)
 .text._ZN4UTFT8drawRectEiiii
                0x00000000004016dc       0x68 ./src/Hardware/UTFT.o
                0x00000000004016dc                UTFT::drawRect(int, int, int, int)
 .text._ZN4UTFT13drawRoundRectEiiii
                0x0000000000401744       0xc8 ./src/Hardware/UTFT.o
                0x0000000000401744                UTFT::drawRoundRect(int, int, int, int)
 .text._ZN4UTFT8fillRectEiiiith
                0x000000000040180c       0xb0 ./src/Hardware/UTFT.o
                0x000000000040180c                UTFT::fillRect(int, int, int, int, unsigned short, unsigned char)
 .text._ZN4UTFT8drawLineEiiii
                0x00000000004018bc       0xec ./src/Hardware/UTFT.o
                0x00000000004018bc                UTFT::drawLine(int, int, int, int)
 .text._ZN4UTFT7setFontEPKh
                0x00000000004019a8       0x2c ./src/Hardware/UTFT.o
                0x00000000004019a8                UTFT::setFont(unsigned char const*)
 .text._ZN4UTFT11drawBitmap4EiiiiPKhPKtib
                0x00000000004019d4      0x130 ./src/Hardware/UTFT.o
                0x00000000004019d4                UTFT::drawBitmap4(int, int, int, int, unsigned char const*, unsigned short const*, int, bool)
 .text._ZN4UTFT31drawCompressedBitmapBottomToTopEiiiiPKt
                0x0000000000401b04       0x78 ./src/Hardware/UTFT.o
                0x0000000000401b04                UTFT::drawCompressedBitmapBottomToTop(int, int, int, int, unsigned short const*)
 .text._ZNK4UTFT15getDisplayXSizeEv
                0x0000000000401b7c       0x10 ./src/Hardware/UTFT.o
                0x0000000000401b7c                UTFT::getDisplayXSize() const
 .text._ZN4UTFT10setTextPosEttt
                0x0000000000401b8c       0x28 ./src/Hardware/UTFT.o
                0x0000000000401b8c                UTFT::setTextPos(unsigned short, unsigned short, unsigned short)
 .text._ZNK4UTFT15getDisplayYSizeEv
                0x0000000000401bb4       0x10 ./src/Hardware/UTFT.o
                0x0000000000401bb4                UTFT::getDisplayYSize() const
 .text._ZN4UTFT7fillScrEtt
                0x0000000000401bc4       0x64 ./src/Hardware/UTFT.o
                0x0000000000401bc4                UTFT::fillScr(unsigned short, unsigned short)
 .text._ZN4UTFT13clearToMarginEv
                0x0000000000401c28       0x6c ./src/Hardware/UTFT.o
                0x0000000000401c28                UTFT::clearToMargin()
 .text._ZN4UTFT11writeNativeEt
                0x0000000000401c94      0x24c ./src/Hardware/UTFT.o
                0x0000000000401c94                UTFT::writeNative(unsigned short)
 .text._ZN4UTFT5writeEh
                0x0000000000401ee0       0xb0 ./src/Hardware/UTFT.o
                0x0000000000401ee0                UTFT::write(unsigned char)
 .text._ZN6UTouchC2Ejjjjj
                0x0000000000401f90       0x34 ./src/Hardware/UTouch.o
                0x0000000000401f90                UTouch::UTouch(unsigned int, unsigned int, unsigned int, unsigned int, unsigned int)
                0x0000000000401f90                UTouch::UTouch(unsigned int, unsigned int, unsigned int, unsigned int, unsigned int)
 .text._ZN6UTouch4initEtt18DisplayOrientation
                0x0000000000401fc4       0x68 ./src/Hardware/UTouch.o
                0x0000000000401fc4                UTouch::init(unsigned short, unsigned short, DisplayOrientation)
 .text._ZN6UTouch18touch_WriteCommandEh
                0x000000000040202c       0x3c ./src/Hardware/UTouch.o
                0x000000000040202c                UTouch::touch_WriteCommand(unsigned char)
 .text._ZN6UTouch14touch_ReadDataEh
                0x0000000000402068       0x68 ./src/Hardware/UTouch.o
                0x0000000000402068                UTouch::touch_ReadData(unsigned char)
 .text._ZN6UTouch12getTouchDataEbRt
                0x00000000004020d0       0xb4 ./src/Hardware/UTouch.o
                0x00000000004020d0                UTouch::getTouchData(bool, unsigned short&)
 .text._ZN6UTouch4readERtS0_PtS1_
                0x0000000000402184      0x10c ./src/Hardware/UTouch.o
                0x0000000000402184                UTouch::read(unsigned short&, unsigned short&, unsigned short*, unsigned short*)
 .text._ZN6UTouch9calibrateEttttt
                0x0000000000402290       0x42 ./src/Hardware/UTouch.o
                0x0000000000402290                UTouch::calibrate(unsigned short, unsigned short, unsigned short, unsigned short, unsigned short)
 *fill*         0x00000000004022d2        0x2 
 .text._sbrk    0x00000000004022d4       0x2c ./src/ASF/sam/utils/syscalls/gcc/syscalls.o
                0x00000000004022d4                _sbrk
 .text.Reset_Handler
                0x0000000000402300       0x7c ./src/ASF/sam/utils/cmsis/sam3s/source/templates/gcc/startup_sam3s.o
                0x0000000000402300                Reset_Handler
 .text.Dummy_Handler
                0x000000000040237c        0x2 ./src/ASF/sam/utils/cmsis/sam3s/source/templates/exceptions.o
                0x000000000040237c                DACC_Handler
                0x000000000040237c                DebugMon_Handler
                0x000000000040237c                HardFault_Handler
                0x000000000040237c                TC2_Handler
                0x000000000040237c                SPI_Handler
                0x000000000040237c                TWI1_Handler
                0x000000000040237c                PendSV_Handler
                0x000000000040237c                NMI_Handler
                0x000000000040237c                ADC_Handler
                0x000000000040237c                CRCCU_Handler
                0x000000000040237c                USART0_Handler
                0x000000000040237c                RTT_Handler
                0x000000000040237c                RTC_Handler
                0x000000000040237c                UsageFault_Handler
                0x000000000040237c                WDT_Handler
                0x000000000040237c                TC1_Handler
                0x000000000040237c                HSMCI_Handler
                0x000000000040237c                Dummy_Handler
                0x000000000040237c                TWI0_Handler
                0x000000000040237c                USART1_Handler
                0x000000000040237c                SSC_Handler
                0x000000000040237c                ACC_Handler
                0x000000000040237c                PMC_Handler
                0x000000000040237c                PWM_Handler
                0x000000000040237c                MemManage_Handler
                0x000000000040237c                SUPC_Handler
                0x000000000040237c                SVC_Handler
                0x000000000040237c                EFC_Handler
                0x000000000040237c                UART0_Handler
                0x000000000040237c                UDP_Handler
                0x000000000040237c                BusFault_Handler
                0x000000000040237c                RSTC_Handler
                0x000000000040237c                TC0_Handler
 *fill*         0x000000000040237e        0x2 
 .text.SystemInit
                0x0000000000402380       0x78 ./src/ASF/sam/utils/cmsis/sam3s/source/templates/system_sam3s.o
                0x0000000000402380                SystemInit
 .text.flash_write
                0x00000000004023f8       0xcc ./src/ASF/sam/services/flash_efc/flash_efc.o
                0x00000000004023f8                flash_write
 .text.flash_lock
                0x00000000004024c4       0x54 ./src/ASF/sam/services/flash_efc/flash_efc.o
                0x00000000004024c4                flash_lock
 .text.flash_unlock
                0x0000000000402518       0x54 ./src/ASF/sam/services/flash_efc/flash_efc.o
                0x0000000000402518                flash_unlock
 .text.wdt_init
                0x000000000040256c       0x18 ./src/ASF/sam/drivers/wdt/wdt.o
                0x000000000040256c                wdt_init
 .text.wdt_restart
                0x0000000000402584       0x14 ./src/ASF/sam/drivers/wdt/wdt.o
                0x0000000000402584                wdt_restart
 .text.uart_init
                0x0000000000402598       0x34 ./src/ASF/sam/drivers/uart/uart.o
                0x0000000000402598                uart_init
 .text.uart_enable_interrupt
                0x00000000004025cc        0x4 ./src/ASF/sam/drivers/uart/uart.o
                0x00000000004025cc                uart_enable_interrupt
 .text.uart_disable_interrupt
                0x00000000004025d0        0x4 ./src/ASF/sam/drivers/uart/uart.o
                0x00000000004025d0                uart_disable_interrupt
 .text.uart_write
                0x00000000004025d4        0xe ./src/ASF/sam/drivers/uart/uart.o
                0x00000000004025d4                uart_write
 *fill*         0x00000000004025e2        0x2 
 .text.rstc_start_software_reset
                0x00000000004025e4        0xc ./src/ASF/sam/drivers/rstc/rstc.o
                0x00000000004025e4                rstc_start_software_reset
 .text.rstc_get_reset_cause
                0x00000000004025f0        0x8 ./src/ASF/sam/drivers/rstc/rstc.o
                0x00000000004025f0                rstc_get_reset_cause
 .text.pwm_clocks_generate
                0x00000000004025f8       0x4c ./src/ASF/sam/drivers/pwm/pwm.o
 .text.pwm_init
                0x0000000000402644       0x44 ./src/ASF/sam/drivers/pwm/pwm.o
                0x0000000000402644                pwm_init
 .text.pwm_channel_init
                0x0000000000402688       0xd8 ./src/ASF/sam/drivers/pwm/pwm.o
                0x0000000000402688                pwm_channel_init
 .text.pwm_channel_enable
                0x0000000000402760        0xa ./src/ASF/sam/drivers/pwm/pwm.o
                0x0000000000402760                pwm_channel_enable
 .text.pwm_channel_disable
                0x000000000040276a        0xa ./src/ASF/sam/drivers/pwm/pwm.o
                0x000000000040276a                pwm_channel_disable
 .text.pmc_enable_periph_clk
                0x0000000000402774       0x40 ./src/ASF/sam/drivers/pmc/pmc.o
                0x0000000000402774                pmc_enable_periph_clk
 .text.pio_set_peripheral
                0x00000000004027b4       0x80 ./src/ASF/sam/drivers/pio/pio.o
                0x00000000004027b4                pio_set_peripheral
 .text.pio_set_input
                0x0000000000402834       0x2c ./src/ASF/sam/drivers/pio/pio.o
                0x0000000000402834                pio_set_input
 .text.pio_set_output
                0x0000000000402860       0x24 ./src/ASF/sam/drivers/pio/pio.o
                0x0000000000402860                pio_set_output
 .text.pio_configure
                0x0000000000402884       0x80 ./src/ASF/sam/drivers/pio/pio.o
                0x0000000000402884                pio_configure
 .text.pio_enable_output_write
                0x0000000000402904        0x6 ./src/ASF/sam/drivers/pio/pio.o
                0x0000000000402904                pio_enable_output_write
 .text.pio_get_interrupt_status
                0x000000000040290a        0x4 ./src/ASF/sam/drivers/pio/pio.o
                0x000000000040290a                pio_get_interrupt_status
 .text.pio_get_interrupt_mask
                0x000000000040290e        0x4 ./src/ASF/sam/drivers/pio/pio.o
                0x000000000040290e                pio_get_interrupt_mask
 *fill*         0x0000000000402912        0x2 
 .text.pio_handler_process
                0x0000000000402914       0x7c ./src/ASF/sam/drivers/pio/pio_handler.o
                0x0000000000402914                pio_handler_process
 .text.PIOA_Handler
                0x0000000000402990       0x10 ./src/ASF/sam/drivers/pio/pio_handler.o
                0x0000000000402990                PIOA_Handler
 .text.PIOB_Handler
                0x00000000004029a0       0x10 ./src/ASF/sam/drivers/pio/pio_handler.o
                0x00000000004029a0                PIOB_Handler
 .text.matrix_set_system_io
                0x00000000004029b0        0xc ./src/ASF/sam/drivers/matrix/matrix.o
                0x00000000004029b0                matrix_set_system_io
 .text.efc_get_wait_state
                0x00000000004029bc        0x8 ./src/ASF/sam/drivers/efc/efc.o
                0x00000000004029bc                efc_get_wait_state
 .text.efc_disable_frdy_interrupt
                0x00000000004029c4       0x10 ./src/ASF/sam/drivers/efc/efc.o
                0x00000000004029c4                efc_disable_frdy_interrupt
 .text.efc_set_wait_state
                0x00000000004029d4       0x18 ./src/ASF/sam/drivers/efc/efc.o
                0x00000000004029d4                efc_set_wait_state
 .text.efc_perform_command
                0x00000000004029ec       0x28 ./src/ASF/sam/drivers/efc/efc.o
                0x00000000004029ec                efc_perform_command
 .text._ZN12DisplayField10CheckEventEttRiR11ButtonPress
                0x0000000000402a14        0x2 ./src/Display.o
                0x0000000000402a14                DisplayField::CheckEvent(unsigned short, unsigned short, int&, ButtonPress&)
 .text._ZNK12DisplayField8IsButtonEv
                0x0000000000402a16        0x4 ./src/Display.o
                0x0000000000402a16                DisplayField::IsButton() const
 .text._ZNK12DisplayField9IsVisibleEv
                0x0000000000402a1a        0x8 ./src/Display.o
                0x0000000000402a1a                DisplayField::IsVisible() const
 .text._ZNK12DisplayField8GetEventEv
                0x0000000000402a22        0x4 ./src/Display.o
                0x0000000000402a22                DisplayField::GetEvent() const
 .text._ZNK6Window4XposEv
                0x0000000000402a26        0x4 ./src/Display.o
                0x0000000000402a26                Window::Xpos() const
 .text._ZNK6Window4YposEv
                0x0000000000402a2a        0x4 ./src/Display.o
                0x0000000000402a2a                Window::Ypos() const
 .text._ZNK11PopupWindow4XposEv
                0x0000000000402a2e        0x4 ./src/Display.o
                0x0000000000402a2e                PopupWindow::Xpos() const
 .text._ZNK11PopupWindow4YposEv
                0x0000000000402a32        0x4 ./src/Display.o
                0x0000000000402a32                PopupWindow::Ypos() const
 .text._ZNK10ButtonBase8GetEventEv
                0x0000000000402a36        0x4 ./src/Display.o
                0x0000000000402a36                ButtonBase::GetEvent() const
 .text._ZNK10ButtonBase9GetSParamEj
                0x0000000000402a3a        0x4 ./src/Display.o
                0x0000000000402a3a                ButtonBase::GetSParam(unsigned int) const
 .text._ZNK10ButtonBase9GetIParamEj
                0x0000000000402a3e        0x4 ./src/Display.o
                0x0000000000402a3e                ButtonBase::GetIParam(unsigned int) const
 .text._ZN10ButtonBase5PressEbi
                0x0000000000402a42        0x2 ./src/Display.o
                0x0000000000402a42                ButtonBase::Press(bool, int)
 .text._ZNK12SingleButton8IsButtonEv
                0x0000000000402a44        0x4 ./src/Display.o
                0x0000000000402a44                SingleButton::IsButton() const
 .text._ZNK12SingleButton9GetSParamEj
                0x0000000000402a48        0x4 ./src/Display.o
                0x0000000000402a48                SingleButton::GetSParam(unsigned int) const
 .text._ZNK12SingleButton9GetIParamEj
                0x0000000000402a4c        0x4 ./src/Display.o
                0x0000000000402a4c                SingleButton::GetIParam(unsigned int) const
 .text._ZNK13CharButtonRow9GetIParamEj
                0x0000000000402a50        0x6 ./src/Display.o
                0x0000000000402a50                CharButtonRow::GetIParam(unsigned int) const
 .text._ZNK10TextButton9IsVisibleEv
                0x0000000000402a56       0x10 ./src/Display.o
                0x0000000000402a56                TextButton::IsVisible() const
 *fill*         0x0000000000402a66        0x2 
 .text._ZNK10IconButton9GetHeightEv
                0x0000000000402a68       0x18 ./src/Display.o
                0x0000000000402a68                IconButton::GetHeight() const
 .text._ZNK11ProgressBar9GetHeightEv
                0x0000000000402a80        0x4 ./src/Display.o
                0x0000000000402a80                ProgressBar::GetHeight() const
 .text._ZNK10MainWindow8ContainsEtttt
                0x0000000000402a84        0x4 ./src/Display.o
                0x0000000000402a84                MainWindow::Contains(unsigned short, unsigned short, unsigned short, unsigned short) const
 .text._ZNK11PopupWindow8ContainsEtttt
                0x0000000000402a88       0x34 ./src/Display.o
                0x0000000000402a88                PopupWindow::Contains(unsigned short, unsigned short, unsigned short, unsigned short) const
 .text._ZNK13FieldWithText9GetHeightEv
                0x0000000000402abc       0x26 ./src/Display.o
                0x0000000000402abc                FieldWithText::GetHeight() const
 .text._ZN12SingleButton5PressEbi
                0x0000000000402ae2       0x12 ./src/Display.o
                0x0000000000402ae2                SingleButton::Press(bool, int)
 .text._ZNK14ButtonWithText9GetHeightEv
                0x0000000000402af4       0x24 ./src/Display.o
                0x0000000000402af4                ButtonWithText::GetHeight() const
 .text._ZNK17ButtonRowWithText9GetHeightEv
                0x0000000000402b18       0x24 ./src/Display.o
                0x0000000000402b18                ButtonRowWithText::GetHeight() const
 .text._ZN13CharButtonRow5PressEbi
                0x0000000000402b3c        0xc ./src/Display.o
                0x0000000000402b3c                CharButtonRow::Press(bool, int)
 .text._ZNK9TextField9PrintTextEv
                0x0000000000402b48       0x28 ./src/Display.o
                0x0000000000402b48                TextField::PrintText() const
 .text._ZNK15StaticTextField9PrintTextEv
                0x0000000000402b70       0x14 ./src/Display.o
                0x0000000000402b70                StaticTextField::PrintText() const
 .text._ZNK10TextButton9PrintTextEj
                0x0000000000402b84       0x18 ./src/Display.o
                0x0000000000402b84                TextButton::PrintText(unsigned int) const
 .text._ZN11ProgressBar7RefreshEbtt
                0x0000000000402b9c      0x15c ./src/Display.o
                0x0000000000402b9c                ProgressBar::Refresh(bool, unsigned short, unsigned short)
 .text._ZN13FieldWithText7RefreshEbtt
                0x0000000000402cf8      0x19c ./src/Display.o
                0x0000000000402cf8                FieldWithText::Refresh(bool, unsigned short, unsigned short)
 .text._ZNK10FloatField9PrintTextEv
                0x0000000000402e94       0x38 ./src/Display.o
                0x0000000000402e94                FloatField::PrintText() const
 .text._ZNK12IntegerField9PrintTextEv
                0x0000000000402ecc       0x34 ./src/Display.o
                0x0000000000402ecc                IntegerField::PrintText() const
 .text._ZNK13IntegerButton9PrintTextEj
                0x0000000000402f00       0x3c ./src/Display.o
                0x0000000000402f00                IntegerButton::PrintText(unsigned int) const
 .text._ZNK12DisplayField7GetMaxYEv
                0x0000000000402f3c       0x12 ./src/Display.o
                0x0000000000402f3c                DisplayField::GetMaxY() const
 *fill*         0x0000000000402f4e        0x2 
 .text._ZN10ButtonBase10CheckEventEttRiR11ButtonPress
                0x0000000000402f50       0x84 ./src/Display.o
                0x0000000000402f50                ButtonBase::CheckEvent(unsigned short, unsigned short, int&, ButtonPress&)
 .text._ZN13CharButtonRow10CheckEventEttRiR11ButtonPress
                0x0000000000402fd4       0x9c ./src/Display.o
                0x0000000000402fd4                CharButtonRow::CheckEvent(unsigned short, unsigned short, int&, ButtonPress&)
 .text._ZN12DisplayFieldC2Ettt
                0x0000000000403070       0x3c ./src/Display.o
                0x0000000000403070                DisplayField::DisplayField(unsigned short, unsigned short, unsigned short)
                0x0000000000403070                DisplayField::DisplayField(unsigned short, unsigned short, unsigned short)
 .text._ZN12DisplayField11SetTextRowsEPKc
                0x00000000004030ac       0x20 ./src/Display.o
                0x00000000004030ac                DisplayField::SetTextRows(char const*)
 .text._ZN12DisplayField19SetPositionAndWidthEtt
                0x00000000004030cc        0xe ./src/Display.o
                0x00000000004030cc                DisplayField::SetPositionAndWidth(unsigned short, unsigned short)
 *fill*         0x00000000004030da        0x2 
 .text._ZN12DisplayField17SetDefaultColoursEttttttPKt
                0x00000000004030dc       0x48 ./src/Display.o
                0x00000000004030dc                DisplayField::SetDefaultColours(unsigned short, unsigned short, unsigned short, unsigned short, unsigned short, unsigned short, unsigned short const*)
 .text._ZN12DisplayField12GetTextWidthEPKct
                0x0000000000403124       0x30 ./src/Display.o
                0x0000000000403124                DisplayField::GetTextWidth(char const*, unsigned short)
 .text._ZN12DisplayField12GetTextWidthEPKctj
                0x0000000000403154       0x34 ./src/Display.o
                0x0000000000403154                DisplayField::GetTextWidth(char const*, unsigned short, unsigned int)
 .text._ZN12DisplayField4ShowEb
                0x0000000000403188       0x16 ./src/Display.o
                0x0000000000403188                DisplayField::Show(bool)
 .text._ZN12DisplayField9FindEventEttPS_
                0x000000000040319e       0x3a ./src/Display.o
                0x000000000040319e                DisplayField::FindEvent(unsigned short, unsigned short, DisplayField*)
 .text._ZN12DisplayField10SetColoursEtt
                0x00000000004031d8       0x1a ./src/Display.o
                0x00000000004031d8                DisplayField::SetColours(unsigned short, unsigned short)
 .text._ZN11ButtonPressC2Ev
                0x00000000004031f2        0x8 ./src/Display.o
                0x00000000004031f2                ButtonPress::ButtonPress()
                0x00000000004031f2                ButtonPress::ButtonPress()
 .text._ZN11ButtonPressC2EP10ButtonBasej
                0x00000000004031fa        0x6 ./src/Display.o
                0x00000000004031fa                ButtonPress::ButtonPress(ButtonBase*, unsigned int)
                0x00000000004031fa                ButtonPress::ButtonPress(ButtonBase*, unsigned int)
 .text._ZN11ButtonPress5ClearEv
                0x0000000000403200        0x8 ./src/Display.o
                0x0000000000403200                ButtonPress::Clear()
 .text._ZNK11ButtonPress8GetEventEv
                0x0000000000403208        0x8 ./src/Display.o
                0x0000000000403208                ButtonPress::GetEvent() const
 .text._ZNK11ButtonPress9GetIParamEv
                0x0000000000403210        0xc ./src/Display.o
                0x0000000000403210                ButtonPress::GetIParam() const
 .text._ZNK11ButtonPress9GetSParamEv
                0x000000000040321c        0xc ./src/Display.o
                0x000000000040321c                ButtonPress::GetSParam() const
 .text._ZNK11ButtonPresseqERKS_
                0x0000000000403228       0x18 ./src/Display.o
                0x0000000000403228                ButtonPress::operator==(ButtonPress const&) const
 .text._ZN6Window8AddFieldEP12DisplayField
                0x0000000000403240        0x8 ./src/Display.o
                0x0000000000403240                Window::AddField(DisplayField*)
 .text._ZNK6Window15ObscuredByPopupEPK12DisplayField
                0x0000000000403248       0x6c ./src/Display.o
                0x0000000000403248                Window::ObscuredByPopup(DisplayField const*) const
 .text._ZN11PopupWindow7RefreshEb
                0x00000000004032b4       0xc8 ./src/Display.o
                0x00000000004032b4                PopupWindow::Refresh(bool)
 .text._ZNK6Window7VisibleEPK12DisplayField
                0x000000000040337c       0x24 ./src/Display.o
                0x000000000040337c                Window::Visible(DisplayField const*) const
 .text._ZN10MainWindow7RefreshEb
                0x00000000004033a0       0x58 ./src/Display.o
                0x00000000004033a0                MainWindow::Refresh(bool)
 .text._ZN6Window9FindEventEtt
                0x00000000004033f8       0x5c ./src/Display.o
                0x00000000004033f8                Window::FindEvent(unsigned short, unsigned short)
 .text._ZN6Window21FindEventOutsidePopupEtt
                0x0000000000403454       0x48 ./src/Display.o
                0x0000000000403454                Window::FindEventOutsidePopup(unsigned short, unsigned short)
 .text._ZN6Window8SetPopupEP11PopupWindowttb
                0x000000000040349c       0x62 ./src/Display.o
                0x000000000040349c                Window::SetPopup(PopupWindow*, unsigned short, unsigned short, bool)
 *fill*         0x00000000004034fe        0x2 
 .text._ZN6Window10ClearPopupEbP11PopupWindow
                0x0000000000403500       0xd8 ./src/Display.o
                0x0000000000403500                Window::ClearPopup(bool, PopupWindow*)
 .text._ZN6Window6RedrawEP12DisplayField
                0x00000000004035d8       0xd0 ./src/Display.o
                0x00000000004035d8                Window::Redraw(DisplayField*)
 .text._ZN6Window4ShowEP12DisplayFieldb
                0x00000000004036a8       0xd0 ./src/Display.o
                0x00000000004036a8                Window::Show(DisplayField*, bool)
 .text._ZN6Window5PressE11ButtonPressb
                0x0000000000403778       0x3c ./src/Display.o
                0x0000000000403778                Window::Press(ButtonPress, bool)
 .text._ZN10MainWindowC2Ev
                0x00000000004037b4       0x14 ./src/Display.o
                0x00000000004037b4                MainWindow::MainWindow()
                0x00000000004037b4                MainWindow::MainWindow()
 .text._ZN10MainWindow4InitEt
                0x00000000004037c8        0x4 ./src/Display.o
                0x00000000004037c8                MainWindow::Init(unsigned short)
 .text._ZN10MainWindow14ClearAllPopupsEv
                0x00000000004037cc       0x1c ./src/Display.o
                0x00000000004037cc                MainWindow::ClearAllPopups()
 .text._ZN11PopupWindowC2Etttt
                0x00000000004037e8       0x20 ./src/Display.o
                0x00000000004037e8                PopupWindow::PopupWindow(unsigned short, unsigned short, unsigned short, unsigned short)
                0x00000000004037e8                PopupWindow::PopupWindow(unsigned short, unsigned short, unsigned short, unsigned short)
 .text._ZN10ButtonBaseC2Ettt
                0x0000000000403808       0x48 ./src/Display.o
                0x0000000000403808                ButtonBase::ButtonBase(unsigned short, unsigned short, unsigned short)
                0x0000000000403808                ButtonBase::ButtonBase(unsigned short, unsigned short, unsigned short)
 .text._ZNK10ButtonBase11DrawOutlineEttb
                0x0000000000403850       0xa0 ./src/Display.o
                0x0000000000403850                ButtonBase::DrawOutline(unsigned short, unsigned short, bool) const
 .text._ZN17ButtonRowWithText7RefreshEbtt
                0x00000000004038f0       0xd4 ./src/Display.o
                0x00000000004038f0                ButtonRowWithText::Refresh(bool, unsigned short, unsigned short)
 .text._ZN12SingleButtonC2Ettt
                0x00000000004039c4       0x1c ./src/Display.o
                0x00000000004039c4                SingleButton::SingleButton(unsigned short, unsigned short, unsigned short)
                0x00000000004039c4                SingleButton::SingleButton(unsigned short, unsigned short, unsigned short)
 .text._ZNK12SingleButton11DrawOutlineEtt
                0x00000000004039e0       0x10 ./src/Display.o
                0x00000000004039e0                SingleButton::DrawOutline(unsigned short, unsigned short) const
 .text._ZN14ButtonWithText7RefreshEbtt
                0x00000000004039f0       0xe4 ./src/Display.o
                0x00000000004039f0                ButtonWithText::Refresh(bool, unsigned short, unsigned short)
 .text._ZN10IconButton7RefreshEbtt
                0x0000000000403ad4       0x8c ./src/Display.o
                0x0000000000403ad4                IconButton::Refresh(bool, unsigned short, unsigned short)
 .text._ZN10TextButtonC2EtttPKchi
                0x0000000000403b60       0x30 ./src/Display.o
                0x0000000000403b60                TextButton::TextButton(unsigned short, unsigned short, unsigned short, char const*, unsigned char, int)
                0x0000000000403b60                TextButton::TextButton(unsigned short, unsigned short, unsigned short, char const*, unsigned char, int)
 .text._ZN10TextButtonC2EtttPKchS1_
                0x0000000000403b90       0x28 ./src/Display.o
                0x0000000000403b90                TextButton::TextButton(unsigned short, unsigned short, unsigned short, char const*, unsigned char, char const*)
                0x0000000000403b90                TextButton::TextButton(unsigned short, unsigned short, unsigned short, char const*, unsigned char, char const*)
 .text._ZN10IconButtonC2EtttPKhhi
                0x0000000000403bb8       0x28 ./src/Display.o
                0x0000000000403bb8                IconButton::IconButton(unsigned short, unsigned short, unsigned short, unsigned char const*, unsigned char, int)
                0x0000000000403bb8                IconButton::IconButton(unsigned short, unsigned short, unsigned short, unsigned char const*, unsigned char, int)
 .text._ZN10IconButtonC2EtttPKhhPKc
                0x0000000000403be0       0x28 ./src/Display.o
                0x0000000000403be0                IconButton::IconButton(unsigned short, unsigned short, unsigned short, unsigned char const*, unsigned char, char const*)
                0x0000000000403be0                IconButton::IconButton(unsigned short, unsigned short, unsigned short, unsigned char const*, unsigned char, char const*)
 .text._ZN13CharButtonRowC2EttttPKch
                0x0000000000403c08       0x50 ./src/Display.o
                0x0000000000403c08                CharButtonRow::CharButtonRow(unsigned short, unsigned short, unsigned short, unsigned short, char const*, unsigned char)
                0x0000000000403c08                CharButtonRow::CharButtonRow(unsigned short, unsigned short, unsigned short, unsigned short, char const*, unsigned char)
 .text._ZN13CharButtonRow10ChangeTextEPKc
                0x0000000000403c58        0xc ./src/Display.o
                0x0000000000403c58                CharButtonRow::ChangeText(char const*)
 .text._ZNK13CharButtonRow9PrintTextEj
                0x0000000000403c64       0x14 ./src/Display.o
                0x0000000000403c64                CharButtonRow::PrintText(unsigned int) const
 .text._ZN11FileManager7FileSet20ReloadMacroShortListEi
                0x0000000000403c78       0x60 ./src/FileManager.o
                0x0000000000403c78                FileManager::FileSet::ReloadMacroShortList(int)
 .text._ZNK11FileManager7FileSet10IsInSubdirEv
                0x0000000000403cd8       0x62 ./src/FileManager.o
                0x0000000000403cd8                FileManager::FileSet::IsInSubdir() const
 *fill*         0x0000000000403d3a        0x2 
 .text._ZN11FileManager7FileSet15FileListUpdatedEv
                0x0000000000403d3c      0x10c ./src/FileManager.o
                0x0000000000403d3c                FileManager::FileSet::FileListUpdated()
 .text._ZN11FileManager7FileSet6ScrollEi
                0x0000000000403e48       0x14 ./src/FileManager.o
                0x0000000000403e48                FileManager::FileSet::Scroll(int)
 .text._ZN11FileManager7FileSet10SetPendingEv
                0x0000000000403e5c       0x3c ./src/FileManager.o
                0x0000000000403e5c                FileManager::FileSet::SetPending()
 .text._ZN11FileManager7FileSet7DisplayEv
                0x0000000000403e98       0x34 ./src/FileManager.o
                0x0000000000403e98                FileManager::FileSet::Display()
 .text._ZN11FileManager15BeginNewMessageEv
                0x0000000000403ecc       0x24 ./src/FileManager.o
                0x0000000000403ecc                FileManager::BeginNewMessage()
 .text._ZN11FileManager19BeginReceivingFilesEv
                0x0000000000403ef0       0x5c ./src/FileManager.o
                0x0000000000403ef0                FileManager::BeginReceivingFiles()
 .text._ZN11FileManager11ReceiveFileEPKc
                0x0000000000403f4c       0x8c ./src/FileManager.o
                0x0000000000403f4c                FileManager::ReceiveFile(char const*)
 .text._ZN11FileManager16ReceiveErrorCodeEi
                0x0000000000403fd8       0x18 ./src/FileManager.o
                0x0000000000403fd8                FileManager::ReceiveErrorCode(int)
 .text._ZN11FileManager16DisplayFilesListEv
                0x0000000000403ff0       0x10 ./src/FileManager.o
                0x0000000000403ff0                FileManager::DisplayFilesList()
 .text._ZN11FileManager17DisplayMacrosListEv
                0x0000000000404000       0x10 ./src/FileManager.o
                0x0000000000404000                FileManager::DisplayMacrosList()
 .text._ZN11FileManager11ScrollFilesEi
                0x0000000000404010       0x10 ./src/FileManager.o
                0x0000000000404010                FileManager::ScrollFiles(int)
 .text._ZN11FileManager12ScrollMacrosEi
                0x0000000000404020       0x10 ./src/FileManager.o
                0x0000000000404020                FileManager::ScrollMacros(int)
 .text._ZN11FileManager11GetFilesDirEv
                0x0000000000404030        0x8 ./src/FileManager.o
                0x0000000000404030                FileManager::GetFilesDir()
 .text._ZN11FileManager12GetMacrosDirEv
                0x0000000000404038        0x8 ./src/FileManager.o
                0x0000000000404038                FileManager::GetMacrosDir()
 .text._ZN11FileManager16GetMacrosRootDirEv
                0x0000000000404040        0xc ./src/FileManager.o
                0x0000000000404040                FileManager::GetMacrosRootDir()
 .text._ZN11FileManager16RefreshFilesListEv
                0x000000000040404c       0x10 ./src/FileManager.o
                0x000000000040404c                FileManager::RefreshFilesList()
 .text._ZN11FileManager17RefreshMacrosListEv
                0x000000000040405c       0x10 ./src/FileManager.o
                0x000000000040405c                FileManager::RefreshMacrosList()
 .text._ZN11FileManager13ProcessTimersEv
                0x000000000040406c       0x24 ./src/FileManager.o
                0x000000000040406c                FileManager::ProcessTimers()
 .text._ZN11FileManager13SetNumVolumesEj
                0x0000000000404090       0x10 ./src/FileManager.o
                0x0000000000404090                FileManager::SetNumVolumes(unsigned int)
 .text._ZN6StringILj100EE3addEc
                0x00000000004040a0       0x26 ./src/FileManager.o
                0x00000000004040a0                String<100u>::add(char)
 *fill*         0x00000000004040c6        0x2 
 .text._ZN11FileManager7FileSet16RequestParentDirEv
                0x00000000004040c8       0x6c ./src/FileManager.o
                0x00000000004040c8                FileManager::FileSet::RequestParentDir()
 .text._ZN11FileManager21RequestFilesParentDirEv
                0x0000000000404134       0x10 ./src/FileManager.o
                0x0000000000404134                FileManager::RequestFilesParentDir()
 .text._ZN11FileManager22RequestMacrosParentDirEv
                0x0000000000404144       0x10 ./src/FileManager.o
                0x0000000000404144                FileManager::RequestMacrosParentDir()
 .text._ZN6StringILj100EE3catEPKc
                0x0000000000404154       0x1e ./src/FileManager.o
                0x0000000000404154                String<100u>::cat(char const*)
 *fill*         0x0000000000404172        0x2 
 .text._ZN11FileManager7FileSet6ReloadEiRK6StringILj100EEi
                0x0000000000404174       0x50 ./src/FileManager.o
                0x0000000000404174                FileManager::FileSet::Reload(int, String<100u> const&, int)
 .text._ZN11FileManager18EndReceivedMessageEv
                0x00000000004041c4      0x170 ./src/FileManager.o
                0x00000000004041c4                FileManager::EndReceivedMessage()
 .text._ZN11FileManager20ReceiveDirectoryNameEPKc
                0x0000000000404334       0x1c ./src/FileManager.o
                0x0000000000404334                FileManager::ReceiveDirectoryName(char const*)
 .text._ZN11FileManager7FileSetC2EPKcjb
                0x0000000000404350       0x50 ./src/FileManager.o
                0x0000000000404350                FileManager::FileSet::FileSet(char const*, unsigned int, bool)
                0x0000000000404350                FileManager::FileSet::FileSet(char const*, unsigned int, bool)
 .text._ZN11FileManager7FileSet13SetupRootPathEv
                0x00000000004043a0       0x3c ./src/FileManager.o
                0x00000000004043a0                FileManager::FileSet::SetupRootPath()
 .text._ZN11FileManager23FirmwareFeaturesChangedEv
                0x00000000004043dc       0x10 ./src/FileManager.o
                0x00000000004043dc                FileManager::FirmwareFeaturesChanged()
 .text._ZN11FileManager7FileSet13RequestSubdirEPKc
                0x00000000004043ec       0x68 ./src/FileManager.o
                0x00000000004043ec                FileManager::FileSet::RequestSubdir(char const*)
 .text._ZN11FileManager18RequestFilesSubdirEPKc
                0x0000000000404454       0x10 ./src/FileManager.o
                0x0000000000404454                FileManager::RequestFilesSubdir(char const*)
 .text._ZN11FileManager19RequestMacrosSubdirEPKc
                0x0000000000404464       0x10 ./src/FileManager.o
                0x0000000000404464                FileManager::RequestMacrosSubdir(char const*)
 .text._ZN6StringILj100EE6printfEPKcz
                0x0000000000404474       0x38 ./src/FileManager.o
                0x0000000000404474                String<100u>::printf(char const*, ...)
 .text._ZN11FileManager7FileSet10SelectCardEj
                0x00000000004044ac       0x94 ./src/FileManager.o
                0x00000000004044ac                FileManager::FileSet::SelectCard(unsigned int)
 .text._ZN11FileManager7FileSet8NextCardEv
                0x0000000000404540       0x2c ./src/FileManager.o
                0x0000000000404540                FileManager::FileSet::NextCard()
 .text._ZN11FileManager8NextCardEv
                0x000000000040456c       0x10 ./src/FileManager.o
                0x000000000040456c                FileManager::NextCard()
 .text.startup._GLOBAL__sub_I__ZN11FileManager9filesRootE
                0x000000000040457c       0x6c ./src/FileManager.o
 .text._ZN10MessageLog14UpdateMessagesEb
                0x00000000004045e8      0x14c ./src/MessageLog.o
                0x00000000004045e8                MessageLog::UpdateMessages(bool)
 .text._ZN10MessageLog4InitEv
                0x0000000000404734       0x24 ./src/MessageLog.o
                0x0000000000404734                MessageLog::Init()
 .text._ZN10MessageLog11SaveMessageEPKc
                0x0000000000404758       0x30 ./src/MessageLog.o
                0x0000000000404758                MessageLog::SaveMessage(char const*)
 .text._ZN10MessageLog15BeginNewMessageEv
                0x0000000000404788       0x10 ./src/MessageLog.o
                0x0000000000404788                MessageLog::BeginNewMessage()
 .text._ZN10MessageLog14FindSplitPointEPKcjt
                0x0000000000404798       0x94 ./src/MessageLog.o
                0x0000000000404798                MessageLog::FindSplitPoint(char const*, unsigned int, unsigned short)
 .text._ZN10MessageLog13AppendMessageEPKc
                0x000000000040482c       0xfc ./src/MessageLog.o
                0x000000000040482c                MessageLog::AppendMessage(char const*)
 .text._ZN10MessageLog17DisplayNewMessageEv
                0x0000000000404928       0x24 ./src/MessageLog.o
                0x0000000000404928                MessageLog::DisplayNewMessage()
 .text.startup._GLOBAL__sub_I__ZN10MessageLog4InitEv
                0x000000000040494c       0x10 ./src/MessageLog.o
 .text._ZNK9FlashData7IsValidEv
                0x000000000040495c       0x44 ./src/PanelDue.o
                0x000000000040495c                FlashData::IsValid() const
 .text._ZN9FlashDataeqERKS_
                0x00000000004049a0       0x5c ./src/PanelDue.o
                0x00000000004049a0                FlashData::operator==(FlashData const&)
 .text._ZN9FlashData11SetDefaultsEv
                0x00000000004049fc       0x3c ./src/PanelDue.o
                0x00000000004049fc                FlashData::SetDefaults()
 .text._ZN9FlashData4LoadEv
                0x0000000000404a38       0x14 ./src/PanelDue.o
                0x0000000000404a38                FlashData::Load()
 .text._ZNK9FlashData4SaveEv
                0x0000000000404a4c       0x10 ./src/PanelDue.o
                0x0000000000404a4c                FlashData::Save() const
 .text._Z19GetFirmwareFeaturesv
                0x0000000000404a5c        0xc ./src/PanelDue.o
                0x0000000000404a5c                GetFirmwareFeatures()
 .text._Z14CondStripDrivePKc
                0x0000000000404a68       0x20 ./src/PanelDue.o
                0x0000000000404a68                CondStripDrive(char const*)
 .text._Z5Delaym
                0x0000000000404a88       0x18 ./src/PanelDue.o
                0x0000000000404a88                Delay(unsigned long)
 .text._Z15PrintInProgressv
                0x0000000000404aa0       0x24 ./src/PanelDue.o
                0x0000000000404aa0                PrintInProgress()
 .text._Z7bsearchPK21ReceiveDataTableEntryjPKc
                0x0000000000404ac4       0x60 ./src/PanelDue.o
                0x0000000000404ac4                bsearch(ReceiveDataTableEntry const*, unsigned int, char const*)
 .text._Z8OkToSendv
                0x0000000000404b24       0x1c ./src/PanelDue.o
                0x0000000000404b24                OkToSend()
 .text._Z9GetStatusv
                0x0000000000404b40        0xc ./src/PanelDue.o
                0x0000000000404b40                GetStatus()
 .text._Z14DelayTouchLongv
                0x0000000000404b4c       0x20 ./src/PanelDue.o
                0x0000000000404b4c                DelayTouchLong()
 .text._Z17ShortenTouchDelayv
                0x0000000000404b6c        0xc ./src/PanelDue.o
                0x0000000000404b6c                ShortenTouchDelay()
 .text._Z9TouchBeepv
                0x0000000000404b78       0x18 ./src/PanelDue.o
                0x0000000000404b78                TouchBeep()
 .text._Z9ErrorBeepv
                0x0000000000404b90       0x28 ./src/PanelDue.o
                0x0000000000404b90                ErrorBeep()
 .text._Z12DoTouchCalibttttbRt
                0x0000000000404bb8       0xbc ./src/PanelDue.o
                0x0000000000404bb8                DoTouchCalib(unsigned short, unsigned short, unsigned short, unsigned short, bool, unsigned short&)
 .text._Z12IsSaveNeededv
                0x0000000000404c74       0x20 ./src/PanelDue.o
                0x0000000000404c74                IsSaveNeeded()
 .text._Z13MirrorDisplayv
                0x0000000000404c94       0x28 ./src/PanelDue.o
                0x0000000000404c94                MirrorDisplay()
 .text._Z13InvertDisplayv
                0x0000000000404cbc       0x28 ./src/PanelDue.o
                0x0000000000404cbc                InvertDisplay()
 .text._Z11SetBaudRatem
                0x0000000000404ce4       0x10 ./src/PanelDue.o
                0x0000000000404ce4                SetBaudRate(unsigned long)
 .text._Z17RestoreBrightnessv
                0x0000000000404cf4       0x30 ./src/PanelDue.o
                0x0000000000404cf4                RestoreBrightness()
 .text._Z7InitLcd18DisplayOrientationmm
                0x0000000000404d24       0x60 ./src/PanelDue.o
                0x0000000000404d24                InitLcd(DisplayOrientation, unsigned long, unsigned long)
 .text._Z13SetBrightnessi
                0x0000000000404d84       0x1c ./src/PanelDue.o
                0x0000000000404d84                SetBrightness(int)
 .text._Z13DimBrightnessv
                0x0000000000404da0       0x38 ./src/PanelDue.o
                0x0000000000404da0                DimBrightness()
 .text._Z20GetDisplayDimmerTypev
                0x0000000000404dd8        0xc ./src/PanelDue.o
                0x0000000000404dd8                GetDisplayDimmerType()
 .text._Z20SetDisplayDimmerType17DisplayDimmerType
                0x0000000000404de4        0xc ./src/PanelDue.o
                0x0000000000404de4                SetDisplayDimmerType(DisplayDimmerType)
 .text._Z9SetVolumem
                0x0000000000404df0        0xc ./src/PanelDue.o
                0x0000000000404df0                SetVolume(unsigned long)
 .text._Z15SetColourSchemem
                0x0000000000404dfc       0x14 ./src/PanelDue.o
                0x0000000000404dfc                SetColourScheme(unsigned long)
 .text._Z11SetLanguagem
                0x0000000000404e10       0x14 ./src/PanelDue.o
                0x0000000000404e10                SetLanguage(unsigned long)
 .text._Z11GetBaudRatev
                0x0000000000404e24        0xc ./src/PanelDue.o
                0x0000000000404e24                GetBaudRate()
 .text._Z9GetVolumev
                0x0000000000404e30        0xc ./src/PanelDue.o
                0x0000000000404e30                GetVolume()
 .text._Z13GetBrightnessv
                0x0000000000404e3c        0xc ./src/PanelDue.o
                0x0000000000404e3c                GetBrightness()
 .text._Z12FactoryResetv
                0x0000000000404e48       0x68 ./src/PanelDue.o
                0x0000000000404e48                FactoryReset()
 .text._Z12SaveSettingsv
                0x0000000000404eb0       0x30 ./src/PanelDue.o
                0x0000000000404eb0                SaveSettings()
 .text._Z9SetStatusc
                0x0000000000404ee0       0x68 ./src/PanelDue.o
                0x0000000000404ee0                SetStatus(char)
 .text._Z9Reconnectv
                0x0000000000404f48       0x24 ./src/PanelDue.o
                0x0000000000404f48                Reconnect()
 .text._Z10GetIntegerPKcRl
                0x0000000000404f6c       0x98 ./src/PanelDue.o
                0x0000000000404f6c                GetInteger(char const*, long&)
 .text._Z18GetUnsignedIntegerPKcRm
                0x0000000000405004       0x28 ./src/PanelDue.o
                0x0000000000405004                GetUnsignedInteger(char const*, unsigned long&)
 .text._Z8GetFloatPKcRf
                0x000000000040502c       0x38 ./src/PanelDue.o
                0x000000000040502c                GetFloat(char const*, float&)
 .text._Z20StartReceivedMessagev
                0x0000000000405064       0x30 ./src/PanelDue.o
                0x0000000000405064                StartReceivedMessage()
 .text._Z18EndReceivedMessagev
                0x0000000000405094       0x80 ./src/PanelDue.o
                0x0000000000405094                EndReceivedMessage()
 .text._Z20ProcessReceivedValuePKcS0_PKj
                0x0000000000405114      0x618 ./src/PanelDue.o
                0x0000000000405114                ProcessReceivedValue(char const*, char const*, unsigned int const*)
 .text._Z15ProcessArrayEndPKcPKj
                0x000000000040572c       0x40 ./src/PanelDue.o
                0x000000000040572c                ProcessArrayEnd(char const*, unsigned int const*)
 .text._Z15UpdateDebugInfov
                0x000000000040576c       0x20 ./src/PanelDue.o
                0x000000000040576c                UpdateDebugInfo()
 .text._Z14PrintDebugTextPKc
                0x000000000040578c       0x14 ./src/PanelDue.o
                0x000000000040578c                PrintDebugText(char const*)
 .text.__cxa_pure_virtual
                0x00000000004057a0        0x2 ./src/PanelDue.o
                0x00000000004057a0                __cxa_pure_virtual
 *fill*         0x00000000004057a2        0x2 
 .text.startup._GLOBAL__sub_I_lcd
                0x00000000004057a4       0x9c ./src/PanelDue.o
 .text._Z14CalibrateTouchv
                0x0000000000405840      0x118 ./src/PanelDue.o
                0x0000000000405840                CalibrateTouch()
 .text.startup.main
                0x0000000000405958      0x424 ./src/PanelDue.o
                0x0000000000405958                main
 .text._ZN5Print5printEPKc.part.0
                0x0000000000405d7c       0x22 ./src/Print.o
 *fill*         0x0000000000405d9e        0x2 
 .text._ZN5Print5printEPKc
                0x0000000000405da0       0x10 ./src/Print.o
                0x0000000000405da0                Print::print(char const*)
 .text._ZN5Print5printEPKcj
                0x0000000000405db0       0x2c ./src/Print.o
                0x0000000000405db0                Print::print(char const*, unsigned int)
 .text._ZN5Print11printNumberEmj
                0x0000000000405ddc       0x40 ./src/Print.o
                0x0000000000405ddc                Print::printNumber(unsigned long, unsigned int)
 .text._ZN5Print5printElj
                0x0000000000405e1c       0x48 ./src/Print.o
                0x0000000000405e1c                Print::print(long, unsigned int)
 .text._ZN5Print10printFloatEfj
                0x0000000000405e64      0x188 ./src/Print.o
                0x0000000000405e64                Print::printFloat(float, unsigned int)
 .text._ZN12RequestTimerC2EmPKcS1_
                0x0000000000405fec        0xe ./src/RequestTimer.o
                0x0000000000405fec                RequestTimer::RequestTimer(unsigned long, char const*, char const*)
                0x0000000000405fec                RequestTimer::RequestTimer(unsigned long, char const*, char const*)
 *fill*         0x0000000000405ffa        0x2 
 .text._ZN12RequestTimer7ProcessEv
                0x0000000000405ffc       0x60 ./src/RequestTimer.o
                0x0000000000405ffc                RequestTimer::Process()
 .text._ZN2UIL9AdjustingE11ButtonPress
                0x000000000040605c       0x38 ./src/UserInterface.o
 .text._ZN2UIL13StopAdjustingEv
                0x0000000000406094       0x30 ./src/UserInterface.o
 .text._ZN2UIL21CurrentButtonReleasedEv
                0x00000000004060c4       0x30 ./src/UserInterface.o
 .text._ZN9TextFieldC2Ettt13TextAlignmentPKcS2_b
                0x00000000004060f4       0x48 ./src/UserInterface.o
                0x00000000004060f4                TextField::TextField(unsigned short, unsigned short, unsigned short, TextAlignment, char const*, char const*, bool)
                0x00000000004060f4                TextField::TextField(unsigned short, unsigned short, unsigned short, TextAlignment, char const*, char const*, bool)
 .text._ZN15StaticTextFieldC2Ettt13TextAlignmentPKcb
                0x000000000040613c       0x50 ./src/UserInterface.o
                0x000000000040613c                StaticTextField::StaticTextField(unsigned short, unsigned short, unsigned short, TextAlignment, char const*, bool)
                0x000000000040613c                StaticTextField::StaticTextField(unsigned short, unsigned short, unsigned short, TextAlignment, char const*, bool)
 .text._ZN15StaticTextField8SetValueEPKc
                0x000000000040618c       0x18 ./src/UserInterface.o
                0x000000000040618c                StaticTextField::SetValue(char const*)
 .text._ZN19StandardPopupWindowC2EttttttPKct
                0x00000000004061a4       0xd0 ./src/UserInterface.o
                0x00000000004061a4                StandardPopupWindow::StandardPopupWindow(unsigned short, unsigned short, unsigned short, unsigned short, unsigned short, unsigned short, char const*, unsigned short)
                0x00000000004061a4                StandardPopupWindow::StandardPopupWindow(unsigned short, unsigned short, unsigned short, unsigned short, unsigned short, unsigned short, char const*, unsigned short)
 .text._ZN10AlertPopupC2ERK12ColourScheme
                0x0000000000406274      0x264 ./src/UserInterface.o
                0x0000000000406274                AlertPopup::AlertPopup(ColourScheme const&)
                0x0000000000406274                AlertPopup::AlertPopup(ColourScheme const&)
 .text._Z13AddTextButtontjjPKc5EventS0_
                0x00000000004064d8       0x60 ./src/UserInterface.o
                0x00000000004064d8                AddTextButton(unsigned short, unsigned int, unsigned int, char const*, Event, char const*)
 .text._Z16AddIntegerButtontjjPKcS0_5Event
                0x0000000000406538       0x68 ./src/UserInterface.o
                0x0000000000406538                AddIntegerButton(unsigned short, unsigned int, unsigned int, char const*, char const*, Event)
 .text._Z13AddIconButtontjjPKh5EventPKc
                0x00000000004065a0       0x60 ./src/UserInterface.o
                0x00000000004065a0                AddIconButton(unsigned short, unsigned int, unsigned int, unsigned char const*, Event, char const*)
 .text._Z21CreateStringButtonRowP6WindowttttjPKPKcS4_5Eventi
                0x0000000000406600       0xb4 ./src/UserInterface.o
                0x0000000000406600                CreateStringButtonRow(Window*, unsigned short, unsigned short, unsigned short, unsigned short, unsigned int, char const* const*, char const* const*, Event, int)
 .text._Z17CreateIntPopupBarRK12ColourSchemetjPKPKcPKi5EventS8_
                0x00000000004066b4       0xc4 ./src/UserInterface.o
                0x00000000004066b4                CreateIntPopupBar(ColourScheme const&, unsigned short, unsigned int, char const* const*, int const*, Event, Event)
 .text._Z11StripPrefixPKc
                0x0000000000406778       0x74 ./src/UserInterface.o
                0x0000000000406778                StripPrefix(char const*)
 .text._Z16ChangeBrightnessb
                0x00000000004067ec       0x2c ./src/UserInterface.o
                0x00000000004067ec                ChangeBrightness(bool)
 .text._Z23ChangeDisplayDimmerTypev
                0x0000000000406818       0x20 ./src/UserInterface.o
                0x0000000000406818                ChangeDisplayDimmerType()
 .text._Z11UpdateFieldP13IntegerButtoni
                0x0000000000406838       0x20 ./src/UserInterface.o
                0x0000000000406838                UpdateField(IntegerButton*, int)
 .text._Z15PopupAreYouSure5EventPKcS1_
                0x0000000000406858       0x4c ./src/UserInterface.o
                0x0000000000406858                PopupAreYouSure(Event, char const*, char const*)
 .text._Z24CreateIntegerAdjustPopupRK12ColourScheme
                0x00000000004068a4       0x50 ./src/UserInterface.o
                0x00000000004068a4                CreateIntegerAdjustPopup(ColourScheme const&)
 .text._Z18CreateExtrudePopupRK12ColourScheme
                0x00000000004068f4      0x1a4 ./src/UserInterface.o
                0x00000000004068f4                CreateExtrudePopup(ColourScheme const&)
 .text._Z19CreateFileListPopupR15FileListButtonsPP10TextButtonjjRK12ColourSchemeb
                0x0000000000406a98      0x2dc ./src/UserInterface.o
                0x0000000000406a98                CreateFileListPopup(FileListButtons&, TextButton**, unsigned int, unsigned int, ColourScheme const&, bool)
 .text._Z21CreateFileActionPopupRK12ColourScheme
                0x0000000000406d74      0x388 ./src/UserInterface.o
                0x0000000000406d74                CreateFileActionPopup(ColourScheme const&)
 .text._Z21CreateAreYouSurePopupRK12ColourScheme
                0x00000000004070fc      0x120 ./src/UserInterface.o
                0x00000000004070fc                CreateAreYouSurePopup(ColourScheme const&)
 .text._Z19CreateBaudRatePopupRK12ColourScheme
                0x000000000040721c       0x30 ./src/UserInterface.o
                0x000000000040721c                CreateBaudRatePopup(ColourScheme const&)
 .text._Z17CreateVolumePopupRK12ColourScheme
                0x000000000040724c       0x2c ./src/UserInterface.o
                0x000000000040724c                CreateVolumePopup(ColourScheme const&)
 .text._Z18CreateColoursPopupRK12ColourScheme
                0x0000000000407278       0x40 ./src/UserInterface.o
                0x0000000000407278                CreateColoursPopup(ColourScheme const&)
 .text._Z19CreateLanguagePopupRK12ColourScheme
                0x00000000004072b8       0x9c ./src/UserInterface.o
                0x00000000004072b8                CreateLanguagePopup(ColourScheme const&)
 .text._Z19CreateKeyboardPopupm12ColourScheme
                0x0000000000407354      0x298 ./src/UserInterface.o
                0x0000000000407354                CreateKeyboardPopup(unsigned long, ColourScheme)
 .text._Z19CreateBabystepPopupRK12ColourScheme
                0x00000000004075ec      0x128 ./src/UserInterface.o
                0x00000000004075ec                CreateBabystepPopup(ColourScheme const&)
 .text._Z21CreateTemperatureGridRK12ColourScheme
                0x0000000000407714      0x288 ./src/UserInterface.o
                0x0000000000407714                CreateTemperatureGrid(ColourScheme const&)
 .text._Z22CreateControlTabFieldsRK12ColourScheme
                0x000000000040799c      0x2d4 ./src/UserInterface.o
                0x000000000040799c                CreateControlTabFields(ColourScheme const&)
 .text._Z23CreatePrintingTabFieldsRK12ColourScheme
                0x0000000000407c70      0x370 ./src/UserInterface.o
                0x0000000000407c70                CreatePrintingTabFields(ColourScheme const&)
 .text._Z22CreateMessageTabFieldsRK12ColourScheme
                0x0000000000407fe0      0x11c ./src/UserInterface.o
                0x0000000000407fe0                CreateMessageTabFields(ColourScheme const&)
 .text._Z20CreateSetupTabFieldsmRK12ColourScheme
                0x00000000004080fc      0x234 ./src/UserInterface.o
                0x00000000004080fc                CreateSetupTabFields(unsigned long, ColourScheme const&)
 .text._Z21DisplayColourGradientv
                0x0000000000408330       0x7c ./src/UserInterface.o
                0x0000000000408330                DisplayColourGradient()
 .text._Z18CreateCommonFieldsRK12ColourScheme
                0x00000000004083ac       0xa8 ./src/UserInterface.o
                0x00000000004083ac                CreateCommonFields(ColourScheme const&)
 .text._Z15CreateMainPagesmRK12ColourScheme
                0x0000000000408454      0x108 ./src/UserInterface.o
                0x0000000000408454                CreateMainPages(unsigned long, ColourScheme const&)
 .text._ZN2UI15GetNumLanguagesEv
                0x000000000040855c        0x4 ./src/UserInterface.o
                0x000000000040855c                UI::GetNumLanguages()
 .text._ZN2UI15ShowFilesButtonEv
                0x0000000000408560       0x5c ./src/UserInterface.o
                0x0000000000408560                UI::ShowFilesButton()
 .text._ZN2UI15ShowPauseButtonEv
                0x00000000004085bc       0x5c ./src/UserInterface.o
                0x00000000004085bc                UI::ShowPauseButton()
 .text._ZN2UI26ShowResumeAndCancelButtonsEv
                0x0000000000408618       0x5c ./src/UserInterface.o
                0x0000000000408618                UI::ShowResumeAndCancelButtons()
 .text._ZN2UI8ShowAxisEjb
                0x0000000000408674       0x3c ./src/UserInterface.o
                0x0000000000408674                UI::ShowAxis(unsigned int, bool)
 .text._Z15CreateMovePopupRK12ColourScheme
                0x00000000004086b0      0x12c ./src/UserInterface.o
                0x00000000004086b0                CreateMovePopup(ColourScheme const&)
 .text._ZN2UI12CreateFieldsEmRK12ColourScheme
                0x00000000004087dc      0x190 ./src/UserInterface.o
                0x00000000004087dc                UI::CreateFields(unsigned long, ColourScheme const&)
 .text._ZN2UI18UpdateAxisPositionEjf
                0x000000000040896c       0x1c ./src/UserInterface.o
                0x000000000040896c                UI::UpdateAxisPosition(unsigned int, float)
 .text._ZN2UI24UpdateCurrentTemperatureEjf
                0x0000000000408988       0xc0 ./src/UserInterface.o
                0x0000000000408988                UI::UpdateCurrentTemperature(unsigned int, float)
 .text._ZN2UI18UpdateHeaterStatusEj12HeaterStatus
                0x0000000000408a48       0x84 ./src/UserInterface.o
                0x0000000000408a48                UI::UpdateHeaterStatus(unsigned int, HeaterStatus)
 .text._ZN2UI12ShowKeyboardEv
                0x0000000000408acc       0x30 ./src/UserInterface.o
                0x0000000000408acc                UI::ShowKeyboard()
 .text._ZN2UI14PopupCancelledEv
                0x0000000000408afc       0x20 ./src/UserInterface.o
                0x0000000000408afc                UI::PopupCancelled()
 .text._ZN2UI9DoPollingEv
                0x0000000000408b1c       0x18 ./src/UserInterface.o
                0x0000000000408b1c                UI::DoPolling()
 .text._ZN2UI20UpdatePrintingFieldsEv
                0x0000000000408b34       0x8c ./src/UserInterface.o
                0x0000000000408b34                UI::UpdatePrintingFields()
 .text._ZN2UI23SetPrintProgressPercentEj
                0x0000000000408bc0       0x14 ./src/UserInterface.o
                0x0000000000408bc0                UI::SetPrintProgressPercent(unsigned int)
 .text._ZN2UI14UpdateGeometryEjb
                0x0000000000408bd4       0x78 ./src/UserInterface.o
                0x0000000000408bd4                UI::UpdateGeometry(unsigned int, bool)
 .text._ZN2UI17UpdateHomedStatusEib
                0x0000000000408c4c       0x40 ./src/UserInterface.o
                0x0000000000408c4c                UI::UpdateHomedStatus(int, bool)
 .text._ZN2UI12UpdateZProbeEPKc
                0x0000000000408c8c       0x3c ./src/UserInterface.o
                0x0000000000408c8c                UI::UpdateZProbe(char const*)
 .text._ZN2UI17UpdateMachineNameEPKc
                0x0000000000408cc8       0x3c ./src/UserInterface.o
                0x0000000000408cc8                UI::UpdateMachineName(char const*)
 .text._ZN2UI16UpdateFanPercentEi
                0x0000000000408d04       0x14 ./src/UserInterface.o
                0x0000000000408d04                UI::UpdateFanPercent(int)
 .text._ZN2UI23UpdateActiveTemperatureEji
                0x0000000000408d18       0x18 ./src/UserInterface.o
                0x0000000000408d18                UI::UpdateActiveTemperature(unsigned int, int)
 .text._ZN2UI24UpdateStandbyTemperatureEji
                0x0000000000408d30       0x18 ./src/UserInterface.o
                0x0000000000408d30                UI::UpdateStandbyTemperature(unsigned int, int)
 .text._ZN2UI21UpdateExtrusionFactorEji
                0x0000000000408d48       0x18 ./src/UserInterface.o
                0x0000000000408d48                UI::UpdateExtrusionFactor(unsigned int, int)
 .text._ZN2UI18UpdateSpeedPercentEi
                0x0000000000408d60       0x14 ./src/UserInterface.o
                0x0000000000408d60                UI::UpdateSpeedPercent(int)
 .text._ZN2UI10ClearAlertEv
                0x0000000000408d74       0x38 ./src/UserInterface.o
                0x0000000000408d74                UI::ClearAlert()
 .text._ZN2UI4SpinEv
                0x0000000000408dac       0x50 ./src/UserInterface.o
                0x0000000000408dac                UI::Spin()
 .text._ZN2UI13CanDimDisplayEv
                0x0000000000408dfc       0x14 ./src/UserInterface.o
                0x0000000000408dfc                UI::CanDimDisplay()
 .text._ZN2UI12FileSelectedEPKc
                0x0000000000408e10       0xb0 ./src/UserInterface.o
                0x0000000000408e10                UI::FileSelected(char const*)
 .text._ZN2UI22UpdateFileObjectHeightEf
                0x0000000000408ec0       0x14 ./src/UserInterface.o
                0x0000000000408ec0                UI::UpdateFileObjectHeight(float)
 .text._ZN2UI21UpdateFileLayerHeightEf
                0x0000000000408ed4       0x14 ./src/UserInterface.o
                0x0000000000408ed4                UI::UpdateFileLayerHeight(float)
 .text._ZN2UI14UpdateFileSizeEi
                0x0000000000408ee8       0x14 ./src/UserInterface.o
                0x0000000000408ee8                UI::UpdateFileSize(int)
 .text._ZN2UI18UpdateFileFilamentEi
                0x0000000000408efc       0x14 ./src/UserInterface.o
                0x0000000000408efc                UI::UpdateFileFilament(int)
 .text._ZN2UI20IsDisplayingFileInfoEv
                0x0000000000408f10       0x10 ./src/UserInterface.o
                0x0000000000408f10                UI::IsDisplayingFileInfo()
 .text._ZN2UI23FirmwareFeaturesChangedEm
                0x0000000000408f20       0x30 ./src/UserInterface.o
                0x0000000000408f20                UI::FirmwareFeaturesChanged(unsigned long)
 .text._ZN2UI20OnButtonPressTimeoutEv
                0x0000000000408f50       0x14 ./src/UserInterface.o
                0x0000000000408f50                UI::OnButtonPressTimeout()
 .text._ZN2UI24DisplayFilesOrMacrosListEbij
                0x0000000000408f64       0x5c ./src/UserInterface.o
                0x0000000000408f64                UI::DisplayFilesOrMacrosList(bool, int, unsigned int)
 .text._ZN2UI14FileListLoadedEbi
                0x0000000000408fc0       0x40 ./src/UserInterface.o
                0x0000000000408fc0                UI::FileListLoaded(bool, int)
 .text._ZN2UI20EnableFileNavButtonsEbbbb
                0x0000000000409000       0x44 ./src/UserInterface.o
                0x0000000000409000                UI::EnableFileNavButtons(bool, bool, bool, bool)
 .text._ZN2UI16UpdateFileButtonEbjPKcS1_
                0x0000000000409044       0x48 ./src/UserInterface.o
                0x0000000000409044                UI::UpdateFileButton(bool, unsigned int, char const*, char const*)
 .text._ZN2UI19GetNumScrolledFilesEb
                0x000000000040908c        0x4 ./src/UserInterface.o
                0x000000000040908c                UI::GetNumScrolledFiles(bool)
 .text._ZN2UI17SetBabystepOffsetEf
                0x0000000000409090       0x14 ./src/UserInterface.o
                0x0000000000409090                UI::SetBabystepOffset(float)
 .text._ZN6StringILj50EE3catEPKc
                0x00000000004090a4       0x1e ./src/UserInterface.o
                0x00000000004090a4                String<50u>::cat(char const*)
 *fill*         0x00000000004090c2        0x2 
 .text._ZN2UI25UpdateFileGeneratedByTextEPKc
                0x00000000004090c4       0x2c ./src/UserInterface.o
                0x00000000004090c4                UI::UpdateFileGeneratedByText(char const*)
 .text._ZN6StringILj50EE4catfEPKcz
                0x00000000004090f0       0x40 ./src/UserInterface.o
                0x00000000004090f0                String<50u>::catf(char const*, ...)
 .text._ZN2UIL14AppendTimeLeftEi
                0x0000000000409130       0x6c ./src/UserInterface.o
 .text._ZN2UI15UpdateTimesLeftEjj
                0x000000000040919c       0x78 ./src/UserInterface.o
                0x000000000040919c                UI::UpdateTimesLeft(unsigned int, unsigned int)
 .text._ZN6StringILj12EE6printfEPKcz
                0x0000000000409214       0x38 ./src/UserInterface.o
                0x0000000000409214                String<12u>::printf(char const*, ...)
 .text._ZN2UI19UpdatePrintTimeTextEmb
                0x000000000040924c       0x78 ./src/UserInterface.o
                0x000000000040924c                UI::UpdatePrintTimeText(unsigned long, bool)
 .text._ZN6StringILj55EE3catEPKc
                0x00000000004092c4       0x1e ./src/UserInterface.o
                0x00000000004092c4                String<55u>::cat(char const*)
 *fill*         0x00000000004092e2        0x2 
 .text._ZN10AlertPopup3SetEPKcS1_lm
                0x00000000004092e4       0xc0 ./src/UserInterface.o
                0x00000000004092e4                AlertPopup::Set(char const*, char const*, long, unsigned long)
 .text._ZN2UI12ProcessAlertERK5Alert
                0x00000000004093a4       0x98 ./src/UserInterface.o
                0x00000000004093a4                UI::ProcessAlert(Alert const&)
 .text._ZN2UI18ProcessSimpleAlertEPKc
                0x000000000040943c       0x7c ./src/UserInterface.o
                0x000000000040943c                UI::ProcessSimpleAlert(char const*)
 .text._ZN6StringILj40EE3catEPKc
                0x00000000004094b8       0x1e ./src/UserInterface.o
                0x00000000004094b8                String<40u>::cat(char const*)
 *fill*         0x00000000004094d6        0x2 
 .text._ZN2UI23PrintingFilenameChangedEPKc
                0x00000000004094d8       0x5c ./src/UserInterface.o
                0x00000000004094d8                UI::PrintingFilenameChanged(char const*)
 .text._ZN6StringILj20EE3catEPKc
                0x0000000000409534       0x1e ./src/UserInterface.o
                0x0000000000409534                String<20u>::cat(char const*)
 *fill*         0x0000000000409552        0x2 
 .text._ZN2UI20UpdateMacroShortListEjPKc
                0x0000000000409554       0x90 ./src/UserInterface.o
                0x0000000000409554                UI::UpdateMacroShortList(unsigned int, char const*)
 .text._ZN2UI26UpdateFileLastModifiedTextEPKc
                0x00000000004095e4       0x44 ./src/UserInterface.o
                0x00000000004095e4                UI::UpdateFileLastModifiedText(char const*)
 .text.startup._GLOBAL__sub_I_fwVersionField
                0x0000000000409628       0xbc ./src/UserInterface.o
 .text._ZN2UI10ChangePageEP10ButtonBase
                0x00000000004096e4      0x118 ./src/UserInterface.o
                0x00000000004096e4                UI::ChangePage(ButtonBase*)
 .text._ZN2UI12ChangeStatusE13PrinterStatusS0_
                0x00000000004097fc       0xa4 ./src/UserInterface.o
                0x00000000004097fc                UI::ChangeStatus(PrinterStatus, PrinterStatus)
 .text._ZN2UI12PrintStartedEv
                0x00000000004098a0       0x10 ./src/UserInterface.o
                0x00000000004098a0                UI::PrintStarted()
 .text._ZN2UI15ShowDefaultPageEv
                0x00000000004098b0       0x10 ./src/UserInterface.o
                0x00000000004098b0                UI::ShowDefaultPage()
 .text._ZN2UI12ProcessTouchE11ButtonPress
                0x00000000004098c0      0xa7c ./src/UserInterface.o
                0x00000000004098c0                UI::ProcessTouch(ButtonPress)
 .text._ZN2UI24ProcessTouchOutsidePopupE11ButtonPress
                0x000000000040a33c      0x104 ./src/UserInterface.o
                0x000000000040a33c                UI::ProcessTouchOutsidePopup(ButtonPress)
 .text._ZN2UI29AdjustControlPageMacroButtonsEv
                0x000000000040a440       0xcc ./src/UserInterface.o
                0x000000000040a440                UI::AdjustControlPageMacroButtons()
 .text._ZN2UI13SetNumHeatersEj
                0x000000000040a50c       0xcc ./src/UserInterface.o
                0x000000000040a50c                UI::SetNumHeaters(unsigned int)
 .text._ZN2UI11SetNumToolsEj
                0x000000000040a5d8       0x48 ./src/UserInterface.o
                0x000000000040a5d8                UI::SetNumTools(unsigned int)
 .text          0x000000000040a620      0x378 /opt/x-tools/gcc-arm-none-eabi-7-2018-q2-update/bin/../lib/gcc/arm-none-eabi/7.3.1/thumb/v7-m/libgcc.a(_arm_addsubdf3.o)
                0x000000000040a620                __aeabi_drsub
                0x000000000040a628                __aeabi_dsub
                0x000000000040a628                __subdf3
                0x000000000040a62c                __adddf3
                0x000000000040a62c                __aeabi_dadd
                0x000000000040a8a4                __aeabi_ui2d
                0x000000000040a8a4                __floatunsidf
                0x000000000040a8c4                __floatsidf
                0x000000000040a8c4                __aeabi_i2d
                0x000000000040a8e8                __extendsfdf2
                0x000000000040a8e8                __aeabi_f2d
                0x000000000040a92c                __aeabi_ul2d
                0x000000000040a92c                __floatundidf
                0x000000000040a93c                __floatdidf
                0x000000000040a93c                __aeabi_l2d
 .text          0x000000000040a998      0x424 /opt/x-tools/gcc-arm-none-eabi-7-2018-q2-update/bin/../lib/gcc/arm-none-eabi/7.3.1/thumb/v7-m/libgcc.a(_arm_muldivdf3.o)
                0x000000000040a998                __aeabi_dmul
                0x000000000040a998                __muldf3
                0x000000000040abec                __aeabi_ddiv
                0x000000000040abec                __divdf3
 .text          0x000000000040adbc       0x50 /opt/x-tools/gcc-arm-none-eabi-7-2018-q2-update/bin/../lib/gcc/arm-none-eabi/7.3.1/thumb/v7-m/libgcc.a(_arm_fixdfsi.o)
                0x000000000040adbc                __fixdfsi
                0x000000000040adbc                __aeabi_d2iz
 .text          0x000000000040ae0c       0x40 /opt/x-tools/gcc-arm-none-eabi-7-2018-q2-update/bin/../lib/gcc/arm-none-eabi/7.3.1/thumb/v7-m/libgcc.a(_arm_fixunsdfsi.o)
                0x000000000040ae0c                __fixunsdfsi
                0x000000000040ae0c                __aeabi_d2uiz
 .text          0x000000000040ae4c       0xa0 /opt/x-tools/gcc-arm-none-eabi-7-2018-q2-update/bin/../lib/gcc/arm-none-eabi/7.3.1/thumb/v7-m/libgcc.a(_arm_truncdfsf2.o)
                0x000000000040ae4c                __aeabi_d2f
                0x000000000040ae4c                __truncdfsf2
 .text          0x000000000040aeec      0x21c /opt/x-tools/gcc-arm-none-eabi-7-2018-q2-update/bin/../lib/gcc/arm-none-eabi/7.3.1/thumb/v7-m/libgcc.a(_arm_addsubsf3.o)
                0x000000000040aeec                __aeabi_frsub
                0x000000000040aef4                __subsf3
                0x000000000040aef4                __aeabi_fsub
                0x000000000040aef8                __aeabi_fadd
                0x000000000040aef8                __addsf3
                0x000000000040b058                __aeabi_ui2f
                0x000000000040b058                __floatunsisf
                0x000000000040b060                __aeabi_i2f
                0x000000000040b060                __floatsisf
                0x000000000040b07c                __floatundisf
                0x000000000040b07c                __aeabi_ul2f
                0x000000000040b08c                __floatdisf
                0x000000000040b08c                __aeabi_l2f
 .text          0x000000000040b108      0x2a0 /opt/x-tools/gcc-arm-none-eabi-7-2018-q2-update/bin/../lib/gcc/arm-none-eabi/7.3.1/thumb/v7-m/libgcc.a(_arm_muldivsf3.o)
                0x000000000040b108                __mulsf3
                0x000000000040b108                __aeabi_fmul
                0x000000000040b270                __divsf3
                0x000000000040b270                __aeabi_fdiv
 .text          0x000000000040b3a8       0xec /opt/x-tools/gcc-arm-none-eabi-7-2018-q2-update/bin/../lib/gcc/arm-none-eabi/7.3.1/thumb/v7-m/libgcc.a(_arm_cmpsf2.o)
                0x000000000040b3a8                __gtsf2
                0x000000000040b3a8                __gesf2
                0x000000000040b3b0                __lesf2
                0x000000000040b3b0                __ltsf2
                0x000000000040b3b8                __nesf2
                0x000000000040b3b8                __eqsf2
                0x000000000040b3b8                __cmpsf2
                0x000000000040b418                __aeabi_cfrcmple
                0x000000000040b420                __aeabi_cfcmple
                0x000000000040b420                __aeabi_cfcmpeq
                0x000000000040b430                __aeabi_fcmpeq
                0x000000000040b444                __aeabi_fcmplt
                0x000000000040b458                __aeabi_fcmple
                0x000000000040b46c                __aeabi_fcmpge
                0x000000000040b480                __aeabi_fcmpgt
 .text          0x000000000040b494       0x2c /opt/x-tools/gcc-arm-none-eabi-7-2018-q2-update/bin/../lib/gcc/arm-none-eabi/7.3.1/thumb/v7-m/libgcc.a(_arm_unordsf2.o)
                0x000000000040b494                __aeabi_fcmpun
                0x000000000040b494                __unordsf2
 .text          0x000000000040b4c0       0x4c /opt/x-tools/gcc-arm-none-eabi-7-2018-q2-update/bin/../lib/gcc/arm-none-eabi/7.3.1/thumb/v7-m/libgcc.a(_arm_fixsfsi.o)
                0x000000000040b4c0                __fixsfsi
                0x000000000040b4c0                __aeabi_f2iz
 .text          0x000000000040b50c       0x40 /opt/x-tools/gcc-arm-none-eabi-7-2018-q2-update/bin/../lib/gcc/arm-none-eabi/7.3.1/thumb/v7-m/libgcc.a(_arm_fixunssfsi.o)
                0x000000000040b50c                __aeabi_f2uiz
                0x000000000040b50c                __fixunssfsi
 .text.__libc_init_array
                0x000000000040b54c       0x48 /opt/x-tools/gcc-arm-none-eabi-7-2018-q2-update/bin/../lib/gcc/arm-none-eabi/7.3.1/../../../../arm-none-eabi/lib/thumb/v7-m/libc_nano.a(lib_a-init.o)
                0x000000000040b54c                __libc_init_array
 .text.memcmp   0x000000000040b594       0x1e /opt/x-tools/gcc-arm-none-eabi-7-2018-q2-update/bin/../lib/gcc/arm-none-eabi/7.3.1/../../../../arm-none-eabi/lib/thumb/v7-m/libc_nano.a(lib_a-memcmp.o)
                0x000000000040b594                memcmp
 .text.memcpy   0x000000000040b5b2       0x16 /opt/x-tools/gcc-arm-none-eabi-7-2018-q2-update/bin/../lib/gcc/arm-none-eabi/7.3.1/../../../../arm-none-eabi/lib/thumb/v7-m/libc_nano.a(lib_a-memcpy-stub.o)
                0x000000000040b5b2                memcpy
 .text.memset   0x000000000040b5c8       0x10 /opt/x-tools/gcc-arm-none-eabi-7-2018-q2-update/bin/../lib/gcc/arm-none-eabi/7.3.1/../../../../arm-none-eabi/lib/thumb/v7-m/libc_nano.a(lib_a-memset.o)
                0x000000000040b5c8                memset
 .text.snprintf
                0x000000000040b5d8       0x68 /opt/x-tools/gcc-arm-none-eabi-7-2018-q2-update/bin/../lib/gcc/arm-none-eabi/7.3.1/../../../../arm-none-eabi/lib/thumb/v7-m/libc_nano.a(lib_a-snprintf.o)
                0x000000000040b5d8                snprintf
                0x000000000040b5d8                sniprintf
 .text.strcasecmp
                0x000000000040b640       0x3c /opt/x-tools/gcc-arm-none-eabi-7-2018-q2-update/bin/../lib/gcc/arm-none-eabi/7.3.1/../../../../arm-none-eabi/lib/thumb/v7-m/libc_nano.a(lib_a-strcasecmp.o)
                0x000000000040b640                strcasecmp
 .text.strchr   0x000000000040b67c       0x1a /opt/x-tools/gcc-arm-none-eabi-7-2018-q2-update/bin/../lib/gcc/arm-none-eabi/7.3.1/../../../../arm-none-eabi/lib/thumb/v7-m/libc_nano.a(lib_a-strchr.o)
                0x000000000040b67c                strchr
 .text          0x000000000040b696       0x14 /opt/x-tools/gcc-arm-none-eabi-7-2018-q2-update/bin/../lib/gcc/arm-none-eabi/7.3.1/../../../../arm-none-eabi/lib/thumb/v7-m/libc_nano.a(lib_a-strcmp.o)
                0x000000000040b696                strcmp
 .text          0x000000000040b6aa       0x10 /opt/x-tools/gcc-arm-none-eabi-7-2018-q2-update/bin/../lib/gcc/arm-none-eabi/7.3.1/../../../../arm-none-eabi/lib/thumb/v7-m/libc_nano.a(lib_a-strlen.o)
                0x000000000040b6aa                strlen
 .text.strncmp  0x000000000040b6ba       0x24 /opt/x-tools/gcc-arm-none-eabi-7-2018-q2-update/bin/../lib/gcc/arm-none-eabi/7.3.1/../../../../arm-none-eabi/lib/thumb/v7-m/libc_nano.a(lib_a-strncmp.o)
                0x000000000040b6ba                strncmp
 .text.unlikely.sulp
                0x000000000040b6de       0x42 /opt/x-tools/gcc-arm-none-eabi-7-2018-q2-update/bin/../lib/gcc/arm-none-eabi/7.3.1/../../../../arm-none-eabi/lib/thumb/v7-m/libc_nano.a(lib_a-strtod.o)
 .text._strtod_l
                0x000000000040b720      0xc00 /opt/x-tools/gcc-arm-none-eabi-7-2018-q2-update/bin/../lib/gcc/arm-none-eabi/7.3.1/../../../../arm-none-eabi/lib/thumb/v7-m/libc_nano.a(lib_a-strtod.o)
                0x000000000040b720                _strtod_l
 .text.strtof   0x000000000040c320       0x9c /opt/x-tools/gcc-arm-none-eabi-7-2018-q2-update/bin/../lib/gcc/arm-none-eabi/7.3.1/../../../../arm-none-eabi/lib/thumb/v7-m/libc_nano.a(lib_a-strtod.o)
                0x000000000040c320                strtof
 .text._strtol_l.isra.0