Archive member included to satisfy reference by file (symbol)

/opt/x-tools/gcc-arm-none-eabi-7-2018-q2-update/bin/../lib/gcc/arm-none-eabi/7.3.1/thumb/v7e-m/libgcc.a(_arm_addsubdf3.o)
                              ./src/PanelDue.o (__aeabi_dsub)
/opt/x-tools/gcc-arm-none-eabi-7-2018-q2-update/bin/../lib/gcc/arm-none-eabi/7.3.1/thumb/v7e-m/libgcc.a(_arm_muldivdf3.o)
                              ./src/PanelDue.o (__aeabi_dmul)
/opt/x-tools/gcc-arm-none-eabi-7-2018-q2-update/bin/../lib/gcc/arm-none-eabi/7.3.1/thumb/v7e-m/libgcc.a(_arm_fixdfsi.o)
                              ./src/PanelDue.o (__aeabi_d2iz)
/opt/x-tools/gcc-arm-none-eabi-7-2018-q2-update/bin/../lib/gcc/arm-none-eabi/7.3.1/thumb/v7e-m/libgcc.a(_arm_fixunsdfsi.o)
                              ./src/PanelDue.o (__aeabi_d2uiz)
/opt/x-tools/gcc-arm-none-eabi-7-2018-q2-update/bin/../lib/gcc/arm-none-eabi/7.3.1/thumb/v7e-m/libgcc.a(_arm_truncdfsf2.o)
                              ./src/Print.o (__aeabi_d2f)
/opt/x-tools/gcc-arm-none-eabi-7-2018-q2-update/bin/../lib/gcc/arm-none-eabi/7.3.1/thumb/v7e-m/libgcc.a(_arm_addsubsf3.o)
                              ./src/Print.o (__aeabi_fsub)
/opt/x-tools/gcc-arm-none-eabi-7-2018-q2-update/bin/../lib/gcc/arm-none-eabi/7.3.1/thumb/v7e-m/libgcc.a(_arm_muldivsf3.o)
                              ./src/Print.o (__aeabi_fmul)
/opt/x-tools/gcc-arm-none-eabi-7-2018-q2-update/bin/../lib/gcc/arm-none-eabi/7.3.1/thumb/v7e-m/libgcc.a(_arm_cmpsf2.o)
                              ./src/PanelDue.o (__aeabi_fcmplt)
/opt/x-tools/gcc-arm-none-eabi-7-2018-q2-update/bin/../lib/gcc/arm-none-eabi/7.3.1/thumb/v7e-m/libgcc.a(_arm_unordsf2.o)
                              ./src/Print.o (__aeabi_fcmpun)
/opt/x-tools/gcc-arm-none-eabi-7-2018-q2-update/bin/../lib/gcc/arm-none-eabi/7.3.1/thumb/v7e-m/libgcc.a(_arm_fixsfsi.o)
                              ./src/PanelDue.o (__aeabi_f2iz)
/opt/x-tools/gcc-arm-none-eabi-7-2018-q2-update/bin/../lib/gcc/arm-none-eabi/7.3.1/thumb/v7e-m/libgcc.a(_arm_fixunssfsi.o)
                              ./src/Print.o (__aeabi_f2uiz)
/opt/x-tools/gcc-arm-none-eabi-7-2018-q2-update/bin/../lib/gcc/arm-none-eabi/7.3.1/../../../../arm-none-eabi/lib/thumb/v7e-m/libc_nano.a(lib_a-exit.o)
                              /opt/x-tools/gcc-arm-none-eabi-7-2018-q2-update/bin/../lib/gcc/arm-none-eabi/7.3.1/../../../../arm-none-eabi/lib/thumb/v7e-m/crt0.o (exit)
/opt/x-tools/gcc-arm-none-eabi-7-2018-q2-update/bin/../lib/gcc/arm-none-eabi/7.3.1/../../../../arm-none-eabi/lib/thumb/v7e-m/libc_nano.a(lib_a-impure.o)
                              /opt/x-tools/gcc-arm-none-eabi-7-2018-q2-update/bin/../lib/gcc/arm-none-eabi/7.3.1/../../../../arm-none-eabi/lib/thumb/v7e-m/libc_nano.a(lib_a-exit.o) (_global_impure_ptr)
/opt/x-tools/gcc-arm-none-eabi-7-2018-q2-update/bin/../lib/gcc/arm-none-eabi/7.3.1/../../../../arm-none-eabi/lib/thumb/v7e-m/libc_nano.a(lib_a-init.o)
                              /opt/x-tools/gcc-arm-none-eabi-7-2018-q2-update/bin/../lib/gcc/arm-none-eabi/7.3.1/../../../../arm-none-eabi/lib/thumb/v7e-m/crt0.o (__libc_init_array)
/opt/x-tools/gcc-arm-none-eabi-7-2018-q2-update/bin/../lib/gcc/arm-none-eabi/7.3.1/../../../../arm-none-eabi/lib/thumb/v7e-m/libc_nano.a(lib_a-memcmp.o)
                              ./src/UserInterface.o (memcmp)
/opt/x-tools/gcc-arm-none-eabi-7-2018-q2-update/bin/../lib/gcc/arm-none-eabi/7.3.1/../../../../arm-none-eabi/lib/thumb/v7e-m/libc_nano.a(lib_a-memcpy-stub.o)
                              ./src/Hardware/FlashStorage.o (memcpy)
/opt/x-tools/gcc-arm-none-eabi-7-2018-q2-update/bin/../lib/gcc/arm-none-eabi/7.3.1/../../../../arm-none-eabi/lib/thumb/v7e-m/libc_nano.a(lib_a-memset.o)
                              /opt/x-tools/gcc-arm-none-eabi-7-2018-q2-update/bin/../lib/gcc/arm-none-eabi/7.3.1/../../../../arm-none-eabi/lib/thumb/v7e-m/crt0.o (memset)
/opt/x-tools/gcc-arm-none-eabi-7-2018-q2-update/bin/../lib/gcc/arm-none-eabi/7.3.1/../../../../arm-none-eabi/lib/thumb/v7e-m/libc_nano.a(lib_a-printf.o)
                              ./src/ASF/sam/utils/syscalls/gcc/syscalls.o (printf)
/opt/x-tools/gcc-arm-none-eabi-7-2018-q2-update/bin/../lib/gcc/arm-none-eabi/7.3.1/../../../../arm-none-eabi/lib/thumb/v7e-m/libc_nano.a(lib_a-snprintf.o)
                              ./src/MessageLog.o (snprintf)
/opt/x-tools/gcc-arm-none-eabi-7-2018-q2-update/bin/../lib/gcc/arm-none-eabi/7.3.1/../../../../arm-none-eabi/lib/thumb/v7e-m/libc_nano.a(lib_a-strcasecmp.o)
                              ./src/FileManager.o (strcasecmp)
/opt/x-tools/gcc-arm-none-eabi-7-2018-q2-update/bin/../lib/gcc/arm-none-eabi/7.3.1/../../../../arm-none-eabi/lib/thumb/v7e-m/libc_nano.a(lib_a-strchr.o)
                              ./src/PanelDue.o (strchr)
/opt/x-tools/gcc-arm-none-eabi-7-2018-q2-update/bin/../lib/gcc/arm-none-eabi/7.3.1/../../../../arm-none-eabi/lib/thumb/v7e-m/libc_nano.a(lib_a-strcmp.o)
                              ./src/PanelDue.o (strcmp)
[...]
Memory Configuration

Name             Origin             Length             Attributes
rom              0x0000000000400000 0x0000000000040000 xr
ram              0x0000000020000000 0x0000000000010000 xrw
*default*        0x0000000000000000 0xffffffffffffffff

Linker script and memory map

LOAD /opt/x-tools/gcc-arm-none-eabi-7-2018-q2-update/bin/../lib/gcc/arm-none-eabi/7.3.1/thumb/v7e-m/crti.o
LOAD /opt/x-tools/gcc-arm-none-eabi-7-2018-q2-update/bin/../lib/gcc/arm-none-eabi/7.3.1/thumb/v7e-m/crtbegin.o
LOAD /opt/x-tools/gcc-arm-none-eabi-7-2018-q2-update/bin/../lib/gcc/arm-none-eabi/7.3.1/../../../../arm-none-eabi/lib/thumb/v7e-m/crt0.o
                0x0000000000001000                __stack_size__ = 0x1000
LOAD ./src/Library/Misc.o
LOAD ./src/Icons/HomeIcons.o
LOAD ./src/Icons/KeyIcons.o
LOAD ./src/Icons/MiscIcons.o
LOAD ./src/Icons/NozzleIcons.o
LOAD ./src/Hardware/Buzzer.o
LOAD ./src/Hardware/FlashStorage.o
LOAD ./src/Hardware/Mem.o
LOAD ./src/Hardware/OneBitPort.o
LOAD ./src/Hardware/SerialIo.o
LOAD ./src/Hardware/SysTick.o
LOAD ./src/Hardware/UTFT.o
LOAD ./src/Hardware/UTouch.o
LOAD ./src/Fonts/glcd19x20.o
LOAD ./src/Fonts/glcd19x21.o
LOAD ./src/Fonts/glcd20x30.o
LOAD ./src/Fonts/glcd22x32.o
LOAD ./src/Fonts/glcd28x32.o
LOAD ./src/ASF/sam/utils/syscalls/gcc/syscalls.o
LOAD ./src/ASF/sam/utils/cmsis/sam4s/source/templates/gcc/startup_sam4s.o
LOAD ./src/ASF/sam/utils/cmsis/sam4s/source/templates/system_sam4s.o
LOAD ./src/ASF/sam/services/flash_efc/flash_efc.o
LOAD ./src/ASF/sam/drivers/wdt/wdt.o
LOAD ./src/ASF/sam/drivers/uart/uart.o
LOAD ./src/ASF/sam/drivers/rstc/rstc.o
LOAD ./src/ASF/sam/drivers/pwm/pwm.o
LOAD ./src/ASF/sam/drivers/pmc/pmc.o
LOAD ./src/ASF/sam/drivers/pio/pio.o
LOAD ./src/ASF/sam/drivers/pio/pio_handler.o
LOAD ./src/ASF/sam/drivers/matrix/matrix.o
LOAD ./src/ASF/sam/drivers/efc/efc.o
LOAD ./src/ASF/common/utils/interrupt/interrupt_sam_nvic.o
LOAD ./src/ASF/common/services/delay/sam/cycle_counter.o
LOAD ./src/ASF/common/services/clock/sam3s/sysclk.o
LOAD ./src/ASF/common/boards/user_board/init.o
LOAD ./src/ColourSchemes.o
LOAD ./src/Display.o
LOAD ./src/FileManager.o
LOAD ./src/MessageLog.o
LOAD ./src/PanelDue.o
LOAD ./src/Print.o
LOAD ./src/RequestTimer.o
LOAD ./src/UserInterface.o
LOAD /opt/x-tools/gcc-arm-none-eabi-7-2018-q2-update/bin/../lib/gcc/arm-none-eabi/7.3.1/../../../../arm-none-eabi/lib/thumb/v7e-m/libstdc++_nano.a
LOAD /opt/x-tools/gcc-arm-none-eabi-7-2018-q2-update/bin/../lib/gcc/arm-none-eabi/7.3.1/../../../../arm-none-eabi/lib/thumb/v7e-m/libm.a
START GROUP
LOAD /opt/x-tools/gcc-arm-none-eabi-7-2018-q2-update/bin/../lib/gcc/arm-none-eabi/7.3.1/thumb/v7e-m/libgcc.a
LOAD /opt/x-tools/gcc-arm-none-eabi-7-2018-q2-update/bin/../lib/gcc/arm-none-eabi/7.3.1/../../../../arm-none-eabi/lib/thumb/v7e-m/libc_nano.a
END GROUP
START GROUP
LOAD /opt/x-tools/gcc-arm-none-eabi-7-2018-q2-update/bin/../lib/gcc/arm-none-eabi/7.3.1/thumb/v7e-m/libgcc.a
LOAD /opt/x-tools/gcc-arm-none-eabi-7-2018-q2-update/bin/../lib/gcc/arm-none-eabi/7.3.1/../../../../arm-none-eabi/lib/thumb/v7e-m/libc_nano.a
END GROUP
LOAD /opt/x-tools/gcc-arm-none-eabi-7-2018-q2-update/bin/../lib/gcc/arm-none-eabi/7.3.1/thumb/v7e-m/crtend.o
LOAD /opt/x-tools/gcc-arm-none-eabi-7-2018-q2-update/bin/../lib/gcc/arm-none-eabi/7.3.1/thumb/v7e-m/crtn.o
                0x0000000000003000                __stack_size__ = DEFINED (__stack_size__)?__stack_size__:0x3000
                0x000000002000fffc                __ram_end__ = ((ORIGIN (ram) + LENGTH (ram)) - 0x4)
                0x0000000000400000                __flash_start__ = ORIGIN (rom)
                0x0000000000440000                __flash_end__ = (ORIGIN (rom) + LENGTH (rom))

.text           0x0000000000400000    0x1cf6c
                0x0000000000400000                . = ALIGN (0x4)
                0x0000000000400000                _sfixed = .
 *(.vectors .vectors.*)
 .vectors       0x0000000000400000       0xcc ./src/ASF/sam/utils/cmsis/sam4s/source/templates/gcc/startup_sam4s.o
                0x0000000000400000                exception_table
 *(.text .text.* .gnu.linkonce.t.*)
 .text          0x00000000004000cc       0x40 /opt/x-tools/gcc-arm-none-eabi-7-2018-q2-update/bin/../lib/gcc/arm-none-eabi/7.3.1/thumb/v7e-m/crtbegin.o
 .text._Z11safeStrncpyPcPKcj
                0x000000000040010c       0x1e ./src/Library/Misc.o
                0x000000000040010c                safeStrncpy(char*, char const*, unsigned int)
 .text._Z16stringStartsWithPKcS0_
                0x000000000040012a       0x18 ./src/Library/Misc.o
                0x000000000040012a                stringStartsWith(char const*, char const*)
 .text._Z23SkipDigitsAndUnderscorePKc
                0x0000000000400142       0x24 ./src/Library/Misc.o
                0x0000000000400142                SkipDigitsAndUnderscore(char const*)
 *fill*         0x0000000000400166        0x2 
 .text._ZN6Buzzer4InitEv
                0x0000000000400168       0x74 ./src/Hardware/Buzzer.o
                0x0000000000400168                Buzzer::Init()
 .text._ZN6Buzzer4BeepEmmm
                0x00000000004001dc       0xc0 ./src/Hardware/Buzzer.o
                0x00000000004001dc                Buzzer::Beep(unsigned long, unsigned long, unsigned long)
 .text._ZN6Buzzer4TickEv
                0x000000000040029c       0x4c ./src/Hardware/Buzzer.o
                0x000000000040029c                Buzzer::Tick()
 .text._ZN6Buzzer5NoisyEv
                0x00000000004002e8       0x10 ./src/Hardware/Buzzer.o
                0x00000000004002e8                Buzzer::Noisy()
 .text._ZN6Buzzer12SetBacklightEm
                0x00000000004002f8       0x48 ./src/Hardware/Buzzer.o
                0x00000000004002f8                Buzzer::SetBacklight(unsigned long)
 .text._Znwj    0x0000000000400340       0x1c ./src/Hardware/Mem.o
                0x0000000000400340                operator new(unsigned int)
 .text._Z13getFreeMemoryv
                0x000000000040035c       0x20 ./src/Hardware/Mem.o
                0x000000000040035c                getFreeMemory()
 .text._ZN10OneBitPortC2Ej
                0x000000000040037c       0x24 ./src/Hardware/OneBitPort.o
                0x000000000040037c                OneBitPort::OneBitPort(unsigned int)
                0x000000000040037c                OneBitPort::OneBitPort(unsigned int)
 .text._ZN10OneBitPort7setModeENS_8PortModeE
                0x00000000004003a0       0x24 ./src/Hardware/OneBitPort.o
                0x00000000004003a0                OneBitPort::setMode(OneBitPort::PortMode)
 .text._ZN10OneBitPort5delayEh
                0x00000000004003c4        0xc ./src/Hardware/OneBitPort.o
                0x00000000004003c4                OneBitPort::delay(unsigned char)
 .text._ZN8SerialIoL7InArrayEv
                0x00000000004003d0       0x1c ./src/Hardware/SerialIo.o
 .text._ZN8SerialIoL16RemoveLastIdCharEv
                0x00000000004003ec       0x14 ./src/Hardware/SerialIo.o
 .text._ZN8SerialIoL12ProcessFieldEv
                0x0000000000400400       0x28 ./src/Hardware/SerialIo.o
 .text._ZN8SerialIoL8EndArrayEv
                0x0000000000400428       0x34 ./src/Hardware/SerialIo.o
 .text._ZN8SerialIoL12RemoveLastIdEv
                0x000000000040045c       0x30 ./src/Hardware/SerialIo.o
 .text._ZN8SerialIo4InitEm
                0x000000000040048c       0x74 ./src/Hardware/SerialIo.o
                0x000000000040048c                SerialIo::Init(unsigned long)
 .text._ZN8SerialIo11RawSendCharEc
                0x0000000000400500       0x1c ./src/Hardware/SerialIo.o
                0x0000000000400500                SerialIo::RawSendChar(char)
 .text._ZN8SerialIo19SendCharAndChecksumEc
                0x000000000040051c       0x24 ./src/Hardware/SerialIo.o
                0x000000000040051c                SerialIo::SendCharAndChecksum(char)
 .text._ZN8SerialIo7SendIntEi
                0x0000000000400540       0x38 ./src/Hardware/SerialIo.o
                0x0000000000400540                SerialIo::SendInt(int)
 .text._ZN8SerialIo8SendCharEc
                0x0000000000400578       0x94 ./src/Hardware/SerialIo.o
                0x0000000000400578                SerialIo::SendChar(char)
 .text._ZN8SerialIo10SendStringEPKc
                0x000000000040060c       0x18 ./src/Hardware/SerialIo.o
                0x000000000040060c                SerialIo::SendString(char const*)
 .text._ZN8SerialIo12SendFilenameEPKcS1_
                0x0000000000400624       0x54 ./src/Hardware/SerialIo.o
                0x0000000000400624                SerialIo::SendFilename(char const*, char const*)
 .text._ZN8SerialIo11receiveCharEc
                0x0000000000400678       0x44 ./src/Hardware/SerialIo.o
                0x0000000000400678                SerialIo::receiveChar(char)
 .text.UART0_Handler
                0x00000000004006bc       0x34 ./src/Hardware/SerialIo.o
                0x00000000004006bc                UART0_Handler
 .text._ZN6StringILj50EE3addEc
                0x00000000004006f0       0x26 ./src/Hardware/SerialIo.o
                0x00000000004006f0                String<50u>::add(char)
 .text._ZN6StringILj160EE3addEc
                0x0000000000400716       0x30 ./src/Hardware/SerialIo.o
                0x0000000000400716                String<160u>::add(char)
 *fill*         0x0000000000400746        0x2 
 .text._ZN8SerialIo10CheckInputEv
                0x0000000000400748      0x4e4 ./src/Hardware/SerialIo.o
                0x0000000000400748                SerialIo::CheckInput()
 .text.startup._GLOBAL__sub_I__ZN8SerialIo4InitEm
                0x0000000000400c2c       0x1c ./src/Hardware/SerialIo.o
 .text._ZN10SystemTick12GetTickCountEv
                0x0000000000400c48        0xc ./src/Hardware/SysTick.o
                0x0000000000400c48                SystemTick::GetTickCount()
 .text.SysTick_Handler
                0x0000000000400c54       0x28 ./src/Hardware/SysTick.o
                0x0000000000400c54                SysTick_Handler
 .text._ZN4UTFT15LCD_Write_AgainEm
                0x0000000000400c7c       0x24 ./src/Hardware/UTFT.o
                0x0000000000400c7c                UTFT::LCD_Write_Again(unsigned long)
 .text._ZN4UTFTC2E11DisplayTypejjjjj
                0x0000000000400ca0      0x114 ./src/Hardware/UTFT.o
                0x0000000000400ca0                UTFT::UTFT(DisplayType, unsigned int, unsigned int, unsigned int, unsigned int, unsigned int)
                0x0000000000400ca0                UTFT::UTFT(DisplayType, unsigned int, unsigned int, unsigned int, unsigned int, unsigned int)
 .text._ZN4UTFT13LCD_Write_BusEt
                0x0000000000400db4       0x28 ./src/Hardware/UTFT.o
                0x0000000000400db4                UTFT::LCD_Write_Bus(unsigned short)
 .text._ZN4UTFT13LCD_Write_COMEh
                0x0000000000400ddc       0x14 ./src/Hardware/UTFT.o
                0x0000000000400ddc                UTFT::LCD_Write_COM(unsigned char)
 .text._ZN4UTFT16LCD_Write_DATA16Et
                0x0000000000400df0       0x14 ./src/Hardware/UTFT.o
                0x0000000000400df0                UTFT::LCD_Write_DATA16(unsigned short)
 .text._ZN4UTFT25LCD_Write_Repeated_DATA16Etm
                0x0000000000400e04       0x24 ./src/Hardware/UTFT.o
                0x0000000000400e04                UTFT::LCD_Write_Repeated_DATA16(unsigned short, unsigned long)
 .text._ZN4UTFT15LCD_Write_DATA8Eh
                0x0000000000400e28       0x14 ./src/Hardware/UTFT.o
                0x0000000000400e28                UTFT::LCD_Write_DATA8(unsigned char)
 .text._ZN4UTFT20LCD_Write_COM_DATA16Eht
                0x0000000000400e3c       0x1c ./src/Hardware/UTFT.o
                0x0000000000400e3c                UTFT::LCD_Write_COM_DATA16(unsigned char, unsigned short)
 .text._ZN4UTFT5setXYEtttt
                0x0000000000400e58       0xec ./src/Hardware/UTFT.o
                0x0000000000400e58                UTFT::setXY(unsigned short, unsigned short, unsigned short, unsigned short)
 .text._ZN4UTFT7InitLCDE18DisplayOrientationbb
                0x0000000000400f44      0x380 ./src/Hardware/UTFT.o
                0x0000000000400f44                UTFT::InitLCD(DisplayOrientation, bool, bool)
 .text._ZN4UTFT10fillCircleEiii
                0x00000000004012c4      0x168 ./src/Hardware/UTFT.o
                0x00000000004012c4                UTFT::fillCircle(int, int, int)
 .text._ZN4UTFT9drawPixelEii
                0x000000000040142c       0x30 ./src/Hardware/UTFT.o
                0x000000000040142c                UTFT::drawPixel(int, int)
 .text._ZN4UTFT9drawHLineEiii
                0x000000000040145c       0x38 ./src/Hardware/UTFT.o
                0x000000000040145c                UTFT::drawHLine(int, int, int)
 .text._ZN4UTFT13fillRoundRectEiiiith
                0x0000000000401494       0xe8 ./src/Hardware/UTFT.o
                0x0000000000401494                UTFT::fillRoundRect(int, int, int, int, unsigned short, unsigned char)
 .text._ZN4UTFT9drawVLineEiii
                0x000000000040157c       0x38 ./src/Hardware/UTFT.o
                0x000000000040157c                UTFT::drawVLine(int, int, int)
 .text._ZN4UTFT8drawRectEiiii
                0x00000000004015b4       0x68 ./src/Hardware/UTFT.o
                0x00000000004015b4                UTFT::drawRect(int, int, int, int)
 .text._ZN4UTFT13drawRoundRectEiiii
                0x000000000040161c       0xc8 ./src/Hardware/UTFT.o
                0x000000000040161c                UTFT::drawRoundRect(int, int, int, int)
 .text._ZN4UTFT8fillRectEiiiith
                0x00000000004016e4       0xb0 ./src/Hardware/UTFT.o
                0x00000000004016e4                UTFT::fillRect(int, int, int, int, unsigned short, unsigned char)
 .text._ZN4UTFT8drawLineEiiii
                0x0000000000401794       0xec ./src/Hardware/UTFT.o
                0x0000000000401794                UTFT::drawLine(int, int, int, int)
 .text._ZN4UTFT7setFontEPKh
                0x0000000000401880       0x2c ./src/Hardware/UTFT.o
                0x0000000000401880                UTFT::setFont(unsigned char const*)
 .text._ZN4UTFT11drawBitmap4EiiiiPKhPKtib
                0x00000000004018ac      0x130 ./src/Hardware/UTFT.o
                0x00000000004018ac                UTFT::drawBitmap4(int, int, int, int, unsigned char const*, unsigned short const*, int, bool)
 .text._ZN4UTFT31drawCompressedBitmapBottomToTopEiiiiPKt
                0x00000000004019dc       0x78 ./src/Hardware/UTFT.o
                0x00000000004019dc                UTFT::drawCompressedBitmapBottomToTop(int, int, int, int, unsigned short const*)
 .text._ZNK4UTFT15getDisplayXSizeEv
                0x0000000000401a54       0x10 ./src/Hardware/UTFT.o
                0x0000000000401a54                UTFT::getDisplayXSize() const
 .text._ZN4UTFT10setTextPosEttt
                0x0000000000401a64       0x28 ./src/Hardware/UTFT.o
                0x0000000000401a64                UTFT::setTextPos(unsigned short, unsigned short, unsigned short)
 .text._ZNK4UTFT15getDisplayYSizeEv
                0x0000000000401a8c       0x10 ./src/Hardware/UTFT.o
                0x0000000000401a8c                UTFT::getDisplayYSize() const
 .text._ZN4UTFT7fillScrEtt
                0x0000000000401a9c       0x64 ./src/Hardware/UTFT.o
                0x0000000000401a9c                UTFT::fillScr(unsigned short, unsigned short)
 .text._ZN4UTFT13clearToMarginEv
                0x0000000000401b00       0x6c ./src/Hardware/UTFT.o
                0x0000000000401b00                UTFT::clearToMargin()
 .text._ZN4UTFT11writeNativeEt
                0x0000000000401b6c      0x24c ./src/Hardware/UTFT.o
                0x0000000000401b6c                UTFT::writeNative(unsigned short)
 .text._ZN4UTFT5writeEh
                0x0000000000401db8       0xb0 ./src/Hardware/UTFT.o
                0x0000000000401db8                UTFT::write(unsigned char)
 .text._ZN6UTouchC2Ejjjjj
                0x0000000000401e68       0x34 ./src/Hardware/UTouch.o
                0x0000000000401e68                UTouch::UTouch(unsigned int, unsigned int, unsigned int, unsigned int, unsigned int)
                0x0000000000401e68                UTouch::UTouch(unsigned int, unsigned int, unsigned int, unsigned int, unsigned int)
 .text._ZN6UTouch4initEtt18DisplayOrientation
                0x0000000000401e9c       0x68 ./src/Hardware/UTouch.o
                0x0000000000401e9c                UTouch::init(unsigned short, unsigned short, DisplayOrientation)
 .text._ZN6UTouch18touch_WriteCommandEh
                0x0000000000401f04       0x3c ./src/Hardware/UTouch.o
                0x0000000000401f04                UTouch::touch_WriteCommand(unsigned char)
 .text._ZN6UTouch14touch_ReadDataEh
                0x0000000000401f40       0x68 ./src/Hardware/UTouch.o
                0x0000000000401f40                UTouch::touch_ReadData(unsigned char)
 .text._ZN6UTouch12getTouchDataEbRt
                0x0000000000401fa8       0xb4 ./src/Hardware/UTouch.o
                0x0000000000401fa8                UTouch::getTouchData(bool, unsigned short&)
 .text._ZN6UTouch4readERtS0_PtS1_
                0x000000000040205c      0x10c ./src/Hardware/UTouch.o
                0x000000000040205c                UTouch::read(unsigned short&, unsigned short&, unsigned short*, unsigned short*)
 .text._ZN6UTouch9calibrateEttttt
                0x0000000000402168       0x42 ./src/Hardware/UTouch.o
                0x0000000000402168                UTouch::calibrate(unsigned short, unsigned short, unsigned short, unsigned short, unsigned short)
 *fill*         0x00000000004021aa        0x2 
 .text._sbrk    0x00000000004021ac       0x2c ./src/ASF/sam/utils/syscalls/gcc/syscalls.o
                0x00000000004021ac                _sbrk
 .text.Dummy_Handler
                0x00000000004021d8        0x2 ./src/ASF/sam/utils/cmsis/sam4s/source/templates/gcc/startup_sam4s.o
                0x00000000004021d8                DACC_Handler
                0x00000000004021d8                DebugMon_Handler
                0x00000000004021d8                HardFault_Handler
                0x00000000004021d8                TC2_Handler
                0x00000000004021d8                SPI_Handler
                0x00000000004021d8                TWI1_Handler
                0x00000000004021d8                PendSV_Handler
                0x00000000004021d8                NMI_Handler
                0x00000000004021d8                ADC_Handler
                0x00000000004021d8                CRCCU_Handler
                0x00000000004021d8                USART0_Handler
                0x00000000004021d8                RTT_Handler
                0x00000000004021d8                RTC_Handler
                0x00000000004021d8                UsageFault_Handler
                0x00000000004021d8                WDT_Handler
                0x00000000004021d8                TC1_Handler
                0x00000000004021d8                HSMCI_Handler
                0x00000000004021d8                UART1_Handler
                0x00000000004021d8                Dummy_Handler
                0x00000000004021d8                TWI0_Handler
                0x00000000004021d8                USART1_Handler
                0x00000000004021d8                SSC_Handler
                0x00000000004021d8                EFC0_Handler
                0x00000000004021d8                ACC_Handler
                0x00000000004021d8                PMC_Handler
                0x00000000004021d8                PWM_Handler
                0x00000000004021d8                MemManage_Handler
                0x00000000004021d8                SUPC_Handler
                0x00000000004021d8                SVC_Handler
                0x00000000004021d8                UDP_Handler
                0x00000000004021d8                BusFault_Handler
                0x00000000004021d8                RSTC_Handler
                0x00000000004021d8                TC0_Handler
 *fill*         0x00000000004021da        0x2 
 .text.Reset_Handler
                0x00000000004021dc       0x60 ./src/ASF/sam/utils/cmsis/sam4s/source/templates/gcc/startup_sam4s.o
                0x00000000004021dc                Reset_Handler
 .text.SystemInit
                0x000000000040223c        0x8 ./src/ASF/sam/utils/cmsis/sam4s/source/templates/system_sam4s.o
                0x000000000040223c                SystemInit
 .text.SystemCoreClockUpdate
                0x0000000000402244       0xc8 ./src/ASF/sam/utils/cmsis/sam4s/source/templates/system_sam4s.o
                0x0000000000402244                SystemCoreClockUpdate
 .text.system_init_flash
                0x000000000040230c       0x54 ./src/ASF/sam/utils/cmsis/sam4s/source/templates/system_sam4s.o
                0x000000000040230c                system_init_flash
 .text.flash_read_user_signature
                0x0000000000402360       0x2c ./src/ASF/sam/services/flash_efc/flash_efc.o
                0x0000000000402360                flash_read_user_signature
 .text.flash_write_user_signature
                0x000000000040238c       0x58 ./src/ASF/sam/services/flash_efc/flash_efc.o
                0x000000000040238c                flash_write_user_signature
 .text.flash_erase_user_signature
                0x00000000004023e4       0x14 ./src/ASF/sam/services/flash_efc/flash_efc.o
                0x00000000004023e4                flash_erase_user_signature
 .text.wdt_init
                0x00000000004023f8       0x18 ./src/ASF/sam/drivers/wdt/wdt.o
                0x00000000004023f8                wdt_init
 .text.wdt_restart
                0x0000000000402410       0x14 ./src/ASF/sam/drivers/wdt/wdt.o
                0x0000000000402410                wdt_restart
 .text.uart_init
                0x0000000000402424       0x34 ./src/ASF/sam/drivers/uart/uart.o
                0x0000000000402424                uart_init
 .text.uart_enable_interrupt
                0x0000000000402458        0x4 ./src/ASF/sam/drivers/uart/uart.o
                0x0000000000402458                uart_enable_interrupt
 .text.uart_disable_interrupt
                0x000000000040245c        0x4 ./src/ASF/sam/drivers/uart/uart.o
                0x000000000040245c                uart_disable_interrupt
 .text.uart_write
                0x0000000000402460        0xe ./src/ASF/sam/drivers/uart/uart.o
                0x0000000000402460                uart_write
 *fill*         0x000000000040246e        0x2 
 .text.rstc_start_software_reset
                0x0000000000402470        0xc ./src/ASF/sam/drivers/rstc/rstc.o
                0x0000000000402470                rstc_start_software_reset
 .text.rstc_get_reset_cause
                0x000000000040247c        0x8 ./src/ASF/sam/drivers/rstc/rstc.o
                0x000000000040247c                rstc_get_reset_cause
 .text.pwm_clocks_generate
                0x0000000000402484       0x4c ./src/ASF/sam/drivers/pwm/pwm.o
 .text.pwm_init
                0x00000000004024d0       0x44 ./src/ASF/sam/drivers/pwm/pwm.o
                0x00000000004024d0                pwm_init
 .text.pwm_channel_init
                0x0000000000402514       0xd8 ./src/ASF/sam/drivers/pwm/pwm.o
                0x0000000000402514                pwm_channel_init
 .text.pwm_channel_enable
                0x00000000004025ec        0xa ./src/ASF/sam/drivers/pwm/pwm.o
                0x00000000004025ec                pwm_channel_enable
 .text.pwm_channel_disable
                0x00000000004025f6        0xa ./src/ASF/sam/drivers/pwm/pwm.o
                0x00000000004025f6                pwm_channel_disable
 .text.pmc_switch_mck_to_pllack
                0x0000000000402600       0x44 ./src/ASF/sam/drivers/pmc/pmc.o
                0x0000000000402600                pmc_switch_mck_to_pllack
 .text.pmc_switch_sclk_to_32kxtal
                0x0000000000402644       0x20 ./src/ASF/sam/drivers/pmc/pmc.o
                0x0000000000402644                pmc_switch_sclk_to_32kxtal
 .text.pmc_switch_mainck_to_fastrc
                0x0000000000402664       0x44 ./src/ASF/sam/drivers/pmc/pmc.o
                0x0000000000402664                pmc_switch_mainck_to_fastrc
 .text.pmc_switch_mainck_to_xtal
                0x00000000004026a8       0x48 ./src/ASF/sam/drivers/pmc/pmc.o
                0x00000000004026a8                pmc_switch_mainck_to_xtal
 .text.pmc_osc_is_ready_mainck
                0x00000000004026f0       0x10 ./src/ASF/sam/drivers/pmc/pmc.o
                0x00000000004026f0                pmc_osc_is_ready_mainck
 .text.pmc_disable_pllack
                0x0000000000402700       0x10 ./src/ASF/sam/drivers/pmc/pmc.o
                0x0000000000402700                pmc_disable_pllack
 .text.pmc_is_locked_pllack
                0x0000000000402710       0x10 ./src/ASF/sam/drivers/pmc/pmc.o
                0x0000000000402710                pmc_is_locked_pllack
 .text.pmc_enable_periph_clk
                0x0000000000402720       0x40 ./src/ASF/sam/drivers/pmc/pmc.o
                0x0000000000402720                pmc_enable_periph_clk
 .text.pio_set_peripheral
                0x0000000000402760       0x80 ./src/ASF/sam/drivers/pio/pio.o
                0x0000000000402760                pio_set_peripheral
 .text.pio_set_input
                0x00000000004027e0       0x2c ./src/ASF/sam/drivers/pio/pio.o
                0x00000000004027e0                pio_set_input
 .text.pio_set_output
                0x000000000040280c       0x24 ./src/ASF/sam/drivers/pio/pio.o
                0x000000000040280c                pio_set_output
 .text.pio_configure
                0x0000000000402830       0x80 ./src/ASF/sam/drivers/pio/pio.o
                0x0000000000402830                pio_configure
 .text.pio_enable_output_write
                0x00000000004028b0        0x6 ./src/ASF/sam/drivers/pio/pio.o
                0x00000000004028b0                pio_enable_output_write
 .text.pio_get_interrupt_status
                0x00000000004028b6        0x4 ./src/ASF/sam/drivers/pio/pio.o
                0x00000000004028b6                pio_get_interrupt_status
 .text.pio_get_interrupt_mask
                0x00000000004028ba        0x4 ./src/ASF/sam/drivers/pio/pio.o
                0x00000000004028ba                pio_get_interrupt_mask
 *fill*         0x00000000004028be        0x2 
 .text.pio_handler_process
                0x00000000004028c0       0x7c ./src/ASF/sam/drivers/pio/pio_handler.o
                0x00000000004028c0                pio_handler_process
 .text.PIOA_Handler
                0x000000000040293c       0x10 ./src/ASF/sam/drivers/pio/pio_handler.o
                0x000000000040293c                PIOA_Handler
 .text.PIOB_Handler
                0x000000000040294c       0x10 ./src/ASF/sam/drivers/pio/pio_handler.o
                0x000000000040294c                PIOB_Handler
 .text.matrix_set_system_io
                0x000000000040295c        0xc ./src/ASF/sam/drivers/matrix/matrix.o
                0x000000000040295c                matrix_set_system_io
 .text.efc_perform_command
                0x0000000000402968       0x28 ./src/ASF/sam/drivers/efc/efc.o
                0x0000000000402968                efc_perform_command
 .text.osc_enable
                0x0000000000402990       0x48 ./src/ASF/common/services/clock/sam3s/sysclk.o
 .text.osc_wait_ready.constprop.4
                0x00000000004029d8       0x10 ./src/ASF/common/services/clock/sam3s/sysclk.o
 .text.sysclk_init
                0x00000000004029e8       0x64 ./src/ASF/common/services/clock/sam3s/sysclk.o
                0x00000000004029e8                sysclk_init
 .text._ZN12DisplayField10CheckEventEttRiR11ButtonPress
                0x0000000000402a4c        0x2 ./src/Display.o
                0x0000000000402a4c                DisplayField::CheckEvent(unsigned short, unsigned short, int&, ButtonPress&)
 .text._ZNK12DisplayField8IsButtonEv
                0x0000000000402a4e        0x4 ./src/Display.o
                0x0000000000402a4e                DisplayField::IsButton() const
 .text._ZNK12DisplayField9IsVisibleEv
                0x0000000000402a52        0x8 ./src/Display.o
                0x0000000000402a52                DisplayField::IsVisible() const
 .text._ZNK12DisplayField8GetEventEv
                0x0000000000402a5a        0x4 ./src/Display.o
                0x0000000000402a5a                DisplayField::GetEvent() const
 .text._ZNK6Window4XposEv
                0x0000000000402a5e        0x4 ./src/Display.o
                0x0000000000402a5e                Window::Xpos() const
 .text._ZNK6Window4YposEv
                0x0000000000402a62        0x4 ./src/Display.o
                0x0000000000402a62                Window::Ypos() const
 .text._ZNK11PopupWindow4XposEv
                0x0000000000402a66        0x4 ./src/Display.o
                0x0000000000402a66                PopupWindow::Xpos() const
 .text._ZNK11PopupWindow4YposEv
                0x0000000000402a6a        0x4 ./src/Display.o
                0x0000000000402a6a                PopupWindow::Ypos() const
 .text._ZNK10ButtonBase8GetEventEv
                0x0000000000402a6e        0x4 ./src/Display.o
                0x0000000000402a6e                ButtonBase::GetEvent() const
 .text._ZNK10ButtonBase9GetSParamEj
                0x0000000000402a72        0x4 ./src/Display.o
                0x0000000000402a72                ButtonBase::GetSParam(unsigned int) const
 .text._ZNK10ButtonBase9GetIParamEj
                0x0000000000402a76        0x4 ./src/Display.o
                0x0000000000402a76                ButtonBase::GetIParam(unsigned int) const
 .text._ZN10ButtonBase5PressEbi
                0x0000000000402a7a        0x2 ./src/Display.o
                0x0000000000402a7a                ButtonBase::Press(bool, int)
 .text._ZNK12SingleButton8IsButtonEv
                0x0000000000402a7c        0x4 ./src/Display.o
                0x0000000000402a7c                SingleButton::IsButton() const
 .text._ZNK12SingleButton9GetSParamEj
                0x0000000000402a80        0x4 ./src/Display.o
                0x0000000000402a80                SingleButton::GetSParam(unsigned int) const
 .text._ZNK12SingleButton9GetIParamEj
                0x0000000000402a84        0x4 ./src/Display.o
                0x0000000000402a84                SingleButton::GetIParam(unsigned int) const
 .text._ZNK13CharButtonRow9GetIParamEj
                0x0000000000402a88        0x6 ./src/Display.o
                0x0000000000402a88                CharButtonRow::GetIParam(unsigned int) const
 .text._ZNK10TextButton9IsVisibleEv
                0x0000000000402a8e       0x10 ./src/Display.o
                0x0000000000402a8e                TextButton::IsVisible() const
 *fill*         0x0000000000402a9e        0x2 
 .text._ZNK10IconButton9GetHeightEv
                0x0000000000402aa0       0x18 ./src/Display.o
                0x0000000000402aa0                IconButton::GetHeight() const
 .text._ZNK11ProgressBar9GetHeightEv
                0x0000000000402ab8        0x4 ./src/Display.o
                0x0000000000402ab8                ProgressBar::GetHeight() const
 .text._ZNK10MainWindow8ContainsEtttt
                0x0000000000402abc        0x4 ./src/Display.o
                0x0000000000402abc                MainWindow::Contains(unsigned short, unsigned short, unsigned short, unsigned short) const
 .text._ZNK11PopupWindow8ContainsEtttt
                0x0000000000402ac0       0x34 ./src/Display.o
                0x0000000000402ac0                PopupWindow::Contains(unsigned short, unsigned short, unsigned short, unsigned short) const
 .text._ZNK13FieldWithText9GetHeightEv
                0x0000000000402af4       0x26 ./src/Display.o
                0x0000000000402af4                FieldWithText::GetHeight() const
 .text._ZN12SingleButton5PressEbi
                0x0000000000402b1a       0x12 ./src/Display.o
                0x0000000000402b1a                SingleButton::Press(bool, int)
 .text._ZNK14ButtonWithText9GetHeightEv
                0x0000000000402b2c       0x24 ./src/Display.o
                0x0000000000402b2c                ButtonWithText::GetHeight() const
 .text._ZNK17ButtonRowWithText9GetHeightEv
                0x0000000000402b50       0x24 ./src/Display.o
                0x0000000000402b50                ButtonRowWithText::GetHeight() const
 .text._ZN13CharButtonRow5PressEbi
                0x0000000000402b74        0xc ./src/Display.o
                0x0000000000402b74                CharButtonRow::Press(bool, int)
 .text._ZNK9TextField9PrintTextEv
                0x0000000000402b80       0x28 ./src/Display.o
                0x0000000000402b80                TextField::PrintText() const
 .text._ZNK15StaticTextField9PrintTextEv
                0x0000000000402ba8       0x14 ./src/Display.o
                0x0000000000402ba8                StaticTextField::PrintText() const
 .text._ZNK10TextButton9PrintTextEj
                0x0000000000402bbc       0x18 ./src/Display.o
                0x0000000000402bbc                TextButton::PrintText(unsigned int) const
 .text._ZN11ProgressBar7RefreshEbtt
                0x0000000000402bd4      0x15c ./src/Display.o
                0x0000000000402bd4                ProgressBar::Refresh(bool, unsigned short, unsigned short)
 .text._ZN13FieldWithText7RefreshEbtt
                0x0000000000402d30      0x19c ./src/Display.o
                0x0000000000402d30                FieldWithText::Refresh(bool, unsigned short, unsigned short)
 .text._ZNK10FloatField9PrintTextEv
                0x0000000000402ecc       0x38 ./src/Display.o
                0x0000000000402ecc                FloatField::PrintText() const
 .text._ZNK12IntegerField9PrintTextEv
                0x0000000000402f04       0x34 ./src/Display.o
                0x0000000000402f04                IntegerField::PrintText() const
 .text._ZNK13IntegerButton9PrintTextEj
                0x0000000000402f38       0x3c ./src/Display.o
                0x0000000000402f38                IntegerButton::PrintText(unsigned int) const
 .text._ZNK12DisplayField7GetMaxYEv
                0x0000000000402f74       0x12 ./src/Display.o
                0x0000000000402f74                DisplayField::GetMaxY() const
 *fill*         0x0000000000402f86        0x2 
 .text._ZN10ButtonBase10CheckEventEttRiR11ButtonPress
                0x0000000000402f88       0x84 ./src/Display.o
                0x0000000000402f88                ButtonBase::CheckEvent(unsigned short, unsigned short, int&, ButtonPress&)
 .text._ZN13CharButtonRow10CheckEventEttRiR11ButtonPress
                0x000000000040300c       0x9c ./src/Display.o
                0x000000000040300c                CharButtonRow::CheckEvent(unsigned short, unsigned short, int&, ButtonPress&)
 .text._ZN12DisplayFieldC2Ettt
                0x00000000004030a8       0x3c ./src/Display.o
                0x00000000004030a8                DisplayField::DisplayField(unsigned short, unsigned short, unsigned short)
                0x00000000004030a8                DisplayField::DisplayField(unsigned short, unsigned short, unsigned short)
 .text._ZN12DisplayField11SetTextRowsEPKc
                0x00000000004030e4       0x20 ./src/Display.o
                0x00000000004030e4                DisplayField::SetTextRows(char const*)
 .text._ZN12DisplayField19SetPositionAndWidthEtt
                0x0000000000403104        0xe ./src/Display.o
                0x0000000000403104                DisplayField::SetPositionAndWidth(unsigned short, unsigned short)
 *fill*         0x0000000000403112        0x2 
 .text._ZN12DisplayField17SetDefaultColoursEttttttPKt
                0x0000000000403114       0x48 ./src/Display.o
                0x0000000000403114                DisplayField::SetDefaultColours(unsigned short, unsigned short, unsigned short, unsigned short, unsigned short, unsigned short, unsigned short const*)
 .text._ZN12DisplayField12GetTextWidthEPKct
                0x000000000040315c       0x30 ./src/Display.o
                0x000000000040315c                DisplayField::GetTextWidth(char const*, unsigned short)
 .text._ZN12DisplayField12GetTextWidthEPKctj
                0x000000000040318c       0x34 ./src/Display.o
                0x000000000040318c                DisplayField::GetTextWidth(char const*, unsigned short, unsigned int)
 .text._ZN12DisplayField4ShowEb
                0x00000000004031c0       0x16 ./src/Display.o
                0x00000000004031c0                DisplayField::Show(bool)
 .text._ZN12DisplayField9FindEventEttPS_
                0x00000000004031d6       0x3a ./src/Display.o
                0x00000000004031d6                DisplayField::FindEvent(unsigned short, unsigned short, DisplayField*)
 .text._ZN12DisplayField10SetColoursEtt
                0x0000000000403210       0x1a ./src/Display.o
                0x0000000000403210                DisplayField::SetColours(unsigned short, unsigned short)
 .text._ZN11ButtonPressC2Ev
                0x000000000040322a        0x8 ./src/Display.o
                0x000000000040322a                ButtonPress::ButtonPress()
                0x000000000040322a                ButtonPress::ButtonPress()
 .text._ZN11ButtonPressC2EP10ButtonBasej
                0x0000000000403232        0x6 ./src/Display.o
                0x0000000000403232                ButtonPress::ButtonPress(ButtonBase*, unsigned int)
                0x0000000000403232                ButtonPress::ButtonPress(ButtonBase*, unsigned int)
 .text._ZN11ButtonPress5ClearEv
                0x0000000000403238        0x8 ./src/Display.o
                0x0000000000403238                ButtonPress::Clear()
 .text._ZNK11ButtonPress8GetEventEv
                0x0000000000403240        0x8 ./src/Display.o
                0x0000000000403240                ButtonPress::GetEvent() const
 .text._ZNK11ButtonPress9GetIParamEv
                0x0000000000403248        0xc ./src/Display.o
                0x0000000000403248                ButtonPress::GetIParam() const
 .text._ZNK11ButtonPress9GetSParamEv
                0x0000000000403254        0xc ./src/Display.o
                0x0000000000403254                ButtonPress::GetSParam() const
 .text._ZNK11ButtonPresseqERKS_
                0x0000000000403260       0x18 ./src/Display.o
                0x0000000000403260                ButtonPress::operator==(ButtonPress const&) const
 .text._ZN6Window8AddFieldEP12DisplayField
                0x0000000000403278        0x8 ./src/Display.o
                0x0000000000403278                Window::AddField(DisplayField*)
 .text._ZNK6Window15ObscuredByPopupEPK12DisplayField
                0x0000000000403280       0x6c ./src/Display.o
                0x0000000000403280                Window::ObscuredByPopup(DisplayField const*) const
 .text._ZN11PopupWindow7RefreshEb
                0x00000000004032ec       0xc8 ./src/Display.o
                0x00000000004032ec                PopupWindow::Refresh(bool)
 .text._ZNK6Window7VisibleEPK12DisplayField
                0x00000000004033b4       0x24 ./src/Display.o
                0x00000000004033b4                Window::Visible(DisplayField const*) const
 .text._ZN10MainWindow7RefreshEb
                0x00000000004033d8       0x58 ./src/Display.o
                0x00000000004033d8                MainWindow::Refresh(bool)
 .text._ZN6Window9FindEventEtt
                0x0000000000403430       0x5c ./src/Display.o
                0x0000000000403430                Window::FindEvent(unsigned short, unsigned short)
 .text._ZN6Window21FindEventOutsidePopupEtt
                0x000000000040348c       0x48 ./src/Display.o
                0x000000000040348c                Window::FindEventOutsidePopup(unsigned short, unsigned short)
 .text._ZN6Window8SetPopupEP11PopupWindowttb
                0x00000000004034d4       0x62 ./src/Display.o
                0x00000000004034d4                Window::SetPopup(PopupWindow*, unsigned short, unsigned short, bool)
 *fill*         0x0000000000403536        0x2 
 .text._ZN6Window10ClearPopupEbP11PopupWindow
                0x0000000000403538       0xd8 ./src/Display.o
                0x0000000000403538                Window::ClearPopup(bool, PopupWindow*)
 .text._ZN6Window6RedrawEP12DisplayField
                0x0000000000403610       0xd0 ./src/Display.o
                0x0000000000403610                Window::Redraw(DisplayField*)
 .text._ZN6Window4ShowEP12DisplayFieldb
                0x00000000004036e0       0xd0 ./src/Display.o
                0x00000000004036e0                Window::Show(DisplayField*, bool)
 .text._ZN6Window5PressE11ButtonPressb
                0x00000000004037b0       0x3c ./src/Display.o
                0x00000000004037b0                Window::Press(ButtonPress, bool)
 .text._ZN10MainWindowC2Ev
                0x00000000004037ec       0x14 ./src/Display.o
                0x00000000004037ec                MainWindow::MainWindow()
                0x00000000004037ec                MainWindow::MainWindow()
 .text._ZN10MainWindow4InitEt
                0x0000000000403800        0x4 ./src/Display.o
                0x0000000000403800                MainWindow::Init(unsigned short)
 .text._ZN10MainWindow14ClearAllPopupsEv
                0x0000000000403804       0x1c ./src/Display.o
                0x0000000000403804                MainWindow::ClearAllPopups()
 .text._ZN11PopupWindowC2Etttt
                0x0000000000403820       0x20 ./src/Display.o
                0x0000000000403820                PopupWindow::PopupWindow(unsigned short, unsigned short, unsigned short, unsigned short)
                0x0000000000403820                PopupWindow::PopupWindow(unsigned short, unsigned short, unsigned short, unsigned short)
 .text._ZN10ButtonBaseC2Ettt
                0x0000000000403840       0x48 ./src/Display.o
                0x0000000000403840                ButtonBase::ButtonBase(unsigned short, unsigned short, unsigned short)
                0x0000000000403840                ButtonBase::ButtonBase(unsigned short, unsigned short, unsigned short)
 .text._ZNK10ButtonBase11DrawOutlineEttb
                0x0000000000403888       0xa0 ./src/Display.o
                0x0000000000403888                ButtonBase::DrawOutline(unsigned short, unsigned short, bool) const
 .text._ZN17ButtonRowWithText7RefreshEbtt
                0x0000000000403928       0xd4 ./src/Display.o
                0x0000000000403928                ButtonRowWithText::Refresh(bool, unsigned short, unsigned short)
 .text._ZN12SingleButtonC2Ettt
                0x00000000004039fc       0x1c ./src/Display.o
                0x00000000004039fc                SingleButton::SingleButton(unsigned short, unsigned short, unsigned short)
                0x00000000004039fc                SingleButton::SingleButton(unsigned short, unsigned short, unsigned short)
 .text._ZNK12SingleButton11DrawOutlineEtt
                0x0000000000403a18       0x10 ./src/Display.o
                0x0000000000403a18                SingleButton::DrawOutline(unsigned short, unsigned short) const
 .text._ZN14ButtonWithText7RefreshEbtt
                0x0000000000403a28       0xe4 ./src/Display.o
                0x0000000000403a28                ButtonWithText::Refresh(bool, unsigned short, unsigned short)
 .text._ZN10IconButton7RefreshEbtt
                0x0000000000403b0c       0x8c ./src/Display.o
                0x0000000000403b0c                IconButton::Refresh(bool, unsigned short, unsigned short)
 .text._ZN10TextButtonC2EtttPKchi
                0x0000000000403b98       0x30 ./src/Display.o
                0x0000000000403b98                TextButton::TextButton(unsigned short, unsigned short, unsigned short, char const*, unsigned char, int)
                0x0000000000403b98                TextButton::TextButton(unsigned short, unsigned short, unsigned short, char const*, unsigned char, int)
 .text._ZN10TextButtonC2EtttPKchS1_
                0x0000000000403bc8       0x28 ./src/Display.o
                0x0000000000403bc8                TextButton::TextButton(unsigned short, unsigned short, unsigned short, char const*, unsigned char, char const*)
                0x0000000000403bc8                TextButton::TextButton(unsigned short, unsigned short, unsigned short, char const*, unsigned char, char const*)
 .text._ZN10IconButtonC2EtttPKhhi
                0x0000000000403bf0       0x28 ./src/Display.o
                0x0000000000403bf0                IconButton::IconButton(unsigned short, unsigned short, unsigned short, unsigned char const*, unsigned char, int)
                0x0000000000403bf0                IconButton::IconButton(unsigned short, unsigned short, unsigned short, unsigned char const*, unsigned char, int)
 .text._ZN10IconButtonC2EtttPKhhPKc
                0x0000000000403c18       0x28 ./src/Display.o
                0x0000000000403c18                IconButton::IconButton(unsigned short, unsigned short, unsigned short, unsigned char const*, unsigned char, char const*)
                0x0000000000403c18                IconButton::IconButton(unsigned short, unsigned short, unsigned short, unsigned char const*, unsigned char, char const*)
 .text._ZN13CharButtonRowC2EttttPKch
                0x0000000000403c40       0x50 ./src/Display.o
                0x0000000000403c40                CharButtonRow::CharButtonRow(unsigned short, unsigned short, unsigned short, unsigned short, char const*, unsigned char)
                0x0000000000403c40                CharButtonRow::CharButtonRow(unsigned short, unsigned short, unsigned short, unsigned short, char const*, unsigned char)
 .text._ZN13CharButtonRow10ChangeTextEPKc
                0x0000000000403c90        0xc ./src/Display.o
                0x0000000000403c90                CharButtonRow::ChangeText(char const*)
 .text._ZNK13CharButtonRow9PrintTextEj
                0x0000000000403c9c       0x14 ./src/Display.o
                0x0000000000403c9c                CharButtonRow::PrintText(unsigned int) const
 .text._ZN11FileManager7FileSet20ReloadMacroShortListEi
                0x0000000000403cb0       0x60 ./src/FileManager.o
                0x0000000000403cb0                FileManager::FileSet::ReloadMacroShortList(int)
 .text._ZNK11FileManager7FileSet10IsInSubdirEv
                0x0000000000403d10       0x62 ./src/FileManager.o
                0x0000000000403d10                FileManager::FileSet::IsInSubdir() const
 *fill*         0x0000000000403d72        0x2 
 .text._ZN11FileManager7FileSet15FileListUpdatedEv
                0x0000000000403d74      0x10c ./src/FileManager.o
                0x0000000000403d74                FileManager::FileSet::FileListUpdated()
 .text._ZN11FileManager7FileSet6ScrollEi
                0x0000000000403e80       0x14 ./src/FileManager.o
                0x0000000000403e80                FileManager::FileSet::Scroll(int)
 .text._ZN11FileManager7FileSet10SetPendingEv
                0x0000000000403e94       0x3c ./src/FileManager.o
                0x0000000000403e94                FileManager::FileSet::SetPending()
 .text._ZN11FileManager7FileSet7DisplayEv
                0x0000000000403ed0       0x34 ./src/FileManager.o
                0x0000000000403ed0                FileManager::FileSet::Display()
 .text._ZN11FileManager15BeginNewMessageEv
                0x0000000000403f04       0x24 ./src/FileManager.o
                0x0000000000403f04                FileManager::BeginNewMessage()
 .text._ZN11FileManager19BeginReceivingFilesEv
                0x0000000000403f28       0x5c ./src/FileManager.o
                0x0000000000403f28                FileManager::BeginReceivingFiles()
 .text._ZN11FileManager11ReceiveFileEPKc
                0x0000000000403f84       0x8c ./src/FileManager.o
                0x0000000000403f84                FileManager::ReceiveFile(char const*)
 .text._ZN11FileManager16ReceiveErrorCodeEi
                0x0000000000404010       0x18 ./src/FileManager.o
                0x0000000000404010                FileManager::ReceiveErrorCode(int)
 .text._ZN11FileManager16DisplayFilesListEv
                0x0000000000404028       0x10 ./src/FileManager.o
                0x0000000000404028                FileManager::DisplayFilesList()
 .text._ZN11FileManager17DisplayMacrosListEv
                0x0000000000404038       0x10 ./src/FileManager.o
                0x0000000000404038                FileManager::DisplayMacrosList()
 .text._ZN11FileManager11ScrollFilesEi
                0x0000000000404048       0x10 ./src/FileManager.o
                0x0000000000404048                FileManager::ScrollFiles(int)
 .text._ZN11FileManager12ScrollMacrosEi
                0x0000000000404058       0x10 ./src/FileManager.o
                0x0000000000404058                FileManager::ScrollMacros(int)
 .text._ZN11FileManager11GetFilesDirEv
                0x0000000000404068        0x8 ./src/FileManager.o
                0x0000000000404068                FileManager::GetFilesDir()
 .text._ZN11FileManager12GetMacrosDirEv
                0x0000000000404070        0x8 ./src/FileManager.o
                0x0000000000404070                FileManager::GetMacrosDir()
 .text._ZN11FileManager16GetMacrosRootDirEv
                0x0000000000404078        0xc ./src/FileManager.o
                0x0000000000404078                FileManager::GetMacrosRootDir()
 .text._ZN11FileManager16RefreshFilesListEv
                0x0000000000404084       0x10 ./src/FileManager.o
                0x0000000000404084                FileManager::RefreshFilesList()
 .text._ZN11FileManager17RefreshMacrosListEv
                0x0000000000404094       0x10 ./src/FileManager.o
                0x0000000000404094                FileManager::RefreshMacrosList()
 .text._ZN11FileManager13ProcessTimersEv
                0x00000000004040a4       0x24 ./src/FileManager.o
                0x00000000004040a4                FileManager::ProcessTimers()
 .text._ZN11FileManager13SetNumVolumesEj
                0x00000000004040c8       0x10 ./src/FileManager.o
                0x00000000004040c8                FileManager::SetNumVolumes(unsigned int)
 .text._ZN6StringILj100EE3addEc
                0x00000000004040d8       0x26 ./src/FileManager.o
                0x00000000004040d8                String<100u>::add(char)
 *fill*         0x00000000004040fe        0x2 
 .text._ZN11FileManager7FileSet16RequestParentDirEv
                0x0000000000404100       0x6c ./src/FileManager.o
                0x0000000000404100                FileManager::FileSet::RequestParentDir()
 .text._ZN11FileManager21RequestFilesParentDirEv
                0x000000000040416c       0x10 ./src/FileManager.o
                0x000000000040416c                FileManager::RequestFilesParentDir()
 .text._ZN11FileManager22RequestMacrosParentDirEv
                0x000000000040417c       0x10 ./src/FileManager.o
                0x000000000040417c                FileManager::RequestMacrosParentDir()
 .text._ZN6StringILj100EE3catEPKc
                0x000000000040418c       0x1e ./src/FileManager.o
                0x000000000040418c                String<100u>::cat(char const*)
 *fill*         0x00000000004041aa        0x2 
 .text._ZN11FileManager7FileSet6ReloadEiRK6StringILj100EEi
                0x00000000004041ac       0x50 ./src/FileManager.o
                0x00000000004041ac                FileManager::FileSet::Reload(int, String<100u> const&, int)
 .text._ZN11FileManager18EndReceivedMessageEv
                0x00000000004041fc      0x170 ./src/FileManager.o
                0x00000000004041fc                FileManager::EndReceivedMessage()
 .text._ZN11FileManager20ReceiveDirectoryNameEPKc
                0x000000000040436c       0x1c ./src/FileManager.o
                0x000000000040436c                FileManager::ReceiveDirectoryName(char const*)
 .text._ZN11FileManager7FileSetC2EPKcjb
                0x0000000000404388       0x50 ./src/FileManager.o
                0x0000000000404388                FileManager::FileSet::FileSet(char const*, unsigned int, bool)
                0x0000000000404388                FileManager::FileSet::FileSet(char const*, unsigned int, bool)
 .text._ZN11FileManager7FileSet13SetupRootPathEv
                0x00000000004043d8       0x3c ./src/FileManager.o
                0x00000000004043d8                FileManager::FileSet::SetupRootPath()
 .text._ZN11FileManager23FirmwareFeaturesChangedEv
                0x0000000000404414       0x10 ./src/FileManager.o
                0x0000000000404414                FileManager::FirmwareFeaturesChanged()
 .text._ZN11FileManager7FileSet13RequestSubdirEPKc
                0x0000000000404424       0x68 ./src/FileManager.o
                0x0000000000404424                FileManager::FileSet::RequestSubdir(char const*)
 .text._ZN11FileManager18RequestFilesSubdirEPKc
                0x000000000040448c       0x10 ./src/FileManager.o
                0x000000000040448c                FileManager::RequestFilesSubdir(char const*)
 .text._ZN11FileManager19RequestMacrosSubdirEPKc
                0x000000000040449c       0x10 ./src/FileManager.o
                0x000000000040449c                FileManager::RequestMacrosSubdir(char const*)
 .text._ZN6StringILj100EE6printfEPKcz
                0x00000000004044ac       0x38 ./src/FileManager.o
                0x00000000004044ac                String<100u>::printf(char const*, ...)
 .text._ZN11FileManager7FileSet10SelectCardEj
                0x00000000004044e4       0x94 ./src/FileManager.o
                0x00000000004044e4                FileManager::FileSet::SelectCard(unsigned int)
 .text._ZN11FileManager7FileSet8NextCardEv
                0x0000000000404578       0x2c ./src/FileManager.o
                0x0000000000404578                FileManager::FileSet::NextCard()
 .text._ZN11FileManager8NextCardEv
                0x00000000004045a4       0x10 ./src/FileManager.o
                0x00000000004045a4                FileManager::NextCard()
 .text.startup._GLOBAL__sub_I__ZN11FileManager9filesRootE
                0x00000000004045b4       0x6c ./src/FileManager.o
 .text._ZN10MessageLog14UpdateMessagesEb
                0x0000000000404620      0x14c ./src/MessageLog.o
                0x0000000000404620                MessageLog::UpdateMessages(bool)
 .text._ZN10MessageLog4InitEv
                0x000000000040476c       0x24 ./src/MessageLog.o
                0x000000000040476c                MessageLog::Init()
 .text._ZN10MessageLog11SaveMessageEPKc
                0x0000000000404790       0x30 ./src/MessageLog.o
                0x0000000000404790                MessageLog::SaveMessage(char const*)
 .text._ZN10MessageLog15BeginNewMessageEv
                0x00000000004047c0       0x10 ./src/MessageLog.o
                0x00000000004047c0                MessageLog::BeginNewMessage()
 .text._ZN10MessageLog14FindSplitPointEPKcjt
                0x00000000004047d0       0x94 ./src/MessageLog.o
                0x00000000004047d0                MessageLog::FindSplitPoint(char const*, unsigned int, unsigned short)
 .text._ZN10MessageLog13AppendMessageEPKc
                0x0000000000404864       0xfc ./src/MessageLog.o
                0x0000000000404864                MessageLog::AppendMessage(char const*)
 .text._ZN10MessageLog17DisplayNewMessageEv
                0x0000000000404960       0x24 ./src/MessageLog.o
                0x0000000000404960                MessageLog::DisplayNewMessage()
 .text.startup._GLOBAL__sub_I__ZN10MessageLog4InitEv
                0x0000000000404984       0x10 ./src/MessageLog.o
 .text._ZNK9FlashData7IsValidEv
                0x0000000000404994       0x44 ./src/PanelDue.o
                0x0000000000404994                FlashData::IsValid() const
 .text._ZN9FlashDataeqERKS_
                0x00000000004049d8       0x5c ./src/PanelDue.o
                0x00000000004049d8                FlashData::operator==(FlashData const&)
 .text._ZN9FlashData11SetDefaultsEv
                0x0000000000404a34       0x3c ./src/PanelDue.o
                0x0000000000404a34                FlashData::SetDefaults()
 .text._ZN9FlashData4LoadEv
                0x0000000000404a70       0x10 ./src/PanelDue.o
                0x0000000000404a70                FlashData::Load()
 .text._ZNK9FlashData4SaveEv
                0x0000000000404a80       0x1c ./src/PanelDue.o
                0x0000000000404a80                FlashData::Save() const
 .text._Z19GetFirmwareFeaturesv
                0x0000000000404a9c        0xc ./src/PanelDue.o
                0x0000000000404a9c                GetFirmwareFeatures()
 .text._Z14CondStripDrivePKc
                0x0000000000404aa8       0x20 ./src/PanelDue.o
                0x0000000000404aa8                CondStripDrive(char const*)
 .text._Z5Delaym
                0x0000000000404ac8       0x18 ./src/PanelDue.o
                0x0000000000404ac8                Delay(unsigned long)
 .text._Z15PrintInProgressv
                0x0000000000404ae0       0x24 ./src/PanelDue.o
                0x0000000000404ae0                PrintInProgress()
 .text._Z7bsearchPK21ReceiveDataTableEntryjPKc
                0x0000000000404b04       0x60 ./src/PanelDue.o
                0x0000000000404b04                bsearch(ReceiveDataTableEntry const*, unsigned int, char const*)
 .text._Z8OkToSendv
                0x0000000000404b64       0x1c ./src/PanelDue.o
                0x0000000000404b64                OkToSend()
 .text._Z9GetStatusv
                0x0000000000404b80        0xc ./src/PanelDue.o
                0x0000000000404b80                GetStatus()
 .text._Z14DelayTouchLongv
                0x0000000000404b8c       0x20 ./src/PanelDue.o
                0x0000000000404b8c                DelayTouchLong()
 .text._Z17ShortenTouchDelayv
                0x0000000000404bac        0xc ./src/PanelDue.o
                0x0000000000404bac                ShortenTouchDelay()
 .text._Z9TouchBeepv
                0x0000000000404bb8       0x18 ./src/PanelDue.o
                0x0000000000404bb8                TouchBeep()
 .text._Z9ErrorBeepv
                0x0000000000404bd0       0x28 ./src/PanelDue.o
                0x0000000000404bd0                ErrorBeep()
 .text._Z12DoTouchCalibttttbRt
                0x0000000000404bf8       0xbc ./src/PanelDue.o
                0x0000000000404bf8                DoTouchCalib(unsigned short, unsigned short, unsigned short, unsigned short, bool, unsigned short&)
 .text._Z12IsSaveNeededv
                0x0000000000404cb4       0x20 ./src/PanelDue.o
                0x0000000000404cb4                IsSaveNeeded()
 .text._Z13MirrorDisplayv
                0x0000000000404cd4       0x28 ./src/PanelDue.o
                0x0000000000404cd4                MirrorDisplay()
 .text._Z13InvertDisplayv
                0x0000000000404cfc       0x28 ./src/PanelDue.o
                0x0000000000404cfc                InvertDisplay()
 .text._Z11SetBaudRatem
                0x0000000000404d24       0x10 ./src/PanelDue.o
                0x0000000000404d24                SetBaudRate(unsigned long)
 .text._Z17RestoreBrightnessv
                0x0000000000404d34       0x30 ./src/PanelDue.o
                0x0000000000404d34                RestoreBrightness()
 .text._Z7InitLcd18DisplayOrientationmm
                0x0000000000404d64       0x60 ./src/PanelDue.o
                0x0000000000404d64                InitLcd(DisplayOrientation, unsigned long, unsigned long)
 .text._Z13SetBrightnessi
                0x0000000000404dc4       0x1c ./src/PanelDue.o
                0x0000000000404dc4                SetBrightness(int)
 .text._Z13DimBrightnessv
                0x0000000000404de0       0x38 ./src/PanelDue.o
                0x0000000000404de0                DimBrightness()
 .text._Z20GetDisplayDimmerTypev
                0x0000000000404e18        0xc ./src/PanelDue.o
                0x0000000000404e18                GetDisplayDimmerType()
 .text._Z20SetDisplayDimmerType17DisplayDimmerType
                0x0000000000404e24        0xc ./src/PanelDue.o
                0x0000000000404e24                SetDisplayDimmerType(DisplayDimmerType)
 .text._Z9SetVolumem
                0x0000000000404e30        0xc ./src/PanelDue.o
                0x0000000000404e30                SetVolume(unsigned long)
 .text._Z15SetColourSchemem
                0x0000000000404e3c       0x14 ./src/PanelDue.o
                0x0000000000404e3c                SetColourScheme(unsigned long)
 .text._Z11SetLanguagem
                0x0000000000404e50       0x14 ./src/PanelDue.o
                0x0000000000404e50                SetLanguage(unsigned long)
 .text._Z11GetBaudRatev
                0x0000000000404e64        0xc ./src/PanelDue.o
                0x0000000000404e64                GetBaudRate()
 .text._Z9GetVolumev
                0x0000000000404e70        0xc ./src/PanelDue.o
                0x0000000000404e70                GetVolume()
 .text._Z13GetBrightnessv
                0x0000000000404e7c        0xc ./src/PanelDue.o
                0x0000000000404e7c                GetBrightness()
 .text._Z12FactoryResetv
                0x0000000000404e88       0x68 ./src/PanelDue.o
                0x0000000000404e88                FactoryReset()
 .text._Z12SaveSettingsv
                0x0000000000404ef0       0x30 ./src/PanelDue.o
                0x0000000000404ef0                SaveSettings()
 .text._Z9SetStatusc
                0x0000000000404f20       0x68 ./src/PanelDue.o
                0x0000000000404f20                SetStatus(char)
 .text._Z9Reconnectv
                0x0000000000404f88       0x24 ./src/PanelDue.o
                0x0000000000404f88                Reconnect()
 .text._Z10GetIntegerPKcRl
                0x0000000000404fac       0x98 ./src/PanelDue.o
                0x0000000000404fac                GetInteger(char const*, long&)
 .text._Z18GetUnsignedIntegerPKcRm
                0x0000000000405044       0x28 ./src/PanelDue.o
                0x0000000000405044                GetUnsignedInteger(char const*, unsigned long&)
 .text._Z8GetFloatPKcRf
                0x000000000040506c       0x38 ./src/PanelDue.o
                0x000000000040506c                GetFloat(char const*, float&)
 .text._Z20StartReceivedMessagev
                0x00000000004050a4       0x30 ./src/PanelDue.o
                0x00000000004050a4                StartReceivedMessage()
 .text._Z18EndReceivedMessagev
                0x00000000004050d4       0x80 ./src/PanelDue.o
                0x00000000004050d4                EndReceivedMessage()
 .text._Z20ProcessReceivedValuePKcS0_PKj
                0x0000000000405154      0x618 ./src/PanelDue.o
                0x0000000000405154                ProcessReceivedValue(char const*, char const*, unsigned int const*)
 .text._Z15ProcessArrayEndPKcPKj
                0x000000000040576c       0x40 ./src/PanelDue.o
                0x000000000040576c                ProcessArrayEnd(char const*, unsigned int const*)
 .text._Z15UpdateDebugInfov
                0x00000000004057ac       0x20 ./src/PanelDue.o
                0x00000000004057ac                UpdateDebugInfo()
 .text.__cxa_pure_virtual
                0x00000000004057cc        0x2 ./src/PanelDue.o
                0x00000000004057cc                __cxa_pure_virtual
 *fill*         0x00000000004057ce        0x2 
 .text.startup._GLOBAL__sub_I_lcd
                0x00000000004057d0       0x98 ./src/PanelDue.o
 .text._Z14CalibrateTouchv
                0x0000000000405868      0x11c ./src/PanelDue.o
                0x0000000000405868                CalibrateTouch()
 .text.startup.main
                0x0000000000405984      0x42c ./src/PanelDue.o
                0x0000000000405984                main
 .text._ZN5Print5printEPKc.part.0
                0x0000000000405db0       0x22 ./src/Print.o
 *fill*         0x0000000000405dd2        0x2 
 .text._ZN5Print5printEPKc
                0x0000000000405dd4       0x10 ./src/Print.o
                0x0000000000405dd4                Print::print(char const*)
 .text._ZN5Print5printEPKcj
                0x0000000000405de4       0x2c ./src/Print.o
                0x0000000000405de4                Print::print(char const*, unsigned int)
 .text._ZN5Print11printNumberEmj
                0x0000000000405e10       0x40 ./src/Print.o
                0x0000000000405e10                Print::printNumber(unsigned long, unsigned int)
 .text._ZN5Print5printElj
                0x0000000000405e50       0x48 ./src/Print.o
                0x0000000000405e50                Print::print(long, unsigned int)
 .text._ZN5Print10printFloatEfj
                0x0000000000405e98      0x188 ./src/Print.o
                0x0000000000405e98                Print::printFloat(float, unsigned int)
 .text._ZN12RequestTimerC2EmPKcS1_
                0x0000000000406020        0xe ./src/RequestTimer.o
                0x0000000000406020                RequestTimer::RequestTimer(unsigned long, char const*, char const*)
                0x0000000000406020                RequestTimer::RequestTimer(unsigned long, char const*, char const*)
 *fill*         0x000000000040602e        0x2 
 .text._ZN12RequestTimer7ProcessEv
                0x0000000000406030       0x60 ./src/RequestTimer.o
                0x0000000000406030                RequestTimer::Process()
 .text._ZN2UIL9AdjustingE11ButtonPress
                0x0000000000406090       0x38 ./src/UserInterface.o
 .text._ZN2UIL13StopAdjustingEv
                0x00000000004060c8       0x30 ./src/UserInterface.o
 .text._ZN2UIL21CurrentButtonReleasedEv
                0x00000000004060f8       0x30 ./src/UserInterface.o
 .text._ZN9TextFieldC2Ettt13TextAlignmentPKcS2_b
                0x0000000000406128       0x48 ./src/UserInterface.o
                0x0000000000406128                TextField::TextField(unsigned short, unsigned short, unsigned short, TextAlignment, char const*, char const*, bool)
                0x0000000000406128                TextField::TextField(unsigned short, unsigned short, unsigned short, TextAlignment, char const*, char const*, bool)
 .text._ZN15StaticTextFieldC2Ettt13TextAlignmentPKcb
                0x0000000000406170       0x50 ./src/UserInterface.o
                0x0000000000406170                StaticTextField::StaticTextField(unsigned short, unsigned short, unsigned short, TextAlignment, char const*, bool)
                0x0000000000406170                StaticTextField::StaticTextField(unsigned short, unsigned short, unsigned short, TextAlignment, char const*, bool)
 .text._ZN15StaticTextField8SetValueEPKc
                0x00000000004061c0       0x18 ./src/UserInterface.o
                0x00000000004061c0                StaticTextField::SetValue(char const*)
 .text._ZN19StandardPopupWindowC2EttttttPKct
                0x00000000004061d8       0xd0 ./src/UserInterface.o
                0x00000000004061d8                StandardPopupWindow::StandardPopupWindow(unsigned short, unsigned short, unsigned short, unsigned short, unsigned short, unsigned short, char const*, unsigned short)
                0x00000000004061d8                StandardPopupWindow::StandardPopupWindow(unsigned short, unsigned short, unsigned short, unsigned short, unsigned short, unsigned short, char const*, unsigned short)
 .text._ZN10AlertPopupC2ERK12ColourScheme
                0x00000000004062a8      0x26c ./src/UserInterface.o
                0x00000000004062a8                AlertPopup::AlertPopup(ColourScheme const&)
                0x00000000004062a8                AlertPopup::AlertPopup(ColourScheme const&)
 .text._Z13AddTextButtontjjPKc5EventS0_
                0x0000000000406514       0x60 ./src/UserInterface.o
                0x0000000000406514                AddTextButton(unsigned short, unsigned int, unsigned int, char const*, Event, char const*)
 .text._Z16AddIntegerButtontjjPKcS0_5Event
                0x0000000000406574       0x6c ./src/UserInterface.o
                0x0000000000406574                AddIntegerButton(unsigned short, unsigned int, unsigned int, char const*, char const*, Event)
 .text._Z13AddIconButtontjjPKh5EventPKc
                0x00000000004065e0       0x60 ./src/UserInterface.o
                0x00000000004065e0                AddIconButton(unsigned short, unsigned int, unsigned int, unsigned char const*, Event, char const*)
 .text._Z21CreateStringButtonRowP6WindowttttjPKPKcS4_5Eventi
                0x0000000000406640       0xb4 ./src/UserInterface.o
                0x0000000000406640                CreateStringButtonRow(Window*, unsigned short, unsigned short, unsigned short, unsigned short, unsigned int, char const* const*, char const* const*, Event, int)
 .text._Z17CreateIntPopupBarRK12ColourSchemetjPKPKcPKi5EventS8_
                0x00000000004066f4       0xc4 ./src/UserInterface.o
                0x00000000004066f4                CreateIntPopupBar(ColourScheme const&, unsigned short, unsigned int, char const* const*, int const*, Event, Event)
 .text._Z11StripPrefixPKc
                0x00000000004067b8       0x74 ./src/UserInterface.o
                0x00000000004067b8                StripPrefix(char const*)
 .text._Z16ChangeBrightnessb
                0x000000000040682c       0x2c ./src/UserInterface.o
                0x000000000040682c                ChangeBrightness(bool)
 .text._Z23ChangeDisplayDimmerTypev
                0x0000000000406858       0x20 ./src/UserInterface.o
                0x0000000000406858                ChangeDisplayDimmerType()
 .text._Z11UpdateFieldP13IntegerButtoni
                0x0000000000406878       0x20 ./src/UserInterface.o
                0x0000000000406878                UpdateField(IntegerButton*, int)
 .text._Z15PopupAreYouSure5EventPKcS1_
                0x0000000000406898       0x4c ./src/UserInterface.o
                0x0000000000406898                PopupAreYouSure(Event, char const*, char const*)
 .text._Z24CreateIntegerAdjustPopupRK12ColourScheme
                0x00000000004068e4       0x50 ./src/UserInterface.o
                0x00000000004068e4                CreateIntegerAdjustPopup(ColourScheme const&)
 .text._Z18CreateExtrudePopupRK12ColourScheme
                0x0000000000406934      0x1a4 ./src/UserInterface.o
                0x0000000000406934                CreateExtrudePopup(ColourScheme const&)
 .text._Z19CreateFileListPopupR15FileListButtonsPP10TextButtonjjRK12ColourSchemeb
                0x0000000000406ad8      0x2f4 ./src/UserInterface.o
                0x0000000000406ad8                CreateFileListPopup(FileListButtons&, TextButton**, unsigned int, unsigned int, ColourScheme const&, bool)
 .text._Z21CreateFileActionPopupRK12ColourScheme
                0x0000000000406dcc      0x394 ./src/UserInterface.o
                0x0000000000406dcc                CreateFileActionPopup(ColourScheme const&)
 .text._Z21CreateAreYouSurePopupRK12ColourScheme
                0x0000000000407160      0x124 ./src/UserInterface.o
                0x0000000000407160                CreateAreYouSurePopup(ColourScheme const&)
 .text._Z19CreateBaudRatePopupRK12ColourScheme
                0x0000000000407284       0x30 ./src/UserInterface.o
                0x0000000000407284                CreateBaudRatePopup(ColourScheme const&)
 .text._Z17CreateVolumePopupRK12ColourScheme
                0x00000000004072b4       0x2c ./src/UserInterface.o
                0x00000000004072b4                CreateVolumePopup(ColourScheme const&)
 .text._Z18CreateColoursPopupRK12ColourScheme
                0x00000000004072e0       0x40 ./src/UserInterface.o
                0x00000000004072e0                CreateColoursPopup(ColourScheme const&)
 .text._Z19CreateLanguagePopupRK12ColourScheme
                0x0000000000407320       0x9c ./src/UserInterface.o
                0x0000000000407320                CreateLanguagePopup(ColourScheme const&)
 .text._Z19CreateKeyboardPopupm12ColourScheme
                0x00000000004073bc      0x2a4 ./src/UserInterface.o
                0x00000000004073bc                CreateKeyboardPopup(unsigned long, ColourScheme)
 .text._Z19CreateBabystepPopupRK12ColourScheme
                0x0000000000407660      0x128 ./src/UserInterface.o
                0x0000000000407660                CreateBabystepPopup(ColourScheme const&)
 .text._Z21CreateTemperatureGridRK12ColourScheme
                0x0000000000407788      0x290 ./src/UserInterface.o
                0x0000000000407788                CreateTemperatureGrid(ColourScheme const&)
 .text._Z22CreateControlTabFieldsRK12ColourScheme
                0x0000000000407a18      0x328 ./src/UserInterface.o
                0x0000000000407a18                CreateControlTabFields(ColourScheme const&)
 .text._Z23CreatePrintingTabFieldsRK12ColourScheme
                0x0000000000407d40      0x388 ./src/UserInterface.o
                0x0000000000407d40                CreatePrintingTabFields(ColourScheme const&)
 .text._Z22CreateMessageTabFieldsRK12ColourScheme
                0x00000000004080c8      0x128 ./src/UserInterface.o
                0x00000000004080c8                CreateMessageTabFields(ColourScheme const&)
 .text._Z20CreateSetupTabFieldsmRK12ColourScheme
                0x00000000004081f0      0x234 ./src/UserInterface.o
                0x00000000004081f0                CreateSetupTabFields(unsigned long, ColourScheme const&)
 .text._Z21DisplayColourGradientv
                0x0000000000408424       0xc4 ./src/UserInterface.o
                0x0000000000408424                DisplayColourGradient()
 .text._Z18CreateCommonFieldsRK12ColourScheme
                0x00000000004084e8       0xb0 ./src/UserInterface.o
                0x00000000004084e8                CreateCommonFields(ColourScheme const&)
 .text._Z15CreateMainPagesmRK12ColourScheme
                0x0000000000408598      0x108 ./src/UserInterface.o
                0x0000000000408598                CreateMainPages(unsigned long, ColourScheme const&)
 .text._ZN2UI15GetNumLanguagesEv
                0x00000000004086a0        0x4 ./src/UserInterface.o
                0x00000000004086a0                UI::GetNumLanguages()
 .text._ZN2UI15ShowFilesButtonEv
                0x00000000004086a4       0x5c ./src/UserInterface.o
                0x00000000004086a4                UI::ShowFilesButton()
 .text._ZN2UI15ShowPauseButtonEv
                0x0000000000408700       0x5c ./src/UserInterface.o
                0x0000000000408700                UI::ShowPauseButton()
 .text._ZN2UI26ShowResumeAndCancelButtonsEv
                0x000000000040875c       0x5c ./src/UserInterface.o
                0x000000000040875c                UI::ShowResumeAndCancelButtons()
 .text._ZN2UI8ShowAxisEjb
                0x00000000004087b8       0x3c ./src/UserInterface.o
                0x00000000004087b8                UI::ShowAxis(unsigned int, bool)
 .text._Z15CreateMovePopupRK12ColourScheme
                0x00000000004087f4      0x130 ./src/UserInterface.o
                0x00000000004087f4                CreateMovePopup(ColourScheme const&)
 .text._ZN2UI12CreateFieldsEmRK12ColourScheme
                0x0000000000408924      0x198 ./src/UserInterface.o
                0x0000000000408924                UI::CreateFields(unsigned long, ColourScheme const&)
 .text._ZN2UI18UpdateAxisPositionEjf
                0x0000000000408abc       0x1c ./src/UserInterface.o
                0x0000000000408abc                UI::UpdateAxisPosition(unsigned int, float)
 .text._ZN2UI24UpdateCurrentTemperatureEjf
                0x0000000000408ad8       0xc0 ./src/UserInterface.o
                0x0000000000408ad8                UI::UpdateCurrentTemperature(unsigned int, float)
 .text._ZN2UI18UpdateHeaterStatusEj12HeaterStatus
                0x0000000000408b98       0x84 ./src/UserInterface.o
                0x0000000000408b98                UI::UpdateHeaterStatus(unsigned int, HeaterStatus)
 .text._ZN2UI12ShowKeyboardEv
                0x0000000000408c1c       0x30 ./src/UserInterface.o
                0x0000000000408c1c                UI::ShowKeyboard()
 .text._ZN2UI14PopupCancelledEv
                0x0000000000408c4c       0x20 ./src/UserInterface.o
                0x0000000000408c4c                UI::PopupCancelled()
 .text._ZN2UI9DoPollingEv
                0x0000000000408c6c       0x18 ./src/UserInterface.o
                0x0000000000408c6c                UI::DoPolling()
 .text._ZN2UI20UpdatePrintingFieldsEv
                0x0000000000408c84       0x8c ./src/UserInterface.o
                0x0000000000408c84                UI::UpdatePrintingFields()
 .text._ZN2UI23SetPrintProgressPercentEj
                0x0000000000408d10       0x14 ./src/UserInterface.o
                0x0000000000408d10                UI::SetPrintProgressPercent(unsigned int)
 .text._ZN2UI14UpdateGeometryEjb
                0x0000000000408d24       0x78 ./src/UserInterface.o
                0x0000000000408d24                UI::UpdateGeometry(unsigned int, bool)
 .text._ZN2UI17UpdateHomedStatusEib
                0x0000000000408d9c       0x40 ./src/UserInterface.o
                0x0000000000408d9c                UI::UpdateHomedStatus(int, bool)
 .text._ZN2UI12UpdateZProbeEPKc
                0x0000000000408ddc       0x3c ./src/UserInterface.o
                0x0000000000408ddc                UI::UpdateZProbe(char const*)
 .text._ZN2UI17UpdateMachineNameEPKc
                0x0000000000408e18       0x3c ./src/UserInterface.o
                0x0000000000408e18                UI::UpdateMachineName(char const*)
 .text._ZN2UI16UpdateFanPercentEi
                0x0000000000408e54       0x14 ./src/UserInterface.o
                0x0000000000408e54                UI::UpdateFanPercent(int)
 .text._ZN2UI23UpdateActiveTemperatureEji
                0x0000000000408e68       0x18 ./src/UserInterface.o
                0x0000000000408e68                UI::UpdateActiveTemperature(unsigned int, int)
 .text._ZN2UI24UpdateStandbyTemperatureEji
                0x0000000000408e80       0x18 ./src/UserInterface.o
                0x0000000000408e80                UI::UpdateStandbyTemperature(unsigned int, int)
 .text._ZN2UI21UpdateExtrusionFactorEji
                0x0000000000408e98       0x18 ./src/UserInterface.o
                0x0000000000408e98                UI::UpdateExtrusionFactor(unsigned int, int)
 .text._ZN2UI18UpdateSpeedPercentEi
                0x0000000000408eb0       0x14 ./src/UserInterface.o
                0x0000000000408eb0                UI::UpdateSpeedPercent(int)
 .text._ZN2UI10ClearAlertEv
                0x0000000000408ec4       0x38 ./src/UserInterface.o
                0x0000000000408ec4                UI::ClearAlert()
 .text._ZN2UI4SpinEv
                0x0000000000408efc       0x50 ./src/UserInterface.o
                0x0000000000408efc                UI::Spin()
 .text._ZN2UI13CanDimDisplayEv
                0x0000000000408f4c       0x14 ./src/UserInterface.o
                0x0000000000408f4c                UI::CanDimDisplay()
 .text._ZN2UI12FileSelectedEPKc
                0x0000000000408f60       0xb0 ./src/UserInterface.o
                0x0000000000408f60                UI::FileSelected(char const*)
 .text._ZN2UI22UpdateFileObjectHeightEf
                0x0000000000409010       0x14 ./src/UserInterface.o
                0x0000000000409010                UI::UpdateFileObjectHeight(float)
 .text._ZN2UI21UpdateFileLayerHeightEf
                0x0000000000409024       0x14 ./src/UserInterface.o
                0x0000000000409024                UI::UpdateFileLayerHeight(float)
 .text._ZN2UI14UpdateFileSizeEi
                0x0000000000409038       0x14 ./src/UserInterface.o
                0x0000000000409038                UI::UpdateFileSize(int)
 .text._ZN2UI18UpdateFileFilamentEi
                0x000000000040904c       0x14 ./src/UserInterface.o
                0x000000000040904c                UI::UpdateFileFilament(int)
 .text._ZN2UI20IsDisplayingFileInfoEv
                0x0000000000409060       0x10 ./src/UserInterface.o
                0x0000000000409060                UI::IsDisplayingFileInfo()
 .text._ZN2UI23FirmwareFeaturesChangedEm
                0x0000000000409070       0x30 ./src/UserInterface.o
                0x0000000000409070                UI::FirmwareFeaturesChanged(unsigned long)
 .text._ZN2UI20OnButtonPressTimeoutEv
                0x00000000004090a0       0x14 ./src/UserInterface.o
                0x00000000004090a0                UI::OnButtonPressTimeout()
 .text._ZN2UI24DisplayFilesOrMacrosListEbij
                0x00000000004090b4       0x5c ./src/UserInterface.o
                0x00000000004090b4                UI::DisplayFilesOrMacrosList(bool, int, unsigned int)
 .text._ZN2UI14FileListLoadedEbi
                0x0000000000409110       0x40 ./src/UserInterface.o
                0x0000000000409110                UI::FileListLoaded(bool, int)
 .text._ZN2UI20EnableFileNavButtonsEbbbb
                0x0000000000409150       0x44 ./src/UserInterface.o
                0x0000000000409150                UI::EnableFileNavButtons(bool, bool, bool, bool)
 .text._ZN2UI16UpdateFileButtonEbjPKcS1_
                0x0000000000409194       0x48 ./src/UserInterface.o
                0x0000000000409194                UI::UpdateFileButton(bool, unsigned int, char const*, char const*)
 .text._ZN2UI19GetNumScrolledFilesEb
                0x00000000004091dc        0x4 ./src/UserInterface.o
                0x00000000004091dc                UI::GetNumScrolledFiles(bool)
 .text._ZN2UI17SetBabystepOffsetEf
                0x00000000004091e0       0x14 ./src/UserInterface.o
                0x00000000004091e0                UI::SetBabystepOffset(float)
 .text._ZN6StringILj50EE3catEPKc
                0x00000000004091f4       0x1e ./src/UserInterface.o
                0x00000000004091f4                String<50u>::cat(char const*)
 *fill*         0x0000000000409212        0x2 
 .text._ZN2UI25UpdateFileGeneratedByTextEPKc
                0x0000000000409214       0x2c ./src/UserInterface.o
                0x0000000000409214                UI::UpdateFileGeneratedByText(char const*)
 .text._ZN6StringILj50EE4catfEPKcz
                0x0000000000409240       0x40 ./src/UserInterface.o
                0x0000000000409240                String<50u>::catf(char const*, ...)
 .text._ZN2UIL14AppendTimeLeftEi
                0x0000000000409280       0x6c ./src/UserInterface.o
 .text._ZN2UI15UpdateTimesLeftEjj
                0x00000000004092ec       0x88 ./src/UserInterface.o
                0x00000000004092ec                UI::UpdateTimesLeft(unsigned int, unsigned int)
 .text._ZN6StringILj12EE6printfEPKcz
                0x0000000000409374       0x38 ./src/UserInterface.o
                0x0000000000409374                String<12u>::printf(char const*, ...)
 .text._ZN2UI19UpdatePrintTimeTextEmb
                0x00000000004093ac       0x78 ./src/UserInterface.o
                0x00000000004093ac                UI::UpdatePrintTimeText(unsigned long, bool)
 .text._ZN6StringILj55EE3catEPKc
                0x0000000000409424       0x1e ./src/UserInterface.o
                0x0000000000409424                String<55u>::cat(char const*)
 *fill*         0x0000000000409442        0x2 
 .text._ZN10AlertPopup3SetEPKcS1_lm
                0x0000000000409444       0xc0 ./src/UserInterface.o
                0x0000000000409444                AlertPopup::Set(char const*, char const*, long, unsigned long)
 .text._ZN2UI12ProcessAlertERK5Alert
                0x0000000000409504       0x98 ./src/UserInterface.o
                0x0000000000409504                UI::ProcessAlert(Alert const&)
 .text._ZN2UI18ProcessSimpleAlertEPKc
                0x000000000040959c       0x7c ./src/UserInterface.o
                0x000000000040959c                UI::ProcessSimpleAlert(char const*)
 .text._ZN6StringILj40EE3catEPKc
                0x0000000000409618       0x1e ./src/UserInterface.o
                0x0000000000409618                String<40u>::cat(char const*)
 *fill*         0x0000000000409636        0x2 
 .text._ZN2UI23PrintingFilenameChangedEPKc
                0x0000000000409638       0x5c ./src/UserInterface.o
                0x0000000000409638                UI::PrintingFilenameChanged(char const*)
 .text._ZN6StringILj20EE3catEPKc
                0x0000000000409694       0x1e ./src/UserInterface.o
                0x0000000000409694                String<20u>::cat(char const*)
 *fill*         0x00000000004096b2        0x2 
 .text._ZN2UI20UpdateMacroShortListEjPKc
                0x00000000004096b4       0x90 ./src/UserInterface.o
                0x00000000004096b4                UI::UpdateMacroShortList(unsigned int, char const*)
 .text._ZN2UI26UpdateFileLastModifiedTextEPKc
                0x0000000000409744       0x44 ./src/UserInterface.o
                0x0000000000409744                UI::UpdateFileLastModifiedText(char const*)
 .text.startup._GLOBAL__sub_I_fwVersionField
                0x0000000000409788       0xbc ./src/UserInterface.o
 .text._ZN2UI10ChangePageEP10ButtonBase
                0x0000000000409844      0x118 ./src/UserInterface.o
                0x0000000000409844                UI::ChangePage(ButtonBase*)
 .text._ZN2UI12ChangeStatusE13PrinterStatusS0_
                0x000000000040995c       0xa4 ./src/UserInterface.o
                0x000000000040995c                UI::ChangeStatus(PrinterStatus, PrinterStatus)
 .text._ZN2UI12PrintStartedEv
                0x0000000000409a00       0x10 ./src/UserInterface.o
                0x0000000000409a00                UI::PrintStarted()
 .text._ZN2UI15ShowDefaultPageEv
                0x0000000000409a10       0x10 ./src/UserInterface.o
                0x0000000000409a10                UI::ShowDefaultPage()
 .text._ZN2UI12ProcessTouchE11ButtonPress
                0x0000000000409a20      0xa80 ./src/UserInterface.o
                0x0000000000409a20                UI::ProcessTouch(ButtonPress)
 .text._ZN2UI24ProcessTouchOutsidePopupE11ButtonPress
                0x000000000040a4a0      0x104 ./src/UserInterface.o
                0x000000000040a4a0                UI::ProcessTouchOutsidePopup(ButtonPress)
 .text._ZN2UI29AdjustControlPageMacroButtonsEv
                0x000000000040a5a4       0xd0 ./src/UserInterface.o
                0x000000000040a5a4                UI::AdjustControlPageMacroButtons()
 .text._ZN2UI13SetNumHeatersEj
                0x000000000040a674       0xcc ./src/UserInterface.o
                0x000000000040a674                UI::SetNumHeaters(unsigned int)
 .text._ZN2UI11SetNumToolsEj
                0x000000000040a740       0x48 ./src/UserInterface.o
                0x000000000040a740                UI::SetNumTools(unsigned int)
 .text          0x000000000040a788      0x378 /opt/x-tools/gcc-arm-none-eabi-7-2018-q2-update/bin/../lib/gcc/arm-none-eabi/7.3.1/thumb/v7e-m/libgcc.a(_arm_addsubdf3.o)
                0x000000000040a788                __aeabi_drsub
                0x000000000040a790                __aeabi_dsub
                0x000000000040a790                __subdf3
                0x000000000040a794                __adddf3
                0x000000000040a794                __aeabi_dadd
                0x000000000040aa0c                __aeabi_ui2d
                0x000000000040aa0c                __floatunsidf
                0x000000000040aa2c                __floatsidf
                0x000000000040aa2c                __aeabi_i2d
                0x000000000040aa50                __extendsfdf2
                0x000000000040aa50                __aeabi_f2d
                0x000000000040aa94                __aeabi_ul2d
                0x000000000040aa94                __floatundidf
                0x000000000040aaa4                __floatdidf
                0x000000000040aaa4                __aeabi_l2d
 .text          0x000000000040ab00      0x424 /opt/x-tools/gcc-arm-none-eabi-7-2018-q2-update/bin/../lib/gcc/arm-none-eabi/7.3.1/thumb/v7e-m/libgcc.a(_arm_muldivdf3.o)
                0x000000000040ab00                __aeabi_dmul
                0x000000000040ab00                __muldf3
                0x000000000040ad54                __aeabi_ddiv
                0x000000000040ad54                __divdf3
 .text          0x000000000040af24       0x50 /opt/x-tools/gcc-arm-none-eabi-7-2018-q2-update/bin/../lib/gcc/arm-none-eabi/7.3.1/thumb/v7e-m/libgcc.a(_arm_fixdfsi.o)
                0x000000000040af24                __fixdfsi
                0x000000000040af24                __aeabi_d2iz
 .text          0x000000000040af74       0x40 /opt/x-tools/gcc-arm-none-eabi-7-2018-q2-update/bin/../lib/gcc/arm-none-eabi/7.3.1/thumb/v7e-m/libgcc.a(_arm_fixunsdfsi.o)
                0x000000000040af74                __fixunsdfsi
                0x000000000040af74                __aeabi_d2uiz
 .text          0x000000000040afb4       0xa0 /opt/x-tools/gcc-arm-none-eabi-7-2018-q2-update/bin/../lib/gcc/arm-none-eabi/7.3.1/thumb/v7e-m/libgcc.a(_arm_truncdfsf2.o)
                0x000000000040afb4                __aeabi_d2f
                0x000000000040afb4                __truncdfsf2
 .text          0x000000000040b054      0x21c /opt/x-tools/gcc-arm-none-eabi-7-2018-q2-update/bin/../lib/gcc/arm-none-eabi/7.3.1/thumb/v7e-m/libgcc.a(_arm_addsubsf3.o)
                0x000000000040b054                __aeabi_frsub
                0x000000000040b05c                __subsf3
                0x000000000040b05c                __aeabi_fsub
                0x000000000040b060                __aeabi_fadd
                0x000000000040b060                __addsf3
                0x000000000040b1c0                __aeabi_ui2f
                0x000000000040b1c0                __floatunsisf
                0x000000000040b1c8                __aeabi_i2f
                0x000000000040b1c8                __floatsisf
                0x000000000040b1e4                __floatundisf
                0x000000000040b1e4                __aeabi_ul2f
                0x000000000040b1f4                __floatdisf
                0x000000000040b1f4                __aeabi_l2f
 .text          0x000000000040b270      0x2a0 /opt/x-tools/gcc-arm-none-eabi-7-2018-q2-update/bin/../lib/gcc/arm-none-eabi/7.3.1/thumb/v7e-m/libgcc.a(_arm_muldivsf3.o)
                0x000000000040b270                __mulsf3
                0x000000000040b270                __aeabi_fmul
                0x000000000040b3d8                __divsf3
                0x000000000040b3d8                __aeabi_fdiv
 .text          0x000000000040b510       0xec /opt/x-tools/gcc-arm-none-eabi-7-2018-q2-update/bin/../lib/gcc/arm-none-eabi/7.3.1/thumb/v7e-m/libgcc.a(_arm_cmpsf2.o)
                0x000000000040b510                __gtsf2
                0x000000000040b510                __gesf2
                0x000000000040b518                __lesf2
                0x000000000040b518                __ltsf2
                0x000000000040b520                __nesf2
                0x000000000040b520                __eqsf2
                0x000000000040b520                __cmpsf2
                0x000000000040b580                __aeabi_cfrcmple
                0x000000000040b588                __aeabi_cfcmple
                0x000000000040b588                __aeabi_cfcmpeq
                0x000000000040b598                __aeabi_fcmpeq
                0x000000000040b5ac                __aeabi_fcmplt
                0x000000000040b5c0                __aeabi_fcmple
                0x000000000040b5d4                __aeabi_fcmpge
                0x000000000040b5e8                __aeabi_fcmpgt
 .text          0x000000000040b5fc       0x2c /opt/x-tools/gcc-arm-none-eabi-7-2018-q2-update/bin/../lib/gcc/arm-none-eabi/7.3.1/thumb/v7e-m/libgcc.a(_arm_unordsf2.o)
                0x000000000040b5fc                __aeabi_fcmpun
                0x000000000040b5fc                __unordsf2
 .text          0x000000000040b628       0x4c /opt/x-tools/gcc-arm-none-eabi-7-2018-q2-update/bin/../lib/gcc/arm-none-eabi/7.3.1/thumb/v7e-m/libgcc.a(_arm_fixsfsi.o)
                0x000000000040b628                __fixsfsi
                0x000000000040b628                __aeabi_f2iz
 .text          0x000000000040b674       0x40 /opt/x-tools/gcc-arm-none-eabi-7-2018-q2-update/bin/../lib/gcc/arm-none-eabi/7.3.1/thumb/v7e-m/libgcc.a(_arm_fixunssfsi.o)
                0x000000000040b674                __aeabi_f2uiz
                0x000000000040b674                __fixunssfsi
 .text.__libc_init_array
                0x000000000040b6b4       0x48 /opt/x-tools/gcc-arm-none-eabi-7-2018-q2-update/bin/../lib/gcc/arm-none-eabi/7.3.1/../../../../arm-none-eabi/lib/thumb/v7e-m/libc_nano.a(lib_a-init.o)
                0x000000000040b6b4                __libc_init_array
 .text.memcmp   0x000000000040b6fc       0x1e /opt/x-tools/gcc-arm-none-eabi-7-2018-q2-update/bin/../lib/gcc/arm-none-eabi/7.3.1/../../../../arm-none-eabi/lib/thumb/v7e-m/libc_nano.a(lib_a-memcmp.o)
                0x000000000040b6fc                memcmp
 .text.memcpy   0x000000000040b71a       0x16 /opt/x-tools/gcc-arm-none-eabi-7-2018-q2-update/bin/../lib/gcc/arm-none-eabi/7.3.1/../../../../arm-none-eabi/lib/thumb/v7e-m/libc_nano.a(lib_a-memcpy-stub.o)
                0x000000000040b71a                memcpy
 .text.memset   0x000000000040b730       0x10 /opt/x-tools/gcc-arm-none-eabi-7-2018-q2-update/bin/../lib/gcc/arm-none-eabi/7.3.1/../../../../arm-none-eabi/lib/thumb/v7e-m/libc_nano.a(lib_a-memset.o)
                0x000000000040b730                memset
 .text.snprintf
                0x000000000040b740       0x68 /opt/x-tools/gcc-arm-none-eabi-7-2018-q2-update/bin/../lib/gcc/arm-none-eabi/7.3.1/../../../../arm-none-eabi/lib/thumb/v7e-m/libc_nano.a(lib_a-snprintf.o)
                0x000000000040b740                snprintf
                0x000000000040b740                sniprintf
 .text.strcasecmp
                0x000000000040b7a8       0x3c /opt/x-tools/gcc-arm-none-eabi-7-2018-q2-update/bin/../lib/gcc/arm-none-eabi/7.3.1/../../../../arm-none-eabi/lib/thumb/v7e-m/libc_nano.a(lib_a-strcasecmp.o)
                0x000000000040b7a8                strcasecmp
 .text.strchr   0x000000000040b7e4       0x1a /opt/x-tools/gcc-arm-none-eabi-7-2018-q2-update/bin/../lib/gcc/arm-none-eabi/7.3.1/../../../../arm-none-eabi/lib/thumb/v7e-m/libc_nano.a(lib_a-strchr.o)
                0x000000000040b7e4                strchr
 .text          0x000000000040b7fe       0x14 /opt/x-tools/gcc-arm-none-eabi-7-2018-q2-update/bin/../lib/gcc/arm-none-eabi/7.3.1/../../../../arm-none-eabi/lib/thumb/v7e-m/libc_nano.a(lib_a-strcmp.o)
                0x000000000040b7fe                strcmp
 .text          0x000000000040b812       0x10 /opt/x-tools/gcc-arm-none-eabi-7-2018-q2-update/bin/../lib/gcc/arm-none-eabi/7.3.1/../../../../arm-none-eabi/lib/thumb/v7e-m/libc_nano.a(lib_a-strlen.o)
                0x000000000040b812                strlen